Component: ARM Compiler 5.06 update 5 (build 528) Tool: armlink [4d35e2]

==============================================================================

Section Cross References

    startup_stm32f10x_md.o(STACK) refers (Special) to heapauxi.o(.text) for __use_two_region_memory
    startup_stm32f10x_md.o(HEAP) refers (Special) to heapauxi.o(.text) for __use_two_region_memory
    startup_stm32f10x_md.o(RESET) refers (Special) to heapauxi.o(.text) for __use_two_region_memory
    startup_stm32f10x_md.o(RESET) refers to startup_stm32f10x_md.o(STACK) for __initial_sp
    startup_stm32f10x_md.o(RESET) refers to startup_stm32f10x_md.o(.text) for Reset_Handler
    startup_stm32f10x_md.o(RESET) refers to stm32f10x_it.o(i.NMI_Handler) for NMI_Handler
    startup_stm32f10x_md.o(RESET) refers to stm32f10x_it.o(i.HardFault_Handler) for HardFault_Handler
    startup_stm32f10x_md.o(RESET) refers to stm32f10x_it.o(i.MemManage_Handler) for MemManage_Handler
    startup_stm32f10x_md.o(RESET) refers to stm32f10x_it.o(i.BusFault_Handler) for BusFault_Handler
    startup_stm32f10x_md.o(RESET) refers to stm32f10x_it.o(i.UsageFault_Handler) for UsageFault_Handler
    startup_stm32f10x_md.o(RESET) refers to stm32f10x_it.o(i.SVC_Handler) for SVC_Handler
    startup_stm32f10x_md.o(RESET) refers to stm32f10x_it.o(i.DebugMon_Handler) for DebugMon_Handler
    startup_stm32f10x_md.o(RESET) refers to stm32f10x_it.o(i.PendSV_Handler) for PendSV_Handler
    startup_stm32f10x_md.o(RESET) refers to stm32f10x_it.o(i.SysTick_Handler) for SysTick_Handler
    startup_stm32f10x_md.o(.text) refers (Special) to heapauxi.o(.text) for __use_two_region_memory
    startup_stm32f10x_md.o(.text) refers to system_stm32f10x.o(i.SystemInit) for SystemInit
    startup_stm32f10x_md.o(.text) refers to __main.o(!!!main) for __main
    startup_stm32f10x_md.o(.text) refers to startup_stm32f10x_md.o(HEAP) for Heap_Mem
    startup_stm32f10x_md.o(.text) refers to startup_stm32f10x_md.o(STACK) for Stack_Mem
    system_stm32f10x.o(i.SetSysClock) refers to system_stm32f10x.o(i.SetSysClockTo72) for SetSysClockTo72
    system_stm32f10x.o(i.SystemCoreClockUpdate) refers to system_stm32f10x.o(.data) for SystemCoreClock
    system_stm32f10x.o(i.SystemInit) refers to system_stm32f10x.o(i.SetSysClock) for SetSysClock
    stm32f10x_adc.o(i.ADC_DeInit) refers to stm32f10x_rcc.o(i.RCC_APB2PeriphResetCmd) for RCC_APB2PeriphResetCmd
    stm32f10x_bkp.o(i.BKP_DeInit) refers to stm32f10x_rcc.o(i.RCC_BackupResetCmd) for RCC_BackupResetCmd
    stm32f10x_can.o(i.CAN_DeInit) refers to stm32f10x_rcc.o(i.RCC_APB1PeriphResetCmd) for RCC_APB1PeriphResetCmd
    stm32f10x_can.o(i.CAN_GetITStatus) refers to stm32f10x_can.o(i.CheckITStatus) for CheckITStatus
    stm32f10x_cec.o(i.CEC_DeInit) refers to stm32f10x_rcc.o(i.RCC_APB1PeriphResetCmd) for RCC_APB1PeriphResetCmd
    stm32f10x_dac.o(i.DAC_DeInit) refers to stm32f10x_rcc.o(i.RCC_APB1PeriphResetCmd) for RCC_APB1PeriphResetCmd
    stm32f10x_flash.o(i.FLASH_EnableWriteProtection) refers to stm32f10x_flash.o(i.FLASH_WaitForLastOperation) for FLASH_WaitForLastOperation
    stm32f10x_flash.o(i.FLASH_EraseAllBank1Pages) refers to stm32f10x_flash.o(i.FLASH_WaitForLastBank1Operation) for FLASH_WaitForLastBank1Operation
    stm32f10x_flash.o(i.FLASH_EraseAllPages) refers to stm32f10x_flash.o(i.FLASH_WaitForLastOperation) for FLASH_WaitForLastOperation
    stm32f10x_flash.o(i.FLASH_EraseOptionBytes) refers to stm32f10x_flash.o(i.FLASH_GetReadOutProtectionStatus) for FLASH_GetReadOutProtectionStatus
    stm32f10x_flash.o(i.FLASH_EraseOptionBytes) refers to stm32f10x_flash.o(i.FLASH_WaitForLastOperation) for FLASH_WaitForLastOperation
    stm32f10x_flash.o(i.FLASH_ErasePage) refers to stm32f10x_flash.o(i.FLASH_WaitForLastOperation) for FLASH_WaitForLastOperation
    stm32f10x_flash.o(i.FLASH_ProgramHalfWord) refers to stm32f10x_flash.o(i.FLASH_WaitForLastOperation) for FLASH_WaitForLastOperation
    stm32f10x_flash.o(i.FLASH_ProgramOptionByteData) refers to stm32f10x_flash.o(i.FLASH_WaitForLastOperation) for FLASH_WaitForLastOperation
    stm32f10x_flash.o(i.FLASH_ProgramWord) refers to stm32f10x_flash.o(i.FLASH_WaitForLastOperation) for FLASH_WaitForLastOperation
    stm32f10x_flash.o(i.FLASH_ReadOutProtection) refers to stm32f10x_flash.o(i.FLASH_WaitForLastOperation) for FLASH_WaitForLastOperation
    stm32f10x_flash.o(i.FLASH_UserOptionByteConfig) refers to stm32f10x_flash.o(i.FLASH_WaitForLastOperation) for FLASH_WaitForLastOperation
    stm32f10x_flash.o(i.FLASH_WaitForLastBank1Operation) refers to stm32f10x_flash.o(i.FLASH_GetBank1Status) for FLASH_GetBank1Status
    stm32f10x_flash.o(i.FLASH_WaitForLastOperation) refers to stm32f10x_flash.o(i.FLASH_GetBank1Status) for FLASH_GetBank1Status
    stm32f10x_gpio.o(i.GPIO_AFIODeInit) refers to stm32f10x_rcc.o(i.RCC_APB2PeriphResetCmd) for RCC_APB2PeriphResetCmd
    stm32f10x_gpio.o(i.GPIO_DeInit) refers to stm32f10x_rcc.o(i.RCC_APB2PeriphResetCmd) for RCC_APB2PeriphResetCmd
[...]
    Camera_GetPos                            0x08000a71   Thumb Code    24  camera.o(i.Camera_GetPos)
    Camera_Init                              0x08000a89   Thumb Code   434  camera.o(i.Camera_Init)
    Camera_LeftPan                           0x08000c59   Thumb Code   306  camera.o(i.Camera_LeftPan)
    Camera_Render                            0x08000d91   Thumb Code  1202  camera.o(i.Camera_Render)
    Camera_RightPan                          0x08001245   Thumb Code   368  camera.o(i.Camera_RightPan)
    Canvas_GetUnit                           0x080013b9   Thumb Code    38  canvas.o(i.Canvas_GetUnit)
    Canvas_PixelOperate                      0x080013e5   Thumb Code   106  canvas.o(i.Canvas_PixelOperate)
    Canvas_SetCanvasModeToRedirect           0x08001451   Thumb Code    28  canvas.o(i.Canvas_SetCanvasModeToRedirect)
    Celi_DefaultRender                       0x08001475   Thumb Code     8  camera.o(i.Celi_DefaultRender)
    CeruleanBird_EngineRender                0x0800147d   Thumb Code    38  ceruleanbird.o(i.CeruleanBird_EngineRender)
    CloseEnemy_Create                        0x080014a5   Thumb Code   258  enemy.o(i.CloseEnemy_Create)
    CloseEnemy_Init                          0x080015ad   Thumb Code   356  enemy.o(i.CloseEnemy_Init)
    DebugMon_Handler                         0x08001719   Thumb Code     2  stm32f10x_it.o(i.DebugMon_Handler)
    DeleteBlackLeafNodeWithRedSibling        0x0800171b   Thumb Code    70  rb_tree.o(i.DeleteBlackLeafNodeWithRedSibling)
    DeleteNodeWithOneChild                   0x08001761   Thumb Code    70  rb_tree.o(i.DeleteNodeWithOneChild)
    DeleteRedLeafNode                        0x080017a7   Thumb Code    32  rb_tree.o(i.DeleteRedLeafNode)
    DeleteWhenHasRedNephews                  0x080017c7   Thumb Code   180  rb_tree.o(i.DeleteWhenHasRedNephews)
    EnemyQuantityControl                     0x0800187d   Thumb Code   272  main.o(i.EnemyQuantityControl)
    EngineFault_ExceptionEnumParam_Handle    0x0800199d   Thumb Code     4  enginefault.o(i.EngineFault_ExceptionEnumParam_Handle)
    EngineFault_IllegalAccess_Handle         0x080019a1   Thumb Code     4  enginefault.o(i.EngineFault_IllegalAccess_Handle)
    EngineFault_IllegalFree_Handle           0x080019a5   Thumb Code     4  enginefault.o(i.EngineFault_IllegalFree_Handle)
    EngineFault_NullPointerGuard_Handle      0x080019a9   Thumb Code     4  enginefault.o(i.EngineFault_NullPointerGuard_Handle)
    ExecuteBehaviorTree                      0x080019ad   Thumb Code   212  sprites_behaviortree.o(i.ExecuteBehaviorTree)
    FindTargetNode                           0x08001a81   Thumb Code    64  rb_tree.o(i.FindTargetNode)
    Floor_DefaultRender                      0x08001ac1   Thumb Code    98  camera.o(i.Floor_DefaultRender)
    Font_Read                                0x08001b25   Thumb Code    74  mistink.o(i.Font_Read)
    FreeHandle                               0x08001b75   Thumb Code    12  main.o(i.FreeHandle)
    FrmRS_deltaTime_Get                      0x08001b81   Thumb Code    22  frameratestrategy.o(i.FrmRS_deltaTime_Get)
    FrmRS_deltaTime_Init                     0x08001b9d   Thumb Code   114  frameratestrategy.o(i.FrmRS_deltaTime_Init)
    FrmRS_deltaTime_Trigger                  0x08001c15   Thumb Code   168  frameratestrategy.o(i.FrmRS_deltaTime_Trigger)
    GPIO_Init                                0x08001cc5   Thumb Code   278  stm32f10x_gpio.o(i.GPIO_Init)
    GPIO_ReadInputDataBit                    0x08001ddb   Thumb Code    18  stm32f10x_gpio.o(i.GPIO_ReadInputDataBit)
    GPIO_ResetBits                           0x08001ded   Thumb Code     4  stm32f10x_gpio.o(i.GPIO_ResetBits)
    GPIO_SetBits                             0x08001df1   Thumb Code     4  stm32f10x_gpio.o(i.GPIO_SetBits)
    GetEnemy                                 0x08001df5   Thumb Code   414  enemy.o(i.GetEnemy)
    Get_Key                                  0x08001f9d   Thumb Code   134  key.o(i.Get_Key)
    HandleNodeWithTwoChildren                0x0800202d   Thumb Code    30  rb_tree.o(i.HandleNodeWithTwoChildren)
    HardFault_Handler                        0x0800204b   Thumb Code     4  stm32f10x_it.o(i.HardFault_Handler)
    Key_Init                                 0x08002051   Thumb Code    50  key.o(i.Key_Init)
    LongEnemy_Create                         0x0800208d   Thumb Code   228  enemy.o(i.LongEnemy_Create)
    LongEnemy_Init                           0x08002175   Thumb Code   356  enemy.o(i.LongEnemy_Init)
    LongPri_Init                             0x080022e1   Thumb Code    54  enemy.o(i.LongPri_Init)
    Long_Anim_Create                         0x0800231d   Thumb Code   518  enemy.o(i.Long_Anim_Create)
    Long_Logic_Create                        0x080025a9   Thumb Code   266  enemy.o(i.Long_Logic_Create)
    M_Int                                    0x080026d5   Thumb Code    44  mistink.o(i.M_Int)
    M_String                                 0x08002705   Thumb Code   216  mistink.o(i.M_String)
    MemManage_Handler                        0x080027dd   Thumb Code     4  stm32f10x_it.o(i.MemManage_Handler)
    Minimap                                  0x080027e1   Thumb Code   304  enemy.o(i.Minimap)
    MistinkDisplayer_BufferOutput            0x0800291d   Thumb Code    16  mistink_displayer.o(i.MistinkDisplayer_BufferOutput)
    MistinkDisplayer_Create                  0x0800292d   Thumb Code    92  mistink_displayer.o(i.MistinkDisplayer_Create)
    MistinkOP_BufferReset                    0x08002989   Thumb Code    34  mistink.o(i.MistinkOP_BufferReset)
    MistinkOP_GetBufferAPI                   0x080029ab   Thumb Code    12  mistink.o(i.MistinkOP_GetBufferAPI)
    MistinkPixel_Operate                     0x080029b7   Thumb Code    92  mistink.o(i.MistinkPixel_Operate)
    NMI_Handler                              0x08002a13   Thumb Code     2  stm32f10x_it.o(i.NMI_Handler)
    NodeColor                                0x08002a15   Thumb Code    12  rb_tree.o(i.NodeColor)
    OLED_BufferOutput                        0x08002a21   Thumb Code    78  m_stm32f103c8t6.o(i.OLED_BufferOutput)
    OLED_Clear                               0x08002a6f   Thumb Code    64  m_stm32f103c8t6.o(i.OLED_Clear)
    OLED_Init                                0x08002ab1   Thumb Code   236  m_stm32f103c8t6.o(i.OLED_Init)
    OLED_Port_Init                           0x08002ba5   Thumb Code   172  m_stm32f103c8t6.o(i.OLED_Port_Init)
    OLED_WR_Byte                             0x08002c59   Thumb Code    80  m_stm32f103c8t6.o(i.OLED_WR_Byte)
    PendSV_Handler                           0x08002cb1   Thumb Code     2  stm32f10x_it.o(i.PendSV_Handler)
    PrifreeHandle                            0x08002cb3   Thumb Code    12  enemy.o(i.PrifreeHandle)
    RCC_APB1PeriphClockCmd                   0x08002cc1   Thumb Code    26  stm32f10x_rcc.o(i.RCC_APB1PeriphClockCmd)
    RCC_APB2PeriphClockCmd                   0x08002ce1   Thumb Code    26  stm32f10x_rcc.o(i.RCC_APB2PeriphClockCmd)
    RandPos                                  0x08002d01   Thumb Code   134  enemy.o(i.RandPos)
    SBT_ExecuteHandle_AttackRangeMoveAct     0x08002d8d   Thumb Code   592  enemy.o(i.SBT_ExecuteHandle_AttackRangeMoveAct)
    SBT_ExecuteHandle_AttackRangeMoveAct_close 0x08002ff5   Thumb Code  1240  enemy.o(i.SBT_ExecuteHandle_AttackRangeMoveAct_close)
    SBT_ExecuteHandle_Close_Attack           0x080034cd   Thumb Code   176  enemy.o(i.SBT_ExecuteHandle_Close_Attack)
    SBT_ExecuteHandle_Close_Die              0x08003581   Thumb Code   106  enemy.o(i.SBT_ExecuteHandle_Close_Die)
    SBT_ExecuteHandle_Close_Hit              0x080035fd   Thumb Code    90  enemy.o(i.SBT_ExecuteHandle_Close_Hit)
    SBT_ExecuteHandle_Close_Move             0x08003661   Thumb Code   678  enemy.o(i.SBT_ExecuteHandle_Close_Move)
    SBT_ExecuteHandle_IsAttackCooldownOver   0x08003935   Thumb Code    62  enemy.o(i.SBT_ExecuteHandle_IsAttackCooldownOver)
    SBT_ExecuteHandle_IsAttackCooldownOver_close 0x08003979   Thumb Code    62  enemy.o(i.SBT_ExecuteHandle_IsAttackCooldownOver_close)
    SBT_ExecuteHandle_IsPlayerInAttackRange  0x080039bd   Thumb Code   154  enemy.o(i.SBT_ExecuteHandle_IsPlayerInAttackRange)
    SBT_ExecuteHandle_IsPlayerInAttackRange_close 0x08003a5d   Thumb Code   154  enemy.o(i.SBT_ExecuteHandle_IsPlayerInAttackRange_close)
    SBT_ExecuteHandle_Long_Attack            0x08003afd   Thumb Code    88  enemy.o(i.SBT_ExecuteHandle_Long_Attack)
    SBT_ExecuteHandle_Long_Die               0x08003b5d   Thumb Code   106  enemy.o(i.SBT_ExecuteHandle_Long_Die)
    SBT_ExecuteHandle_Long_Hit               0x08003bd9   Thumb Code    96  enemy.o(i.SBT_ExecuteHandle_Long_Hit)
    SBT_ExecuteHandle_Long_Move              0x08003c41   Thumb Code   678  enemy.o(i.SBT_ExecuteHandle_Long_Move)
    SBT_ExecuteHandle_basketball             0x08003f15   Thumb Code   292  enemy.o(i.SBT_ExecuteHandle_basketball)
    SBT_ExecuteHandle_bullet                 0x0800403d   Thumb Code   498  pistol.o(i.SBT_ExecuteHandle_bullet)
    SIT_MapIndexHandle_Close                 0x08004241   Thumb Code    30  enemy.o(i.SIT_MapIndexHandle_Close)
    SIT_MapIndexHandle_Long                  0x0800425f   Thumb Code    30  enemy.o(i.SIT_MapIndexHandle_Long)
    SPI_Cmd                                  0x0800427d   Thumb Code    24  stm32f10x_spi.o(i.SPI_Cmd)
    SPI_I2S_GetFlagStatus                    0x08004295   Thumb Code    18  stm32f10x_spi.o(i.SPI_I2S_GetFlagStatus)
    SPI_I2S_SendData                         0x080042a7   Thumb Code     4  stm32f10x_spi.o(i.SPI_I2S_SendData)
    SPI_Init                                 0x080042ab   Thumb Code    60  stm32f10x_spi.o(i.SPI_Init)
    SSRAnim_Exec                             0x080042e7   Thumb Code    26  camera.o(i.SSRAnim_Exec)
    SSRAnim_FrmAdd                           0x08004301   Thumb Code   320  camera.o(i.SSRAnim_FrmAdd)
    SSRAnim_FrmExtract                       0x08004445   Thumb Code   150  camera.o(i.SSRAnim_FrmExtract)
    SSRAnim_ManagerCreate                    0x080044dd   Thumb Code   176  camera.o(i.SSRAnim_ManagerCreate)
    SSRAnim_Render                           0x08004591   Thumb Code   204  camera.o(i.SSRAnim_Render)
    SSRAnim_RenderEnable                     0x0800465d   Thumb Code    20  camera.o(i.SSRAnim_RenderEnable)
    SSRAnim_SetPos                           0x08004675   Thumb Code    22  camera.o(i.SSRAnim_SetPos)
    SSRAnim_Update                           0x0800468d   Thumb Code   174  camera.o(i.SSRAnim_Update)
    SSR_SetCameraExecAnim                    0x08004741   Thumb Code    80  camera.o(i.SSR_SetCameraExecAnim)
    SVC_Handler                              0x08004795   Thumb Code     2  stm32f10x_it.o(i.SVC_Handler)
    ShootAnim                                0x08004881   Thumb Code    98  main.o(i.ShootAnim)
    ShootTrigger                             0x08004909   Thumb Code    84  main.o(i.ShootTrigger)
    SpritesAnim_CreateManager                0x0800495d   Thumb Code    72  sprites_animation.o(i.SpritesAnim_CreateManager)
    SpritesAnim_CreateNewChain               0x080049a9   Thumb Code   310  sprites_animation.o(i.SpritesAnim_CreateNewChain)
    SpritesAnim_ExtractFrmData               0x08004ae5   Thumb Code   184  sprites_animation.o(i.SpritesAnim_ExtractFrmData)
    SpritesAnim_InsertNewFrm                 0x08004b9d   Thumb Code   322  sprites_animation.o(i.SpritesAnim_InsertNewFrm)
    SpritesAnim_IsEndFrm                     0x08004ce5   Thumb Code    54  sprites_animation.o(i.SpritesAnim_IsEndFrm)
    SpritesAnim_SetAnimType                  0x08004d1b   Thumb Code    18  sprites_animation.o(i.SpritesAnim_SetAnimType)
    SpritesAnim_SwitchChain                  0x08004d2d   Thumb Code    68  sprites_animation.o(i.SpritesAnim_SwitchChain)
    SpritesAnim_Update                       0x08004d71   Thumb Code   134  sprites_animation.o(i.SpritesAnim_Update)
    SpritesBT_Action                         0x08004dfd   Thumb Code    40  sprites_behaviortree.o(i.SpritesBT_Action)
    SpritesBT_Action_ToPhased                0x08004e25   Thumb Code    72  sprites_behaviortree.o(i.SpritesBT_Action_ToPhased)
    SpritesBT_BusExecute                     0x08004e6d   Thumb Code   130  sprites_behaviortree.o(i.SpritesBT_BusExecute)
    SpritesBT_Condition                      0x08004ef5   Thumb Code    34  sprites_behaviortree.o(i.SpritesBT_Condition)
    SpritesBT_Init                           0x08004f19   Thumb Code    82  sprites_behaviortree.o(i.SpritesBT_Init)
    SpritesBT_InsertBehavior                 0x08004f71   Thumb Code   262  sprites_behaviortree.o(i.SpritesBT_InsertBehavior)
    SpritesBT_MountToRoot                    0x08005079   Thumb Code    50  sprites_behaviortree.o(i.SpritesBT_MountToRoot)
    SpritesBT_SelectorCreate                 0x080050b1   Thumb Code    22  sprites_behaviortree.o(i.SpritesBT_SelectorCreate)
    SpritesBT_Sequence                       0x080050c7   Thumb Code    22  sprites_behaviortree.o(i.SpritesBT_Sequence)
    SpritesData_GetPos                       0x080050dd   Thumb Code    38  sprites_logical.o(i.SpritesData_GetPos)
    SpritesIT_Add                            0x08005105   Thumb Code   330  sprites_behaviortree.o(i.SpritesIT_Add)
    SpritesIT_Enable                         0x08005255   Thumb Code    52  sprites_behaviortree.o(i.SpritesIT_Enable)
    SpritesIT_Exec                           0x0800528d   Thumb Code   242  sprites_behaviortree.o(i.SpritesIT_Exec)
    SpritesIT_GetITNode                      0x0800537f   Thumb Code    54  sprites_behaviortree.o(i.SpritesIT_GetITNode)
    SpritesIT_RBStorageStrategyCreate        0x080053b5   Thumb Code   170  sprites_behaviortree.o(i.SpritesIT_RBStorageStrategyCreate)
    SpritesIT_Register                       0x08005461   Thumb Code   130  sprites_behaviortree.o(i.SpritesIT_Register)
    SpritesMov_Forward                       0x080054e9   Thumb Code   236  sprites_logical.o(i.SpritesMov_Forward)
    SpritesMov_SetDir                        0x080055d9   Thumb Code   112  sprites_logical.o(i.SpritesMov_SetDir)
    SpritesMov_SetDirToCamera                0x08005655   Thumb Code   160  sprites_logical.o(i.SpritesMov_SetDirToCamera)
    SpritesMov_SetDirWithCamera              0x08005701   Thumb Code    30  sprites_logical.o(i.SpritesMov_SetDirWithCamera)
    SpritesMov_SetPos                        0x0800571f   Thumb Code    28  sprites_logical.o(i.SpritesMov_SetPos)
    SpritesMov_SetPosToCamera                0x0800573b   Thumb Code    32  sprites_logical.o(i.SpritesMov_SetPosToCamera)
    SpritesMov_SetPosToSprite                0x0800575b   Thumb Code    32  sprites_logical.o(i.SpritesMov_SetPosToSprite)
    SpritesPhased_Exec                       0x0800577b   Thumb Code   136  sprites_behaviortree.o(i.SpritesPhased_Exec)
    SpritesPriv_Add                          0x08005803   Thumb Code    22  sprites_logical.o(i.SpritesPriv_Add)
    SpritesPriv_Get                          0x08005819   Thumb Code    12  sprites_logical.o(i.SpritesPriv_Get)
    SpritesTree_Add                          0x08005825   Thumb Code    72  sprites_logical.o(i.SpritesTree_Add)
    SpritesTree_Init                         0x08005871   Thumb Code   100  sprites_logical.o(i.SpritesTree_Init)
    SpritesTree_NodeExtract                  0x080058dd   Thumb Code    68  sprites_logical.o(i.SpritesTree_NodeExtract)
    SpritesTree_Sort                         0x08005921   Thumb Code   368  sprites_logical.o(i.SpritesTree_Sort)
    Sprites_Awaken                           0x08005a95   Thumb Code    64  sprites_logical.o(i.Sprites_Awaken)
    Sprites_BT_ECNodeCreate                  0x08005add   Thumb Code    58  sprites_behaviortree.o(i.Sprites_BT_ECNodeCreate)
    Sprites_BT_GetChild                      0x08005b17   Thumb Code    50  sprites_behaviortree.o(i.Sprites_BT_GetChild)
    Sprites_BT_LCNodeCreate                  0x08005b49   Thumb Code    30  sprites_behaviortree.o(i.Sprites_BT_LCNodeCreate)
    Sprites_Exec                             0x08005b69   Thumb Code    60  sprites_logical.o(i.Sprites_Exec)
    Sprites_ObjectCreate                     0x08005ba9   Thumb Code   230  sprites_logical.o(i.Sprites_ObjectCreate)
    Sprites_SingleRender                     0x08005c99   Thumb Code  1328  sprites_logical.o(i.Sprites_SingleRender)
    Sprites_SingleUpdate                     0x080061c9   Thumb Code    44  sprites_logical.o(i.Sprites_SingleUpdate)
    Sprites_Sleep                            0x080061f5   Thumb Code    64  sprites_logical.o(i.Sprites_Sleep)
    Sprites_collisionWallValue               0x0800623d   Thumb Code    20  sprites_logical.o(i.Sprites_collisionWallValue)
    StaticMap                                0x08006251   Thumb Code    54  main.o(i.StaticMap)
    SysTick_Handler                          0x08006295   Thumb Code     2  stm32f10x_it.o(i.SysTick_Handler)
    SystemInit                               0x08006299   Thumb Code    78  system_stm32f10x.o(i.SystemInit)
    TIM_Cmd                                  0x080062f9   Thumb Code    24  stm32f10x_tim.o(i.TIM_Cmd)
    TIM_GetCounter                           0x08006311   Thumb Code     6  stm32f10x_tim.o(i.TIM_GetCounter)
    TIM_SetCounter                           0x08006317   Thumb Code     4  stm32f10x_tim.o(i.TIM_SetCounter)
    TIM_TimeBaseInit                         0x0800631d   Thumb Code   122  stm32f10x_tim.o(i.TIM_TimeBaseInit)
    Texture_Add                              0x080063c1   Thumb Code   102  texturemapper.o(i.Texture_Add)
    Texture_Extract                          0x0800642d   Thumb Code   122  texturemapper.o(i.Texture_Extract)
    Texture_GetTexture                       0x080064a9   Thumb Code    20  texturemapper.o(i.Texture_GetTexture)
    TreeDelete                               0x080064c1   Thumb Code   270  rb_tree.o(i.TreeDelete)
    UsageFault_Handler                       0x080065cf   Thumb Code     4  stm32f10x_it.o(i.UsageFault_Handler)
    WorldMap_Add                             0x080065d5   Thumb Code    82  worldmap.o(i.WorldMap_Add)
    WorldMap_Extract                         0x08006631   Thumb Code    42  worldmap.o(i.WorldMap_Extract)
    WorldMap_GetArray                        0x0800665d   Thumb Code    26  worldmap.o(i.WorldMap_GetArray)
    WorldMap_GetColumn                       0x0800667d   Thumb Code    28  worldmap.o(i.WorldMap_GetColumn)
    WorldMap_GetCurrentMapPos                0x0800669d   Thumb Code     6  worldmap.o(i.WorldMap_GetCurrentMapPos)
    WorldMap_GetROW                          0x080066a9   Thumb Code    28  worldmap.o(i.WorldMap_GetROW)
    WorldMap_GetWorldMap                     0x080066c9   Thumb Code    20  worldmap.o(i.WorldMap_GetWorldMap)
    __ARM_fpclassify                         0x080066e1   Thumb Code    40  fpclassify.o(i.__ARM_fpclassify)
    __ieee754_rem_pio2                       0x08006709   Thumb Code   828  rred.o(i.__ieee754_rem_pio2)
    __kernel_cos                             0x08006a91   Thumb Code   230  cos_i.o(i.__kernel_cos)
    __kernel_poly                            0x08006b8d   Thumb Code   170  poly.o(i.__kernel_poly)
    __kernel_sin                             0x08006c39   Thumb Code   224  sin_i.o(i.__kernel_sin)
    __kernel_tan                             0x08006d25   Thumb Code   586  tan_i.o(i.__kernel_tan)
    __mathlib_dbl_infnan                     0x08006fa1   Thumb Code     6  dunder.o(i.__mathlib_dbl_infnan)
    __mathlib_dbl_infnan2                    0x08006fa7   Thumb Code     4  dunder.o(i.__mathlib_dbl_infnan2)
    __mathlib_dbl_invalid                    0x08006fab   Thumb Code    12  dunder.o(i.__mathlib_dbl_invalid)
    __mathlib_dbl_underflow                  0x08006fb9   Thumb Code    10  dunder.o(i.__mathlib_dbl_underflow)
    atan                                     0x08007045   Thumb Code   474  atan.o(i.atan)
    atan2                                    0x08007265   Thumb Code   346  atan2.o(i.atan2)
    basketball_Anim_Create                   0x080073e5   Thumb Code    98  enemy.o(i.basketball_Anim_Create)
    basketball_Logic_Create                  0x08007455   Thumb Code    38  enemy.o(i.basketball_Logic_Create)
    basketball_fire                          0x08007481   Thumb Code   232  enemy.o(i.basketball_fire)
    bitToByte                                0x0800756d   Thumb Code    34  bit_operate.o(i.bitToByte)
    brotherNode                              0x0800758f   Thumb Code    30  rb_tree.o(i.brotherNode)
    bullet_Anim_Create                       0x080075ad   Thumb Code   146  pistol.o(i.bullet_Anim_Create)
    bullet_Logic_Create                      0x08007651   Thumb Code    38  pistol.o(i.bullet_Logic_Create)
    bullet_PrivateFreeHandle                 0x0800767d   Thumb Code    12  pistol.o(i.bullet_PrivateFreeHandle)
    c_free                                   0x08007689   Thumb Code    90  heap_solution_1.o(i.c_free)
    c_malloc                                 0x080076e9   Thumb Code   162  heap_solution_1.o(i.c_malloc)
    c_realloc                                0x08007791   Thumb Code   336  heap_solution_1.o(i.c_realloc)
    calculate_crc8                           0x080078e1   Thumb Code    56  heap_solution_1.o(i.calculate_crc8)
    closePri_Init                            0x08007919   Thumb Code    52  enemy.o(i.closePri_Init)
    close_Anim_Create                        0x08007951   Thumb Code   426  enemy.o(i.close_Anim_Create)
    close_Logic_Create                       0x08007b69   Thumb Code   266  enemy.o(i.close_Logic_Create)
    cos                                      0x08007c95   Thumb Code   148  cos.o(i.cos)
    createNode                               0x08007d31   Thumb Code    38  rb_tree.o(i.createNode)
    fmod                                     0x08007d59   Thumb Code   144  fmod.o(i.fmod)
    frmInit                                  0x08007ded   Thumb Code    54  main.o(i.frmInit)
    getRoot                                  0x08007e29   Thumb Code    22  rb_tree.o(i.getRoot)
    leftRotate                               0x08007e3f   Thumb Code    52  rb_tree.o(i.leftRotate)
    main                                     0x08007e75   Thumb Code   674  main.o(i.main)
    memory_pool_init                         0x08008199   Thumb Code   108  heap_solution_1.o(i.memory_pool_init)
    pistol_Fire                              0x0800820d   Thumb Code   322  pistol.o(i.pistol_Fire)
    pistol_Init                              0x0800836d   Thumb Code   424  pistol.o(i.pistol_Init)
    rbDelete                                 0x08008531   Thumb Code    18  rb_tree.o(i.rbDelete)
    rbInsert                                 0x08008543   Thumb Code   118  rb_tree.o(i.rbInsert)
    rightRotate                              0x080085b9   Thumb Code    52  rb_tree.o(i.rightRotate)
    rotateLeft                               0x080085ed   Thumb Code    34  rb_tree.o(i.rotateLeft)
    rotateRight                              0x0800860f   Thumb Code    34  rb_tree.o(i.rotateRight)
    search                                   0x08008631   Thumb Code    34  rb_tree.o(i.search)
    sin                                      0x08008655   Thumb Code   150  sin.o(i.sin)
    sqrt                                     0x080086f5   Thumb Code    76  sqrt.o(i.sqrt)
    sqrtf                                    0x08008741   Thumb Code    44  sqrtf.o(i.sqrtf)
    tan                                      0x0800876d   Thumb Code    90  tan.o(i.tan)
    tick                                     0x080087d1   Thumb Code    54  main.o(i.tick)
    vector_Create                            0x08008811   Thumb Code    28  vector.o(i.vector_Create)
    vector_Magnitude                         0x0800882d   Thumb Code    18  vector.o(i.vector_Magnitude)
    vector_MagnitudeSquare                   0x0800883f   Thumb Code    62  vector.o(i.vector_MagnitudeSquare)
    vector_Normalize                         0x0800887d   Thumb Code   232  vector.o(i.vector_Normalize)
    vector_Scalar_Div                        0x0800896d   Thumb Code   104  vector.o(i.vector_Scalar_Div)
    verifyBlock                              0x080089dd   Thumb Code    28  heap_solution_1.o(i.verifyBlock)
    __aeabi_d2f                              0x080089f9   Thumb Code     0  d2f.o(x$fpl$d2f)
    _d2f                                     0x080089f9   Thumb Code    98  d2f.o(x$fpl$d2f)
    __aeabi_dadd                             0x08008a5d   Thumb Code     0  daddsub_clz.o(x$fpl$dadd)
    _dadd                                    0x08008a5d   Thumb Code   332  daddsub_clz.o(x$fpl$dadd)
    __fpl_dcheck_NaN1                        0x08008bad   Thumb Code    10  dcheck1.o(x$fpl$dcheck1)
    __fpl_dcmp_Inf                           0x08008bbd   Thumb Code    24  dcmpi.o(x$fpl$dcmpinf)
    __aeabi_ddiv                             0x08008bd5   Thumb Code     0  ddiv.o(x$fpl$ddiv)
    _ddiv                                    0x08008bd5   Thumb Code   552  ddiv.o(x$fpl$ddiv)
    __aeabi_d2iz                             0x08008e85   Thumb Code     0  dfix.o(x$fpl$dfix)
    _dfix                                    0x08008e85   Thumb Code    94  dfix.o(x$fpl$dfix)
    __aeabi_i2d                              0x08008ee3   Thumb Code     0  dflt_clz.o(x$fpl$dflt)
    _dflt                                    0x08008ee3   Thumb Code    46  dflt_clz.o(x$fpl$dflt)
    __aeabi_ui2d                             0x08008f11   Thumb Code     0  dflt_clz.o(x$fpl$dfltu)
    _dfltu                                   0x08008f11   Thumb Code    38  dflt_clz.o(x$fpl$dfltu)
    __aeabi_cdcmple                          0x08008f39   Thumb Code     0  dleqf.o(x$fpl$dleqf)
    _dcmple                                  0x08008f39   Thumb Code   120  dleqf.o(x$fpl$dleqf)
    __fpl_dcmple_InfNaN                      0x08008f9b   Thumb Code     0  dleqf.o(x$fpl$dleqf)
    __aeabi_dmul                             0x08008fb1   Thumb Code     0  dmul.o(x$fpl$dmul)
    _dmul                                    0x08008fb1   Thumb Code   332  dmul.o(x$fpl$dmul)
    __fpl_dnaninf                            0x08009105   Thumb Code   156  dnaninf.o(x$fpl$dnaninf)
    _drem                                    0x080091a1   Thumb Code   328  drem_clz.o(x$fpl$drem)
    __fpl_dretinf                            0x080092f1   Thumb Code    12  dretinf.o(x$fpl$dretinf)
    __aeabi_cdrcmple                         0x080092fd   Thumb Code     0  drleqf.o(x$fpl$drleqf)
    _drcmple                                 0x080092fd   Thumb Code   108  drleqf.o(x$fpl$drleqf)
    __aeabi_drsub                            0x08009369   Thumb Code     0  daddsub_clz.o(x$fpl$drsb)
    _drsb                                    0x08009369   Thumb Code    22  daddsub_clz.o(x$fpl$drsb)
    _dsqrt                                   0x08009381   Thumb Code   456  dsqrt_noumaal.o(x$fpl$dsqrt)
    __aeabi_dsub                             0x0800954d   Thumb Code     0  daddsub_clz.o(x$fpl$dsub)
    _dsub                                    0x0800954d   Thumb Code   464  daddsub_clz.o(x$fpl$dsub)
    __aeabi_f2d                              0x08009721   Thumb Code     0  f2d.o(x$fpl$f2d)
    _f2d                                     0x08009721   Thumb Code    86  f2d.o(x$fpl$f2d)
    __aeabi_fadd                             0x08009779   Thumb Code     0  faddsub_clz.o(x$fpl$fadd)
    _fadd                                    0x08009779   Thumb Code   196  faddsub_clz.o(x$fpl$fadd)
    __fpl_fcmp_Inf                           0x0800983d   Thumb Code    24  fcmpi.o(x$fpl$fcmpinf)
    __aeabi_fdiv                             0x08009855   Thumb Code     0  fdiv.o(x$fpl$fdiv)
    _fdiv                                    0x08009855   Thumb Code   384  fdiv.o(x$fpl$fdiv)
    __aeabi_i2f                              0x080099d9   Thumb Code     0  fflt_clz.o(x$fpl$fflt)
    _fflt                                    0x080099d9   Thumb Code    48  fflt_clz.o(x$fpl$fflt)
    __aeabi_ui2f                             0x08009a09   Thumb Code     0  fflt_clz.o(x$fpl$ffltu)
    _ffltu                                   0x08009a09   Thumb Code    38  fflt_clz.o(x$fpl$ffltu)
    __aeabi_cfcmple                          0x08009a31   Thumb Code     0  fleqf.o(x$fpl$fleqf)
    _fcmple                                  0x08009a31   Thumb Code   104  fleqf.o(x$fpl$fleqf)
    __fpl_fcmple_InfNaN                      0x08009a83   Thumb Code     0  fleqf.o(x$fpl$fleqf)
    __aeabi_fmul                             0x08009a99   Thumb Code     0  fmul.o(x$fpl$fmul)
    _fmul                                    0x08009a99   Thumb Code   258  fmul.o(x$fpl$fmul)
    __fpl_fnaninf                            0x08009b9b   Thumb Code   140  fnaninf.o(x$fpl$fnaninf)
    __fpl_fretinf                            0x08009c27   Thumb Code    10  fretinf.o(x$fpl$fretinf)
    __aeabi_cfrcmple                         0x08009c31   Thumb Code     0  frleqf.o(x$fpl$frleqf)
    _frcmple                                 0x08009c31   Thumb Code    98  frleqf.o(x$fpl$frleqf)
    _fsqrt                                   0x08009c95   Thumb Code   272  fsqrt.o(x$fpl$fsqrt)
    __aeabi_fsub                             0x08009da5   Thumb Code     0  faddsub_clz.o(x$fpl$fsub)
    _fsub                                    0x08009da5   Thumb Code   234  faddsub_clz.o(x$fpl$fsub)
    __fpl_return_NaN                         0x08009e8f   Thumb Code   100  retnan.o(x$fpl$retnan)
    __ARM_scalbn                             0x08009ef3   Thumb Code    92  scalbn.o(x$fpl$scalbn)
    __fpl_cmpreturn                          0x08009f4f   Thumb Code    48  trapv.o(x$fpl$trapveneer)
    OLED_F8x16                               0x08009f7e   Data        1520  mistink_font.o(.constdata)
    __I$use$fp                               0x08009f7e   Number         0  usenofp.o(x$fpl$usenofp)
    IKUN_TieShanKao_45x45_1                  0x0800a56e   Data         270  animation.o(.constdata)
    IKUN_TieShanKao_45x45_1_shadow           0x0800a67c   Data         270  animation.o(.constdata)
    IKUN_TieShanKao_45x45_2                  0x0800a78a   Data         266  animation.o(.constdata)
    IKUN_TieShanKao_45x45_2_shadow           0x0800a894   Data         270  animation.o(.constdata)
    IKUN_TieShanKao_45x45_3                  0x0800a9a2   Data         266  animation.o(.constdata)
    IKUN_TieShanKao_45x45_3_shadow           0x0800aaac   Data         270  animation.o(.constdata)
    IKUN_TieShanKao_45x45_4                  0x0800abba   Data         270  animation.o(.constdata)
    IKUN_TieShanKao_45x45_4_shadow           0x0800acc8   Data         270  animation.o(.constdata)
    IKUN_TieShanKao_45x45_5                  0x0800add6   Data         270  animation.o(.constdata)
    IKUN_TieShanKao_45x45_5_shadow           0x0800aee4   Data         270  animation.o(.constdata)
    IKUN_TieShanKao_45x45_6                  0x0800aff2   Data         270  animation.o(.constdata)
    IKUN_TieShanKao_45x45_6_shadow           0x0800b100   Data         270  animation.o(.constdata)
    IKUN_TieShanKao_45x45_7                  0x0800b20e   Data         270  animation.o(.constdata)
    IKUN_TieShanKao_45x45_7_shadow           0x0800b31c   Data         270  animation.o(.constdata)
    IKUN_TieShanKao_45x45_8                  0x0800b42a   Data         270  animation.o(.constdata)
    IKUN_TieShanKao_45x45_8_shadow           0x0800b538   Data         270  animation.o(.constdata)
    IKUN_TieShanKao_45x45_9                  0x0800b646   Data         270  animation.o(.constdata)
    IKUN_TieShanKao_45x45_9_shadow           0x0800b754   Data         270  animation.o(.constdata)
    IKUN_TieShanKao_45x45_10                 0x0800b862   Data         270  animation.o(.constdata)
    IKUN_TieShanKao_45x45_10_shadow          0x0800b970   Data         270  animation.o(.constdata)
    IKUN_TieShanKao_45x45_11                 0x0800ba7e   Data         270  animation.o(.constdata)
    IKUN_TieShanKao_45x45_11_shadow          0x0800bb8c   Data         270  animation.o(.constdata)
    IKUN_TieShanKao_45x45_12                 0x0800bc9a   Data         270  animation.o(.constdata)
    IKUN_TieShanKao_45x45_12_shadow          0x0800bda8   Data         270  animation.o(.constdata)
    kun2                                     0x0800beb6   Data         288  animation.o(.constdata)
    dun                                      0x0800bfd6   Data         180  animation.o(.constdata)
    dun2                                     0x0800c08a   Data         180  animation.o(.constdata)
    dun3                                     0x0800c13e   Data         180  animation.o(.constdata)
    dun4                                     0x0800c1f2   Data         180  animation.o(.constdata)
    dun5                                     0x0800c2a6   Data         180  animation.o(.constdata)
    dun6                                     0x0800c35a   Data         180  animation.o(.constdata)
    dun7                                     0x0800c40e   Data         180  animation.o(.constdata)
    dun8                                     0x0800c4c2   Data         180  animation.o(.constdata)
    dun9                                     0x0800c576   Data         180  animation.o(.constdata)
    dun_shadown                              0x0800c62a   Data         180  animation.o(.constdata)
    gun_48x48_1                              0x0800c6de   Data         288  animation.o(.constdata)
    gun_48x48_1_shadown                      0x0800c7fe   Data         288  animation.o(.constdata)
    gun_48x48_2                              0x0800c91e   Data         288  animation.o(.constdata)
    gun_48x48_2_shadown                      0x0800ca3e   Data         288  animation.o(.constdata)
    gun_48x48_3                              0x0800cb5e   Data         288  animation.o(.constdata)
    gun_48x48_3_shadown                      0x0800cc7e   Data         288  animation.o(.constdata)
    gun_48x48_4                              0x0800cd9e   Data         288  animation.o(.constdata)
    gun_48x48_4_shadown                      0x0800cebe   Data         288  animation.o(.constdata)
    basketball_24x24                         0x0800cfde   Data          72  animation.o(.constdata)
    basketball_24x24_shadown                 0x0800d026   Data          72  animation.o(.constdata)
    IKUN_Attack_48x48_1                      0x0800d06e   Data         288  animation.o(.constdata)
    IKUN_Attack_48x48_1_shadow               0x0800d18e   Data         288  animation.o(.constdata)
    IKUN_Attack_48x48_2                      0x0800d2ae   Data         288  animation.o(.constdata)
    IKUN_Attack_48x48_2_shadow               0x0800d3ce   Data         288  animation.o(.constdata)
    IKUN_Attack_48x48_3                      0x0800d4ee   Data         288  animation.o(.constdata)
    IKUN_Attack_48x48_3_shadow               0x0800d60e   Data         288  animation.o(.constdata)
    IKUN_Attack_48x48_4                      0x0800d72e   Data         288  animation.o(.constdata)
    IKUN_Attack_48x48_4_shadow               0x0800d84e   Data         288  animation.o(.constdata)
    IKUN_Attack_48x48_5                      0x0800d96e   Data         288  animation.o(.constdata)
    IKUN_Attack_48x48_5_shadow               0x0800da8e   Data         288  animation.o(.constdata)
    IKUN_Attack_48x48_6                      0x0800dbae   Data         288  animation.o(.constdata)
    IKUN_Attack_48x48_6_shadow               0x0800dcce   Data         288  animation.o(.constdata)
    IKUN_LongMove_48x48_1                    0x0800ddee   Data         288  animation.o(.constdata)
    IKUN_LongMove_48x48_1_shadow             0x0800df0e   Data         288  animation.o(.constdata)
    IKUN_LongMove_48x48_2                    0x0800e02e   Data         288  animation.o(.constdata)
    IKUN_LongMove_48x48_2_shadow             0x0800e14e   Data         288  animation.o(.constdata)
    IKUN_LongMove_48x48_3                    0x0800e26e   Data         288  animation.o(.constdata)
    IKUN_LongMove_48x48_3_shadow             0x0800e38e   Data         288  animation.o(.constdata)
    IKUN_LongMove_48x48_4                    0x0800e4ae   Data         288  animation.o(.constdata)
    IKUN_LongMove_48x48_4_shadow             0x0800e5ce   Data         288  animation.o(.constdata)
    IKUN_LongMove_48x48_5                    0x0800e6ee   Data         288  animation.o(.constdata)
    IKUN_LongMove_48x48_5_shadow             0x0800e80e   Data         288  animation.o(.constdata)
    IKUN_LongMove_48x48_6                    0x0800e92e   Data         288  animation.o(.constdata)
    IKUN_LongMove_48x48_6_shadow             0x0800ea4e   Data         288  animation.o(.constdata)
    IKUN_LongMove_48x48_7                    0x0800eb6e   Data         288  animation.o(.constdata)
    IKUN_LongMove_48x48_7_shadow             0x0800ec8e   Data         288  animation.o(.constdata)
    IKUN_LongMove_48x48_8                    0x0800edae   Data         288  animation.o(.constdata)
    IKUN_LongMove_48x48_8_shadow             0x0800eece   Data         288  animation.o(.constdata)
    IKUN_LongMove_48x48_9                    0x0800efee   Data         288  animation.o(.constdata)
    IKUN_LongMove_48x48_9_shadow             0x0800f10e   Data         288  animation.o(.constdata)
    bullet_8x8                               0x0800f22e   Data           8  pistol.o(.constdata)
    bulletBlank_8x8                          0x0800f236   Data           8  pistol.o(.constdata)
    __mathlib_zero                           0x0800f408   Data           8  qnan.o(.constdata)
    Region$$Table$$Base                      0x0800f560   Number         0  anon$$obj.o(Region$$Table)
    Region$$Table$$Limit                     0x0800f580   Number         0  anon$$obj.o(Region$$Table)
    displayer                                0x20000000   Data           4  main.o(.data)
    LongS_Count                              0x20000004   Data           4  main.o(.data)
    LongC_Count                              0x20000008   Data           4  main.o(.data)
    LongS_survivalCount                      0x2000000c   Data           4  main.o(.data)
    LongC_survivalCount                      0x20000010   Data           4  main.o(.data)
    FloorTreeManager                         0x20000014   Data           4  camera.o(.data)
    CeliTreeManager                          0x20000018   Data           4  camera.o(.data)
    SSR_CoreTree                             0x2000001c   Data           4  camera.o(.data)
    Canvas_Mode                              0x20000020   Data           4  canvas.o(.data)
    Screen_Canvas                            0x20000024   Data           4  canvas.o(.data)
    Init_flag                                0x20000028   Data           1  heap_solution_1.o(.data)
    TextureMapper_Header                     0x20000030   Data           4  texturemapper.o(.data)
    WorldMap_Header                          0x20000034   Data           4  worldmap.o(.data)
    WorldMap_Pos                             0x20000038   Data           4  worldmap.o(.data)
    DeltaTime                                0x2000003c   Data           4  frameratestrategy.o(.data)
    Sprites_Header                           0x20000040   Data           4  sprites_animation.o(.data)
    Sprites_Count                            0x20000044   Data           4  sprites_animation.o(.data)
    SpritesTree                              0x20000048   Data           4  sprites_logical.o(.data)
    SpritesSleepTree                         0x2000004c   Data           4  sprites_logical.o(.data)
    bulletArr                                0x20000058   Data           4  pistol.o(.data)
    indexNormalBullet                        0x2000005c   Data           4  pistol.o(.data)
    indexClearBullet                         0x20000060   Data           4  pistol.o(.data)
    PrivAnimManagerIndex                     0x20000064   Data           4  pistol.o(.data)
    PrivSpeed                                0x20000068   Data           8  pistol.o(.data)
    PrivBTTreeIndex                          0x20000070   Data           4  pistol.o(.data)
    worldMap                                 0x20000074   Data         576  map.o(.data)
    EnemyHead                                0x200002b4   Data           4  enemy.o(.data)
    closeMoveIndex                           0x200002b8   Data           4  enemy.o(.data)
    closeDamageIndex                         0x200002bc   Data           4  enemy.o(.data)
    LongMoveIndex                            0x200002c0   Data           4  enemy.o(.data)
    LongAttackIndex                          0x200002c4   Data           4  enemy.o(.data)
    LongDamageIndex                          0x200002c8   Data           4  enemy.o(.data)
    basketballindex                          0x200002cc   Data           4  enemy.o(.data)
    enemyCore                                0x200002d0   Data           4  common.o(.data)
    _random_number_data                      0x20002ad4   Data         228  rand.o(.bss)
    __libspace_start                         0x20002bb8   Data          96  libspace.o(.bss)
    __temporary_stack_top$libspace           0x20002c18   Data           0  libspace.o(.bss)



==============================================================================

Memory Map of the image

  Image Entry point : 0x080000ed

  Load Region LR_IROM1 (Base: 0x08000000, Size: 0x0000f854, Max: 0x00010000, ABSOLUTE, COMPRESSED[0x0000f5dc])

    Execution Region ER_IROM1 (Exec base: 0x08000000, Load base: 0x08000000, Size: 0x0000f580, Max: 0x00010000, ABSOLUTE)

    Exec Addr    Load Addr    Size         Type   Attr      Idx    E Section Name        Object

    0x08000000   0x08000000   0x000000ec   Data   RO            3    RESET               startup_stm32f10x_md.o
    0x080000ec   0x080000ec   0x00000008   Code   RO         5421  * !!!main             c_w.l(__main.o)
    0x080000f4   0x080000f4   0x00000034   Code   RO         5784    !!!scatter          c_w.l(__scatter.o)
    0x08000128   0x08000128   0x0000005a   Code   RO         5782    !!dczerorl2         c_w.l(__dczerorl2.o)
    0x08000182   0x08000182   0x00000002   PAD
    0x08000184   0x08000184   0x0000001c   Code   RO         5786    !!handler_zi        c_w.l(__scatter_zi.o)
    0x080001a0   0x080001a0   0x00000000   Code   RO         5409    .ARM.Collect$$_printf_percent$$00000000  c_w.l(_printf_percent.o)
    0x080001a0   0x080001a0   0x00000006   Code   RO         5408    .ARM.Collect$$_printf_percent$$00000009  c_w.l(_printf_d.o)
    0x080001a6   0x080001a6   0x00000004   Code   RO         5544    .ARM.Collect$$_printf_percent$$00000017  c_w.l(_printf_percent_end.o)
    0x080001aa   0x080001aa   0x00000002   Code   RO         5702    .ARM.Collect$$libinit$$00000000  c_w.l(libinit.o)
    0x080001ac   0x080001ac   0x00000000   Code   RO         5546    .ARM.Collect$$libinit$$00000002  c_w.l(libinit2.o)
    0x080001ac   0x080001ac   0x00000000   Code   RO         5548    .ARM.Collect$$libinit$$00000004  c_w.l(libinit2.o)
    0x080001ac   0x080001ac   0x00000000   Code   RO         5551    .ARM.Collect$$libinit$$0000000A  c_w.l(libinit2.o)
    0x080001ac   0x080001ac   0x00000000   Code   RO         5553    .ARM.Collect$$libinit$$0000000C  c_w.l(libinit2.o)
    0x080001ac   0x080001ac   0x00000004   Code   RO         5554    .ARM.Collect$$libinit$$0000000D  c_w.l(libinit2.o)
    0x080001b0   0x080001b0   0x00000000   Code   RO         5555    .ARM.Collect$$libinit$$0000000E  c_w.l(libinit2.o)
    0x080001b0   0x080001b0   0x00000000   Code   RO         5558    .ARM.Collect$$libinit$$00000011  c_w.l(libinit2.o)
    0x080001b0   0x080001b0   0x00000000   Code   RO         5560    .ARM.Collect$$libinit$$00000013  c_w.l(libinit2.o)
    0x080001b0   0x080001b0   0x00000000   Code   RO         5562    .ARM.Collect$$libinit$$00000015  c_w.l(libinit2.o)
    0x080001b0   0x080001b0   0x00000000   Code   RO         5564    .ARM.Collect$$libinit$$00000017  c_w.l(libinit2.o)
    0x080001b0   0x080001b0   0x00000000   Code   RO         5566    .ARM.Collect$$libinit$$00000019  c_w.l(libinit2.o)
    0x080001b0   0x080001b0   0x00000000   Code   RO         5568    .ARM.Collect$$libinit$$0000001B  c_w.l(libinit2.o)
    0x080001b0   0x080001b0   0x00000000   Code   RO         5570    .ARM.Collect$$libinit$$0000001D  c_w.l(libinit2.o)
    0x080001b0   0x080001b0   0x00000000   Code   RO         5572    .ARM.Collect$$libinit$$0000001F  c_w.l(libinit2.o)
    0x080001b0   0x080001b0   0x00000000   Code   RO         5574    .ARM.Collect$$libinit$$00000021  c_w.l(libinit2.o)
    0x080001b0   0x080001b0   0x00000000   Code   RO         5576    .ARM.Collect$$libinit$$00000023  c_w.l(libinit2.o)
    0x080001b0   0x080001b0   0x00000000   Code   RO         5578    .ARM.Collect$$libinit$$00000025  c_w.l(libinit2.o)
    0x080001b0   0x080001b0   0x00000000   Code   RO         5582    .ARM.Collect$$libinit$$0000002C  c_w.l(libinit2.o)
    0x080001b0   0x080001b0   0x00000000   Code   RO         5584    .ARM.Collect$$libinit$$0000002E  c_w.l(libinit2.o)
    0x080001b0   0x080001b0   0x00000000   Code   RO         5586    .ARM.Collect$$libinit$$00000030  c_w.l(libinit2.o)
    0x080001b0   0x080001b0   0x00000000   Code   RO         5588    .ARM.Collect$$libinit$$00000032  c_w.l(libinit2.o)
    0x080001b0   0x080001b0   0x00000002   Code   RO         5589    .ARM.Collect$$libinit$$00000033  c_w.l(libinit2.o)
    0x080001b2   0x080001b2   0x00000002   Code   RO         5743    .ARM.Collect$$libshutdown$$00000000  c_w.l(libshutdown.o)
    0x080001b4   0x080001b4   0x00000000   Code   RO         5749    .ARM.Collect$$libshutdown$$00000002  c_w.l(libshutdown2.o)
    0x080001b4   0x080001b4   0x00000000   Code   RO         5751    .ARM.Collect$$libshutdown$$00000004  c_w.l(libshutdown2.o)
    0x080001b4   0x080001b4   0x00000000   Code   RO         5754    .ARM.Collect$$libshutdown$$00000007  c_w.l(libshutdown2.o)
    0x080001b4   0x080001b4   0x00000000   Code   RO         5757    .ARM.Collect$$libshutdown$$0000000A  c_w.l(libshutdown2.o)
    0x080001b4   0x080001b4   0x00000000   Code   RO         5759    .ARM.Collect$$libshutdown$$0000000C  c_w.l(libshutdown2.o)
    0x080001b4   0x080001b4   0x00000000   Code   RO         5762    .ARM.Collect$$libshutdown$$0000000F  c_w.l(libshutdown2.o)
    0x080001b4   0x080001b4   0x00000002   Code   RO         5763    .ARM.Collect$$libshutdown$$00000010  c_w.l(libshutdown2.o)
    0x080001b6   0x080001b6   0x00000000   Code   RO         5535    .ARM.Collect$$rtentry$$00000000  c_w.l(__rtentry.o)
    0x080001b6   0x080001b6   0x00000000   Code   RO         5655    .ARM.Collect$$rtentry$$00000002  c_w.l(__rtentry2.o)
    0x080001b6   0x080001b6   0x00000006   Code   RO         5667    .ARM.Collect$$rtentry$$00000004  c_w.l(__rtentry4.o)
    0x080001bc   0x080001bc   0x00000000   Code   RO         5657    .ARM.Collect$$rtentry$$00000009  c_w.l(__rtentry2.o)
    0x080001bc   0x080001bc   0x00000004   Code   RO         5658    .ARM.Collect$$rtentry$$0000000A  c_w.l(__rtentry2.o)
    0x080001c0   0x080001c0   0x00000000   Code   RO         5660    .ARM.Collect$$rtentry$$0000000C  c_w.l(__rtentry2.o)
    0x080001c0   0x080001c0   0x00000008   Code   RO         5661    .ARM.Collect$$rtentry$$0000000D  c_w.l(__rtentry2.o)
    0x080001c8   0x080001c8   0x00000002   Code   RO         5707    .ARM.Collect$$rtexit$$00000000  c_w.l(rtexit.o)
    0x080001ca   0x080001ca   0x00000000   Code   RO         5721    .ARM.Collect$$rtexit$$00000002  c_w.l(rtexit2.o)
    0x080001ca   0x080001ca   0x00000004   Code   RO         5722    .ARM.Collect$$rtexit$$00000003  c_w.l(rtexit2.o)
    0x080001ce   0x080001ce   0x00000006   Code   RO         5723    .ARM.Collect$$rtexit$$00000004  c_w.l(rtexit2.o)
    0x080001d4   0x080001d4   0x00000034   Code   RO         5410    .emb_text           c_w.l(rand.o)
    0x08000208   0x08000208   0x00000040   Code   RO            4    .text               startup_stm32f10x_md.o
    0x08000248   0x08000248   0x00000028   Code   RO         5382    .text               c_w.l(noretval__2sprintf.o)
    0x08000270   0x08000270   0x00000068   Code   RO         5384    .text               c_w.l(__printf.o)
    0x080002d8   0x080002d8   0x00000078   Code   RO         5386    .text               c_w.l(_printf_dec.o)
    0x08000350   0x08000350   0x0000003c   Code   RO         5411    .text               c_w.l(rand.o)
    0x0800038c   0x0800038c   0x0000003e   Code   RO         5415    .text               c_w.l(strlen.o)
    0x080003ca   0x080003ca   0x00000064   Code   RO         5417    .text               c_w.l(rt_memcpy_w.o)
    0x0800042e   0x0800042e   0x00000006   Code   RO         5419    .text               c_w.l(heapauxi.o)
    0x08000434   0x08000434   0x00000016   Code   RO         5536    .text               c_w.l(_rserrno.o)
    0x0800044a   0x0800044a   0x000000b2   Code   RO         5538    .text               c_w.l(_printf_intcommon.o)
    0x080004fc   0x080004fc   0x00000030   Code   RO         5540    .text               c_w.l(_printf_char_common.o)
    0x0800052c   0x0800052c   0x0000000a   Code   RO         5542    .text               c_w.l(_sputc.o)
    0x08000536   0x08000536   0x00000002   PAD
    0x08000538   0x08000538   0x00000008   Code   RO         5672    .text               c_w.l(rt_errno_addr_intlibspace.o)
    0x08000540   0x08000540   0x00000008   Code   RO         5686    .text               c_w.l(libspace.o)
    0x08000548   0x08000548   0x0000004a   Code   RO         5689    .text               c_w.l(sys_stackheap_outer.o)
    0x08000592   0x08000592   0x00000012   Code   RO         5691    .text               c_w.l(exit.o)
    0x080005a4   0x080005a4   0x00000002   Code   RO         5717    .text               c_w.l(use_no_semi.o)
    0x080005a6   0x080005a6   0x00000000   Code   RO         5719    .text               c_w.l(indicate_semi.o)
    0x080005a6   0x080005a6   0x00000002   PAD
    0x080005a8   0x080005a8   0x0000000c   Code   RO         5735    .text               c_w.l(sys_exit.o)
    0x080005b4   0x080005b4   0x000000c0   Code   RO         3863    i.AdjustInsert      rb_tree.o
    0x08000674   0x08000674   0x00000164   Code   RO         5100    i.Basketball_Init   enemy.o
    0x080007d8   0x080007d8   0x0000002e   Code   RO         4851    i.Bit_Modification  mistink.o
    0x08000806   0x08000806   0x0000002a   Code   RO         3418    i.Bit_Modify_Within_Byte  bit_operate.o
    0x08000830   0x08000830   0x00000004   Code   RO         3354    i.BusFault_Handler  stm32f10x_it.o
    0x08000834   0x08000834   0x00000014   Code   RO         3456    i.CameraPriv_Add    camera.o
    0x08000848   0x08000848   0x0000000c   Code   RO         3457    i.CameraPriv_Get    camera.o
    0x08000854   0x08000854   0x000000ec   Code   RO         3460    i.Camera_BackMove   camera.o
    0x08000940   0x08000940   0x0000001e   Code   RO         3461    i.Camera_DeepBuffer_Read  camera.o
    0x0800095e   0x0800095e   0x00000026   Code   RO         3462    i.Camera_DeepBuffer_Write  camera.o
    0x08000984   0x08000984   0x000000ec   Code   RO         3463    i.Camera_ForwardMove  camera.o
    0x08000a70   0x08000a70   0x00000018   Code   RO         3464    i.Camera_GetPos     camera.o
    0x08000a88   0x08000a88   0x000001d0   Code   RO         3465    i.Camera_Init       camera.o
    0x08000c58   0x08000c58   0x00000138   Code   RO         3467    i.Camera_LeftPan    camera.o
    0x08000d90   0x08000d90   0x000004b2   Code   RO         3469    i.Camera_Render     camera.o
    0x08001242   0x08001242   0x00000002   PAD
    0x08001244   0x08001244   0x00000174   Code   RO         3471    i.Camera_RightPan   camera.o
    0x080013b8   0x080013b8   0x0000002c   Code   RO         3753    i.Canvas_GetUnit    canvas.o
    0x080013e4   0x080013e4   0x0000006a   Code   RO         3755    i.Canvas_PixelOperate  canvas.o
    0x0800144e   0x0800144e   0x00000002   PAD
    0x08001450   0x08001450   0x00000024   Code   RO         3757    i.Canvas_SetCanvasModeToRedirect  canvas.o
    0x08001474   0x08001474   0x00000008   Code   RO         3475    i.Celi_DefaultRender  camera.o
    0x0800147c   0x0800147c   0x00000026   Code   RO         3805    i.CeruleanBird_EngineRender  ceruleanbird.o
    0x080014a2   0x080014a2   0x00000002   PAD
    0x080014a4   0x080014a4   0x00000108   Code   RO         5101    i.CloseEnemy_Create  enemy.o
    0x080015ac   0x080015ac   0x0000016c   Code   RO         5102    i.CloseEnemy_Init   enemy.o
    0x08001718   0x08001718   0x00000002   Code   RO         3355    i.DebugMon_Handler  stm32f10x_it.o
    0x0800171a   0x0800171a   0x00000046   Code   RO         3864    i.DeleteBlackLeafNodeWithRedSibling  rb_tree.o
    0x08001760   0x08001760   0x00000046   Code   RO         3865    i.DeleteNodeWithOneChild  rb_tree.o
    0x080017a6   0x080017a6   0x00000020   Code   RO         3866    i.DeleteRedLeafNode  rb_tree.o
    0x080017c6   0x080017c6   0x000000b4   Code   RO         3867    i.DeleteWhenHasRedNephews  rb_tree.o
    0x0800187a   0x0800187a   0x00000002   PAD
    0x0800187c   0x0800187c   0x00000120   Code   RO         3223    i.EnemyQuantityControl  main.o
    0x0800199c   0x0800199c   0x00000004   Code   RO         4247    i.EngineFault_ExceptionEnumParam_Handle  enginefault.o
    0x080019a0   0x080019a0   0x00000004   Code   RO         4248    i.EngineFault_IllegalAccess_Handle  enginefault.o
    0x080019a4   0x080019a4   0x00000004   Code   RO         4249    i.EngineFault_IllegalFree_Handle  enginefault.o
    0x080019a8   0x080019a8   0x00000004   Code   RO         4251    i.EngineFault_NullPointerGuard_Handle  enginefault.o
    0x080019ac   0x080019ac   0x000000d4   Code   RO         4699    i.ExecuteBehaviorTree  sprites_behaviortree.o
    0x08001a80   0x08001a80   0x00000040   Code   RO         3868    i.FindTargetNode    rb_tree.o
    0x08001ac0   0x08001ac0   0x00000062   Code   RO         3482    i.Floor_DefaultRender  camera.o
    0x08001b22   0x08001b22   0x00000002   PAD
    0x08001b24   0x08001b24   0x00000050   Code   RO         4853    i.Font_Read         mistink.o
    0x08001b74   0x08001b74   0x0000000c   Code   RO         3224    i.FreeHandle        main.o
    0x08001b80   0x08001b80   0x0000001c   Code   RO         4315    i.FrmRS_deltaTime_Get  frameratestrategy.o
    0x08001b9c   0x08001b9c   0x00000078   Code   RO         4316    i.FrmRS_deltaTime_Init  frameratestrategy.o
    0x08001c14   0x08001c14   0x000000b0   Code   RO         4317    i.FrmRS_deltaTime_Trigger  frameratestrategy.o
    0x08001cc4   0x08001cc4   0x00000116   Code   RO         1347    i.GPIO_Init         stm32f10x_gpio.o
    0x08001dda   0x08001dda   0x00000012   Code   RO         1351    i.GPIO_ReadInputDataBit  stm32f10x_gpio.o
    0x08001dec   0x08001dec   0x00000004   Code   RO         1354    i.GPIO_ResetBits    stm32f10x_gpio.o
    0x08001df0   0x08001df0   0x00000004   Code   RO         1355    i.GPIO_SetBits      stm32f10x_gpio.o
    0x08001df4   0x08001df4   0x000001a8   Code   RO         5103    i.GetEnemy          enemy.o
    0x08001f9c   0x08001f9c   0x00000090   Code   RO         5357    i.Get_Key           key.o
    0x0800202c   0x0800202c   0x0000001e   Code   RO         3869    i.HandleNodeWithTwoChildren  rb_tree.o
    0x0800204a   0x0800204a   0x00000004   Code   RO         3356    i.HardFault_Handler  stm32f10x_it.o
    0x0800204e   0x0800204e   0x00000002   PAD
    0x08002050   0x08002050   0x0000003c   Code   RO         5358    i.Key_Init          key.o
    0x0800208c   0x0800208c   0x000000e8   Code   RO         5104    i.LongEnemy_Create  enemy.o
    0x08002174   0x08002174   0x0000016c   Code   RO         5105    i.LongEnemy_Init    enemy.o
    0x080022e0   0x080022e0   0x0000003c   Code   RO         5106    i.LongPri_Init      enemy.o
    0x0800231c   0x0800231c   0x0000028c   Code   RO         5107    i.Long_Anim_Create  enemy.o
    0x080025a8   0x080025a8   0x0000012c   Code   RO         5108    i.Long_Logic_Create  enemy.o
    0x080026d4   0x080026d4   0x00000030   Code   RO         4854    i.M_Int             mistink.o
    0x08002704   0x08002704   0x000000d8   Code   RO         4856    i.M_String          mistink.o
    0x080027dc   0x080027dc   0x00000004   Code   RO         3357    i.MemManage_Handler  stm32f10x_it.o
    0x080027e0   0x080027e0   0x0000013c   Code   RO         5109    i.Minimap           enemy.o
    0x0800291c   0x0800291c   0x00000010   Code   RO         4937    i.MistinkDisplayer_BufferOutput  mistink_displayer.o
    0x0800292c   0x0800292c   0x0000005c   Code   RO         4939    i.MistinkDisplayer_Create  mistink_displayer.o
    0x08002988   0x08002988   0x00000022   Code   RO         4857    i.MistinkOP_BufferReset  mistink.o
    0x080029aa   0x080029aa   0x0000000c   Code   RO         4858    i.MistinkOP_GetBufferAPI  mistink.o
    0x080029b6   0x080029b6   0x0000005c   Code   RO         4859    i.MistinkPixel_Operate  mistink.o
    0x08002a12   0x08002a12   0x00000002   Code   RO         3358    i.NMI_Handler       stm32f10x_it.o
    0x08002a14   0x08002a14   0x0000000c   Code   RO         3870    i.NodeColor         rb_tree.o
    0x08002a20   0x08002a20   0x0000004e   Code   RO         4967    i.OLED_BufferOutput  m_stm32f103c8t6.o
    0x08002a6e   0x08002a6e   0x00000040   Code   RO         4968    i.OLED_Clear        m_stm32f103c8t6.o
    0x08002aae   0x08002aae   0x00000002   PAD
    0x08002ab0   0x08002ab0   0x000000f4   Code   RO         4969    i.OLED_Init         m_stm32f103c8t6.o
    0x08002ba4   0x08002ba4   0x000000b4   Code   RO         4970    i.OLED_Port_Init    m_stm32f103c8t6.o
    0x08002c58   0x08002c58   0x00000058   Code   RO         4971    i.OLED_WR_Byte      m_stm32f103c8t6.o
    0x08002cb0   0x08002cb0   0x00000002   Code   RO         3359    i.PendSV_Handler    stm32f10x_it.o
    0x08002cb2   0x08002cb2   0x0000000c   Code   RO         5110    i.PrifreeHandle     enemy.o
    0x08002cbe   0x08002cbe   0x00000002   PAD
    0x08002cc0   0x08002cc0   0x00000020   Code   RO         1775    i.RCC_APB1PeriphClockCmd  stm32f10x_rcc.o
    0x08002ce0   0x08002ce0   0x00000020   Code   RO         1777    i.RCC_APB2PeriphClockCmd  stm32f10x_rcc.o
    0x08002d00   0x08002d00   0x0000008c   Code   RO         5111    i.RandPos           enemy.o
    0x08002d8c   0x08002d8c   0x00000268   Code   RO         5112    i.SBT_ExecuteHandle_AttackRangeMoveAct  enemy.o
    0x08002ff4   0x08002ff4   0x000004d8   Code   RO         5113    i.SBT_ExecuteHandle_AttackRangeMoveAct_close  enemy.o
    0x080034cc   0x080034cc   0x000000b4   Code   RO         5114    i.SBT_ExecuteHandle_Close_Attack  enemy.o
    0x08003580   0x08003580   0x0000007c   Code   RO         5115    i.SBT_ExecuteHandle_Close_Die  enemy.o
    0x080035fc   0x080035fc   0x00000064   Code   RO         5116    i.SBT_ExecuteHandle_Close_Hit  enemy.o
    0x08003660   0x08003660   0x000002d4   Code   RO         5117    i.SBT_ExecuteHandle_Close_Move  enemy.o
    0x08003934   0x08003934   0x00000044   Code   RO         5118    i.SBT_ExecuteHandle_IsAttackCooldownOver  enemy.o
    0x08003978   0x08003978   0x00000044   Code   RO         5119    i.SBT_ExecuteHandle_IsAttackCooldownOver_close  enemy.o
    0x080039bc   0x080039bc   0x000000a0   Code   RO         5120    i.SBT_ExecuteHandle_IsPlayerInAttackRange  enemy.o
    0x08003a5c   0x08003a5c   0x000000a0   Code   RO         5121    i.SBT_ExecuteHandle_IsPlayerInAttackRange_close  enemy.o
    0x08003afc   0x08003afc   0x00000060   Code   RO         5122    i.SBT_ExecuteHandle_Long_Attack  enemy.o
    0x08003b5c   0x08003b5c   0x0000007c   Code   RO         5123    i.SBT_ExecuteHandle_Long_Die  enemy.o
    0x08003bd8   0x08003bd8   0x00000068   Code   RO         5124    i.SBT_ExecuteHandle_Long_Hit  enemy.o
    0x08003c40   0x08003c40   0x000002d4   Code   RO         5125    i.SBT_ExecuteHandle_Long_Move  enemy.o
    0x08003f14   0x08003f14   0x00000128   Code   RO         5126    i.SBT_ExecuteHandle_basketball  enemy.o
    0x0800403c   0x0800403c   0x00000204   Code   RO         5027    i.SBT_ExecuteHandle_bullet  pistol.o
    0x08004240   0x08004240   0x0000001e   Code   RO         5127    i.SIT_MapIndexHandle_Close  enemy.o
    0x0800425e   0x0800425e   0x0000001e   Code   RO         5128    i.SIT_MapIndexHandle_Long  enemy.o
    0x0800427c   0x0800427c   0x00000018   Code   RO         2263    i.SPI_Cmd           stm32f10x_spi.o
    0x08004294   0x08004294   0x00000012   Code   RO         2271    i.SPI_I2S_GetFlagStatus  stm32f10x_spi.o
    0x080042a6   0x080042a6   0x00000004   Code   RO         2275    i.SPI_I2S_SendData  stm32f10x_spi.o
    0x080042aa   0x080042aa   0x0000003c   Code   RO         2276    i.SPI_Init          stm32f10x_spi.o
    0x080042e6   0x080042e6   0x0000001a   Code   RO         3488    i.SSRAnim_Exec      camera.o
    0x08004300   0x08004300   0x00000144   Code   RO         3489    i.SSRAnim_FrmAdd    camera.o
    0x08004444   0x08004444   0x00000096   Code   RO         3490    i.SSRAnim_FrmExtract  camera.o
    0x080044da   0x080044da   0x00000002   PAD
    0x080044dc   0x080044dc   0x000000b4   Code   RO         3491    i.SSRAnim_ManagerCreate  camera.o
    0x08004590   0x08004590   0x000000cc   Code   RO         3492    i.SSRAnim_Render    camera.o
    0x0800465c   0x0800465c   0x00000018   Code   RO         3494    i.SSRAnim_RenderEnable  camera.o
    0x08004674   0x08004674   0x00000016   Code   RO         3496    i.SSRAnim_SetPos    camera.o
    0x0800468a   0x0800468a   0x00000002   PAD
    0x0800468c   0x0800468c   0x000000b4   Code   RO         3497    i.SSRAnim_Update    camera.o
    0x08004740   0x08004740   0x00000054   Code   RO         3498    i.SSR_SetCameraExecAnim  camera.o
    0x08004794   0x08004794   0x00000002   Code   RO         3360    i.SVC_Handler       stm32f10x_it.o
    0x08004796   0x08004796   0x00000008   Code   RO           24    i.SetSysClock       system_stm32f10x.o
    0x0800479e   0x0800479e   0x00000002   PAD
    0x080047a0   0x080047a0   0x000000e0   Code   RO           25    i.SetSysClockTo72   system_stm32f10x.o
    0x08004880   0x08004880   0x00000088   Code   RO         3225    i.ShootAnim         main.o
    0x08004908   0x08004908   0x00000054   Code   RO         3226    i.ShootTrigger      main.o
    0x0800495c   0x0800495c   0x0000004c   Code   RO         4358    i.SpritesAnim_CreateManager  sprites_animation.o
    0x080049a8   0x080049a8   0x0000013c   Code   RO         4359    i.SpritesAnim_CreateNewChain  sprites_animation.o
    0x08004ae4   0x08004ae4   0x000000b8   Code   RO         4361    i.SpritesAnim_ExtractFrmData  sprites_animation.o
    0x08004b9c   0x08004b9c   0x00000148   Code   RO         4366    i.SpritesAnim_InsertNewFrm  sprites_animation.o
    0x08004ce4   0x08004ce4   0x00000036   Code   RO         4367    i.SpritesAnim_IsEndFrm  sprites_animation.o
    0x08004d1a   0x08004d1a   0x00000012   Code   RO         4368    i.SpritesAnim_SetAnimType  sprites_animation.o
    0x08004d2c   0x08004d2c   0x00000044   Code   RO         4370    i.SpritesAnim_SwitchChain  sprites_animation.o
    0x08004d70   0x08004d70   0x0000008c   Code   RO         4373    i.SpritesAnim_Update  sprites_animation.o
    0x08004dfc   0x08004dfc   0x00000028   Code   RO         4700    i.SpritesBT_Action  sprites_behaviortree.o
    0x08004e24   0x08004e24   0x00000048   Code   RO         4703    i.SpritesBT_Action_ToPhased  sprites_behaviortree.o
    0x08004e6c   0x08004e6c   0x00000088   Code   RO         4705    i.SpritesBT_BusExecute  sprites_behaviortree.o
    0x08004ef4   0x08004ef4   0x00000022   Code   RO         4706    i.SpritesBT_Condition  sprites_behaviortree.o
    0x08004f16   0x08004f16   0x00000002   PAD
    0x08004f18   0x08004f18   0x00000058   Code   RO         4707    i.SpritesBT_Init    sprites_behaviortree.o
    0x08004f70   0x08004f70   0x00000106   Code   RO         4708    i.SpritesBT_InsertBehavior  sprites_behaviortree.o
    0x08005076   0x08005076   0x00000002   PAD
    0x08005078   0x08005078   0x00000038   Code   RO         4709    i.SpritesBT_MountToRoot  sprites_behaviortree.o
    0x080050b0   0x080050b0   0x00000016   Code   RO         4710    i.SpritesBT_SelectorCreate  sprites_behaviortree.o
    0x080050c6   0x080050c6   0x00000016   Code   RO         4711    i.SpritesBT_Sequence  sprites_behaviortree.o
    0x080050dc   0x080050dc   0x00000026   Code   RO         4475    i.SpritesData_GetPos  sprites_logical.o
    0x08005102   0x08005102   0x00000002   PAD
    0x08005104   0x08005104   0x00000150   Code   RO         4712    i.SpritesIT_Add     sprites_behaviortree.o
    0x08005254   0x08005254   0x00000038   Code   RO         4714    i.SpritesIT_Enable  sprites_behaviortree.o
    0x0800528c   0x0800528c   0x000000f2   Code   RO         4715    i.SpritesIT_Exec    sprites_behaviortree.o
    0x0800537e   0x0800537e   0x00000036   Code   RO         4716    i.SpritesIT_GetITNode  sprites_behaviortree.o
    0x080053b4   0x080053b4   0x000000aa   Code   RO         4717    i.SpritesIT_RBStorageStrategyCreate  sprites_behaviortree.o
    0x0800545e   0x0800545e   0x00000002   PAD
    0x08005460   0x08005460   0x00000088   Code   RO         4718    i.SpritesIT_Register  sprites_behaviortree.o
    0x080054e8   0x080054e8   0x000000f0   Code   RO         4481    i.SpritesMov_Forward  sprites_logical.o
    0x080055d8   0x080055d8   0x0000007c   Code   RO         4485    i.SpritesMov_SetDir  sprites_logical.o
    0x08005654   0x08005654   0x000000ac   Code   RO         4486    i.SpritesMov_SetDirToCamera  sprites_logical.o
    0x08005700   0x08005700   0x0000001e   Code   RO         4487    i.SpritesMov_SetDirWithCamera  sprites_logical.o
    0x0800571e   0x0800571e   0x0000001c   Code   RO         4488    i.SpritesMov_SetPos  sprites_logical.o
    0x0800573a   0x0800573a   0x00000020   Code   RO         4489    i.SpritesMov_SetPosToCamera  sprites_logical.o
    0x0800575a   0x0800575a   0x00000020   Code   RO         4490    i.SpritesMov_SetPosToSprite  sprites_logical.o
    0x0800577a   0x0800577a   0x00000088   Code   RO         4719    i.SpritesPhased_Exec  sprites_behaviortree.o
    0x08005802   0x08005802   0x00000016   Code   RO         4491    i.SpritesPriv_Add   sprites_logical.o
    0x08005818   0x08005818   0x0000000c   Code   RO         4492    i.SpritesPriv_Get   sprites_logical.o
    0x08005824   0x08005824   0x0000004c   Code   RO         4496    i.SpritesTree_Add   sprites_logical.o
    0x08005870   0x08005870   0x0000006c   Code   RO         4497    i.SpritesTree_Init  sprites_logical.o
    0x080058dc   0x080058dc   0x00000044   Code   RO         4498    i.SpritesTree_NodeExtract  sprites_logical.o
    0x08005920   0x08005920   0x00000174   Code   RO         4499    i.SpritesTree_Sort  sprites_logical.o
    0x08005a94   0x08005a94   0x00000048   Code   RO         4501    i.Sprites_Awaken    sprites_logical.o
    0x08005adc   0x08005adc   0x0000003a   Code   RO         4720    i.Sprites_BT_ECNodeCreate  sprites_behaviortree.o
    0x08005b16   0x08005b16   0x00000032   Code   RO         4721    i.Sprites_BT_GetChild  sprites_behaviortree.o
    0x08005b48   0x08005b48   0x0000001e   Code   RO         4722    i.Sprites_BT_LCNodeCreate  sprites_behaviortree.o
    0x08005b66   0x08005b66   0x00000002   PAD
    0x08005b68   0x08005b68   0x00000040   Code   RO         4502    i.Sprites_Exec      sprites_logical.o
    0x08005ba8   0x08005ba8   0x000000f0   Code   RO         4503    i.Sprites_ObjectCreate  sprites_logical.o
    0x08005c98   0x08005c98   0x00000530   Code   RO         4504    i.Sprites_SingleRender  sprites_logical.o
    0x080061c8   0x080061c8   0x0000002c   Code   RO         4505    i.Sprites_SingleUpdate  sprites_logical.o
    0x080061f4   0x080061f4   0x00000048   Code   RO         4506    i.Sprites_Sleep     sprites_logical.o
    0x0800623c   0x0800623c   0x00000014   Code   RO         4507    i.Sprites_collisionWallValue  sprites_logical.o
    0x08006250   0x08006250   0x00000044   Code   RO         3227    i.StaticMap         main.o
    0x08006294   0x08006294   0x00000002   Code   RO         3361    i.SysTick_Handler   stm32f10x_it.o
    0x08006296   0x08006296   0x00000002   PAD
    0x08006298   0x08006298   0x00000060   Code   RO           27    i.SystemInit        system_stm32f10x.o
    0x080062f8   0x080062f8   0x00000018   Code   RO         2421    i.TIM_Cmd           stm32f10x_tim.o
    0x08006310   0x08006310   0x00000006   Code   RO         2440    i.TIM_GetCounter    stm32f10x_tim.o
    0x08006316   0x08006316   0x00000004   Code   RO         2486    i.TIM_SetCounter    stm32f10x_tim.o
    0x0800631a   0x0800631a   0x00000002   PAD
    0x0800631c   0x0800631c   0x000000a4   Code   RO         2492    i.TIM_TimeBaseInit  stm32f10x_tim.o
    0x080063c0   0x080063c0   0x0000006c   Code   RO         3995    i.Texture_Add       texturemapper.o
    0x0800642c   0x0800642c   0x0000007a   Code   RO         3999    i.Texture_Extract   texturemapper.o
    0x080064a6   0x080064a6   0x00000002   PAD
    0x080064a8   0x080064a8   0x00000018   Code   RO         4004    i.Texture_GetTexture  texturemapper.o
    0x080064c0   0x080064c0   0x0000010e   Code   RO         3872    i.TreeDelete        rb_tree.o
    0x080065ce   0x080065ce   0x00000004   Code   RO         3362    i.UsageFault_Handler  stm32f10x_it.o
    0x080065d2   0x080065d2   0x00000002   PAD
    0x080065d4   0x080065d4   0x0000005c   Code   RO         4154    i.WorldMap_Add      worldmap.o
    0x08006630   0x08006630   0x0000002a   Code   RO         4158    i.WorldMap_Extract  worldmap.o
    0x0800665a   0x0800665a   0x00000002   PAD
    0x0800665c   0x0800665c   0x00000020   Code   RO         4160    i.WorldMap_GetArray  worldmap.o
    0x0800667c   0x0800667c   0x00000020   Code   RO         4161    i.WorldMap_GetColumn  worldmap.o
    0x0800669c   0x0800669c   0x0000000c   Code   RO         4162    i.WorldMap_GetCurrentMapPos  worldmap.o
    0x080066a8   0x080066a8   0x00000020   Code   RO         4163    i.WorldMap_GetROW   worldmap.o
    0x080066c8   0x080066c8   0x00000018   Code   RO         4164    i.WorldMap_GetWorldMap  worldmap.o
    0x080066e0   0x080066e0   0x00000028   Code   RO         5682    i.__ARM_fpclassify  m_ws.l(fpclassify.o)
    0x08006708   0x08006708   0x00000388   Code   RO         5637    i.__ieee754_rem_pio2  m_ws.l(rred.o)
    0x08006a90   0x08006a90   0x000000fc   Code   RO         5619    i.__kernel_cos      m_ws.l(cos_i.o)
    0x08006b8c   0x08006b8c   0x000000aa   Code   RO         5684    i.__kernel_poly     m_ws.l(poly.o)
    0x08006c36   0x08006c36   0x00000002   PAD
    0x08006c38   0x08006c38   0x000000ec   Code   RO         5642    i.__kernel_sin      m_ws.l(sin_i.o)
    0x08006d24   0x08006d24   0x0000027c   Code   RO         5648    i.__kernel_tan      m_ws.l(tan_i.o)
    0x08006fa0   0x08006fa0   0x00000006   Code   RO         5623    i.__mathlib_dbl_infnan  m_ws.l(dunder.o)
    0x08006fa6   0x08006fa6   0x00000004   Code   RO         5624    i.__mathlib_dbl_infnan2  m_ws.l(dunder.o)
    0x08006faa   0x08006faa   0x0000000c   Code   RO         5625    i.__mathlib_dbl_invalid  m_ws.l(dunder.o)
    0x08006fb6   0x08006fb6   0x00000002   PAD
    0x08006fb8   0x08006fb8   0x00000010   Code   RO         5628    i.__mathlib_dbl_underflow  m_ws.l(dunder.o)
    0x08006fc8   0x08006fc8   0x0000007c   Code   RO         5129    i.angle_diff        enemy.o
    0x08007044   0x08007044   0x00000220   Code   RO         5610    i.atan              m_ws.l(atan.o)
    0x08007264   0x08007264   0x00000180   Code   RO         5476    i.atan2             m_ws.l(atan2.o)
    0x080073e4   0x080073e4   0x00000070   Code   RO         5130    i.basketball_Anim_Create  enemy.o
    0x08007454   0x08007454   0x0000002c   Code   RO         5131    i.basketball_Logic_Create  enemy.o
    0x08007480   0x08007480   0x000000ec   Code   RO         5132    i.basketball_fire   enemy.o
    0x0800756c   0x0800756c   0x00000022   Code   RO         3421    i.bitToByte         bit_operate.o
    0x0800758e   0x0800758e   0x0000001e   Code   RO         3873    i.brotherNode       rb_tree.o
    0x080075ac   0x080075ac   0x000000a4   Code   RO         5028    i.bullet_Anim_Create  pistol.o
    0x08007650   0x08007650   0x0000002c   Code   RO         5029    i.bullet_Logic_Create  pistol.o
    0x0800767c   0x0800767c   0x0000000c   Code   RO         5030    i.bullet_PrivateFreeHandle  pistol.o
    0x08007688   0x08007688   0x00000060   Code   RO         3817    i.c_free            heap_solution_1.o
    0x080076e8   0x080076e8   0x000000a8   Code   RO         3818    i.c_malloc          heap_solution_1.o
    0x08007790   0x08007790   0x00000150   Code   RO         3819    i.c_realloc         heap_solution_1.o
    0x080078e0   0x080078e0   0x00000038   Code   RO         3820    i.calculate_crc8    heap_solution_1.o
    0x08007918   0x08007918   0x00000038   Code   RO         5133    i.closePri_Init     enemy.o
    0x08007950   0x08007950   0x00000218   Code   RO         5134    i.close_Anim_Create  enemy.o
    0x08007b68   0x08007b68   0x0000012c   Code   RO         5135    i.close_Logic_Create  enemy.o
    0x08007c94   0x08007c94   0x0000009c   Code   RO         5484    i.cos               m_ws.l(cos.o)
    0x08007d30   0x08007d30   0x00000026   Code   RO         3874    i.createNode        rb_tree.o
    0x08007d56   0x08007d56   0x00000002   PAD
    0x08007d58   0x08007d58   0x00000094   Code   RO         5496    i.fmod              m_ws.l(fmod.o)
    0x08007dec   0x08007dec   0x0000003c   Code   RO         3228    i.frmInit           main.o
    0x08007e28   0x08007e28   0x00000016   Code   RO         3875    i.getRoot           rb_tree.o
    0x08007e3e   0x08007e3e   0x00000034   Code   RO         3876    i.leftRotate        rb_tree.o
    0x08007e72   0x08007e72   0x00000002   PAD
    0x08007e74   0x08007e74   0x00000324   Code   RO         3229    i.main              main.o
    0x08008198   0x08008198   0x00000074   Code   RO         3821    i.memory_pool_init  heap_solution_1.o
    0x0800820c   0x0800820c   0x00000160   Code   RO         5031    i.pistol_Fire       pistol.o
    0x0800836c   0x0800836c   0x000001c4   Code   RO         5032    i.pistol_Init       pistol.o
    0x08008530   0x08008530   0x00000012   Code   RO         3877    i.rbDelete          rb_tree.o
    0x08008542   0x08008542   0x00000076   Code   RO         3878    i.rbInsert          rb_tree.o
    0x080085b8   0x080085b8   0x00000034   Code   RO         3879    i.rightRotate       rb_tree.o
    0x080085ec   0x080085ec   0x00000022   Code   RO         3880    i.rotateLeft        rb_tree.o
    0x0800860e   0x0800860e   0x00000022   Code   RO         3881    i.rotateRight       rb_tree.o
    0x08008630   0x08008630   0x00000022   Code   RO         3882    i.search            rb_tree.o
    0x08008652   0x08008652   0x00000002   PAD
    0x08008654   0x08008654   0x000000a0   Code   RO         5504    i.sin               m_ws.l(sin.o)
    0x080086f4   0x080086f4   0x0000004c   Code   RO         5512    i.sqrt              m_ws.l(sqrt.o)
    0x08008740   0x08008740   0x0000002c   Code   RO         5520    i.sqrtf             m_ws.l(sqrtf.o)
    0x0800876c   0x0800876c   0x00000064   Code   RO         5528    i.tan               m_ws.l(tan.o)
    0x080087d0   0x080087d0   0x00000040   Code   RO         3230    i.tick              main.o
    0x08008810   0x08008810   0x0000001c   Code   RO         4089    i.vector_Create     vector.o
    0x0800882c   0x0800882c   0x00000012   Code   RO         4091    i.vector_Magnitude  vector.o
    0x0800883e   0x0800883e   0x0000003e   Code   RO         4092    i.vector_MagnitudeSquare  vector.o
    0x0800887c   0x0800887c   0x000000f0   Code   RO         4094    i.vector_Normalize  vector.o
    0x0800896c   0x0800896c   0x00000070   Code   RO         4095    i.vector_Scalar_Div  vector.o
    0x080089dc   0x080089dc   0x0000001c   Code   RO         3822    i.verifyBlock       heap_solution_1.o
    0x080089f8   0x080089f8   0x00000062   Code   RO         5423    x$fpl$d2f           fz_ws.l(d2f.o)
    0x08008a5a   0x08008a5a   0x00000002   PAD
    0x08008a5c   0x08008a5c   0x00000150   Code   RO         5425    x$fpl$dadd          fz_ws.l(daddsub_clz.o)
    0x08008bac   0x08008bac   0x00000010   Code   RO         5703    x$fpl$dcheck1       fz_ws.l(dcheck1.o)
    0x08008bbc   0x08008bbc   0x00000018   Code   RO         5590    x$fpl$dcmpinf       fz_ws.l(dcmpi.o)
    0x08008bd4   0x08008bd4   0x000002b0   Code   RO         5432    x$fpl$ddiv          fz_ws.l(ddiv.o)
    0x08008e84   0x08008e84   0x0000005e   Code   RO         5435    x$fpl$dfix          fz_ws.l(dfix.o)
    0x08008ee2   0x08008ee2   0x0000002e   Code   RO         5440    x$fpl$dflt          fz_ws.l(dflt_clz.o)
    0x08008f10   0x08008f10   0x00000026   Code   RO         5439    x$fpl$dfltu         fz_ws.l(dflt_clz.o)
    0x08008f36   0x08008f36   0x00000002   PAD
    0x08008f38   0x08008f38   0x00000078   Code   RO         5445    x$fpl$dleqf         fz_ws.l(dleqf.o)
    0x08008fb0   0x08008fb0   0x00000154   Code   RO         5447    x$fpl$dmul          fz_ws.l(dmul.o)
    0x08009104   0x08009104   0x0000009c   Code   RO         5592    x$fpl$dnaninf       fz_ws.l(dnaninf.o)
    0x080091a0   0x080091a0   0x00000150   Code   RO         5594    x$fpl$drem          fz_ws.l(drem_clz.o)
    0x080092f0   0x080092f0   0x0000000c   Code   RO         5596    x$fpl$dretinf       fz_ws.l(dretinf.o)
    0x080092fc   0x080092fc   0x0000006c   Code   RO         5449    x$fpl$drleqf        fz_ws.l(drleqf.o)
    0x08009368   0x08009368   0x00000016   Code   RO         5426    x$fpl$drsb          fz_ws.l(daddsub_clz.o)
    0x0800937e   0x0800937e   0x00000002   PAD
    0x08009380   0x08009380   0x000001cc   Code   RO         5598    x$fpl$dsqrt         fz_ws.l(dsqrt_noumaal.o)
    0x0800954c   0x0800954c   0x000001d4   Code   RO         5427    x$fpl$dsub          fz_ws.l(daddsub_clz.o)
    0x08009720   0x08009720   0x00000056   Code   RO         5451    x$fpl$f2d           fz_ws.l(f2d.o)
    0x08009776   0x08009776   0x00000002   PAD
    0x08009778   0x08009778   0x000000c4   Code   RO         5453    x$fpl$fadd          fz_ws.l(faddsub_clz.o)
    0x0800983c   0x0800983c   0x00000018   Code   RO         5600    x$fpl$fcmpinf       fz_ws.l(fcmpi.o)
    0x08009854   0x08009854   0x00000184   Code   RO         5460    x$fpl$fdiv          fz_ws.l(fdiv.o)
    0x080099d8   0x080099d8   0x00000030   Code   RO         5464    x$fpl$fflt          fz_ws.l(fflt_clz.o)
    0x08009a08   0x08009a08   0x00000026   Code   RO         5463    x$fpl$ffltu         fz_ws.l(fflt_clz.o)
    0x08009a2e   0x08009a2e   0x00000002   PAD
    0x08009a30   0x08009a30   0x00000068   Code   RO         5469    x$fpl$fleqf         fz_ws.l(fleqf.o)
    0x08009a98   0x08009a98   0x00000102   Code   RO         5471    x$fpl$fmul          fz_ws.l(fmul.o)
    0x08009b9a   0x08009b9a   0x0000008c   Code   RO         5602    x$fpl$fnaninf       fz_ws.l(fnaninf.o)
    0x08009c26   0x08009c26   0x0000000a   Code   RO         5604    x$fpl$fretinf       fz_ws.l(fretinf.o)
    0x08009c30   0x08009c30   0x00000062   Code   RO         5473    x$fpl$frleqf        fz_ws.l(frleqf.o)
    0x08009c92   0x08009c92   0x00000002   PAD
    0x08009c94   0x08009c94   0x00000110   Code   RO         5606    x$fpl$fsqrt         fz_ws.l(fsqrt.o)
    0x08009da4   0x08009da4   0x000000ea   Code   RO         5455    x$fpl$fsub          fz_ws.l(faddsub_clz.o)
    0x08009e8e   0x08009e8e   0x00000064   Code   RO         5715    x$fpl$retnan        fz_ws.l(retnan.o)
    0x08009ef2   0x08009ef2   0x0000005c   Code   RO         5680    x$fpl$scalbn        fz_ws.l(scalbn.o)
    0x08009f4e   0x08009f4e   0x00000030   Code   RO         5733    x$fpl$trapveneer    fz_ws.l(trapv.o)
    0x08009f7e   0x08009f7e   0x00000000   Code   RO         5608    x$fpl$usenofp       fz_ws.l(usenofp.o)
    0x08009f7e   0x08009f7e   0x000005f0   Data   RO         5003    .constdata          mistink_font.o
    0x0800a56e   0x0800a56e   0x00004cc0   Data   RO         5015    .constdata          animation.o
    0x0800f22e   0x0800f22e   0x00000010   Data   RO         5033    .constdata          pistol.o
    0x0800f23e   0x0800f23e   0x00000002   PAD
    0x0800f240   0x0800f240   0x00000100   Data   RO         5136    .constdata          enemy.o
    0x0800f340   0x0800f340   0x00000098   Data   RO         5611    .constdata          m_ws.l(atan.o)
    0x0800f3d8   0x0800f3d8   0x00000030   Data   RO         5620    .constdata          m_ws.l(cos_i.o)
    0x0800f408   0x0800f408   0x00000008   Data   RO         5636    .constdata          m_ws.l(qnan.o)
    0x0800f410   0x0800f410   0x000000c8   Data   RO         5639    .constdata          m_ws.l(rred.o)
    0x0800f4d8   0x0800f4d8   0x00000028   Data   RO         5643    .constdata          m_ws.l(sin_i.o)
    0x0800f500   0x0800f500   0x00000060   Data   RO         5649    .constdata          m_ws.l(tan_i.o)
    0x0800f560   0x0800f560   0x00000020   Data   RO         5780    Region$$Table       anon$$obj.o


    Execution Region RW_IRAM1 (Exec base: 0x20000000, Load base: 0x0800f580, Size: 0x00003218, Max: 0x00005000, ABSOLUTE, COMPRESSED[0x0000005c])

    Exec Addr    Load Addr    Size         Type   Attr      Idx    E Section Name        Object

    0x20000000   COMPRESSED   0x00000014   Data   RW         3231    .data               main.o
    0x20000014   COMPRESSED   0x0000000c   Data   RW         3499    .data               camera.o
    0x20000020   COMPRESSED   0x00000008   Data   RW         3758    .data               canvas.o
    0x20000028   COMPRESSED   0x00000008   Data   RW         3824    .data               heap_solution_1.o
    0x20000030   COMPRESSED   0x00000004   Data   RW         4009    .data               texturemapper.o
    0x20000034   COMPRESSED   0x00000008   Data   RW         4168    .data               worldmap.o
    0x2000003c   COMPRESSED   0x00000004   Data   RW         4318    .data               frameratestrategy.o
    0x20000040   COMPRESSED   0x00000008   Data   RW         4374    .data               sprites_animation.o
    0x20000048   COMPRESSED   0x00000008   Data   RW         4508    .data               sprites_logical.o
    0x20000050   COMPRESSED   0x00000004   Data   RW         4723    .data               sprites_behaviortree.o
    0x20000054   COMPRESSED   0x00000004   PAD
    0x20000058   COMPRESSED   0x0000001c   Data   RW         5034    .data               pistol.o
    0x20000074   COMPRESSED   0x00000240   Data   RW         5088    .data               map.o
    0x200002b4   COMPRESSED   0x0000001c   Data   RW         5137    .data               enemy.o
    0x200002d0   COMPRESSED   0x00000004   Data   RW         5344    .data               common.o
    0x200002d4        -       0x00002800   Zero   RW         3823    .bss                heap_solution_1.o
    0x20002ad4        -       0x000000e4   Zero   RW         5412    .bss                c_w.l(rand.o)
    0x20002bb8        -       0x00000060   Zero   RW         5687    .bss                c_w.l(libspace.o)
    0x20002c18        -       0x00000200   Zero   RW            2    HEAP                startup_stm32f10x_md.o
    0x20002e18        -       0x00000400   Zero   RW            1    STACK               startup_stm32f10x_md.o


==============================================================================

Image component sizes


      Code (inc. data)   RO Data    RW Data    ZI Data      Debug   Object Name

         0          0      19648          0          0       5800   animation.o
        76          0          0          0          0       1349   bit_operate.o
      4246         92          0         12          0      24127   camera.o
       186         14          0          8          0       2912   canvas.o
        38          0          0          0          0       1028   ceruleanbird.o
         0          0          0          4          0        240   common.o
         0          0          0          0          0       4548   core_cm3.o
      9736        652        256         28          0      42434   enemy.o
        16          0          0          0          0       2002   enginefault.o
       324         20          0          4          0       3507   frameratestrategy.o
       800         20          0          8      10240       6882   heap_solution_1.o
       204         20          0          0          0       1445   key.o
       654         24          0          0          0       3393   m_stm32f103c8t6.o
      1516        220          0         20          0      12179   main.o
         0          0          0        576          0        519   map.o
         0          0          0          0          0     201728   misc.o
       528         10          0          0          0       7398   mistink.o
       108          0          0          0          0       1958   mistink_displayer.o
         0          0       1520          0          0        629   mistink_font.o
      1540        100         16         28          0       6810   pistol.o
      1352          0          0          0          0      14438   rb_tree.o
      1184         22          0          8          0      13175   sprites_animation.o
      2212         34          0          4          0      17452   sprites_behaviortree.o
      3194        102          0          8          0      23124   sprites_logical.o
        64         26        236          0       1536        844   startup_stm32f10x_md.o
       304          0          0          0          0      11908   stm32f10x_gpio.o
        26          0          0          0          0       3918   stm32f10x_it.o
        64         12          0          0          0       1114   stm32f10x_rcc.o
       106          0          0          0          0      10096   stm32f10x_spi.o
       198         42          0          0          0      23055   stm32f10x_tim.o
       328         28          0          0          0      37509   system_stm32f10x.o
       254         10          0          4          0       3372   texturemapper.o
       460         16          0          0          0       3731   vector.o
       266         34          0          8          0       5563   worldmap.o

    ----------------------------------------------------------------------
     30032       1498      21710        724      11776     500187   Object Totals
         0          0         32          0          0          0   (incl. Generated)
        48          0          2          4          0          0   (incl. Padding)

    ----------------------------------------------------------------------

      Code (inc. data)   RO Data    RW Data    ZI Data      Debug   Library Member Name

        90          0          0          0          0          0   __dczerorl2.o
         8          0          0          0          0         68   __main.o
       104          0          0          0          0         84   __printf.o
         0          0          0          0          0          0   __rtentry.o
        12          0          0          0          0          0   __rtentry2.o
         6          0          0          0          0          0   __rtentry4.o
        52          8          0          0          0          0   __scatter.o
        28          0          0          0          0          0   __scatter_zi.o
        48          6          0          0          0         96   _printf_char_common.o
         6          0          0          0          0          0   _printf_d.o
       120         16          0          0          0         92   _printf_dec.o
       178          0          0          0          0         88   _printf_intcommon.o
         0          0          0          0          0          0   _printf_percent.o
         4          0          0          0          0          0   _printf_percent_end.o
        22          0          0          0          0        100   _rserrno.o
        10          0          0          0          0         68   _sputc.o
        18          0          0          0          0         80   exit.o
         6          0          0          0          0        152   heapauxi.o
         0          0          0          0          0          0   indicate_semi.o
         2          0          0          0          0          0   libinit.o
         6          0          0          0          0          0   libinit2.o
         2          0          0          0          0          0   libshutdown.o
         2          0          0          0          0          0   libshutdown2.o
         8          4          0          0         96         68   libspace.o
        40          6          0          0          0         84   noretval__2sprintf.o
       112         18          0          0        228        160   rand.o
         8          4          0          0          0         68   rt_errno_addr_intlibspace.o
       100          0          0          0          0         80   rt_memcpy_w.o
         2          0          0          0          0          0   rtexit.o
        10          0          0          0          0          0   rtexit2.o
        62          0          0          0          0         76   strlen.o
        12          4          0          0          0         68   sys_exit.o
        74          0          0          0          0         80   sys_stackheap_outer.o
         2          0          0          0          0         68   use_no_semi.o
        98          4          0          0          0         92   d2f.o
       826         16          0          0          0        348   daddsub_clz.o
        16          4          0          0          0         68   dcheck1.o
        24          0          0          0          0         68   dcmpi.o
       688        140          0          0          0        208   ddiv.o
        94          4          0          0          0         92   dfix.o
        84          0          0          0          0        136   dflt_clz.o
       120          4          0          0          0         92   dleqf.o
       340         12          0          0          0        104   dmul.o
       156          4          0          0          0         92   dnaninf.o
       336         12          0          0          0         88   drem_clz.o
        12          0          0          0          0         68   dretinf.o
       108          0          0          0          0         80   drleqf.o
       460         56          0          0          0        120   dsqrt_noumaal.o
        86          4          0          0          0         84   f2d.o
       430          8          0          0          0        168   faddsub_clz.o
        24          0          0          0          0         68   fcmpi.o
       388         76          0          0          0         96   fdiv.o
        86          0          0          0          0        136   fflt_clz.o
       104          4          0          0          0         84   fleqf.o
       258          4          0          0          0         84   fmul.o
       140          4          0          0          0         84   fnaninf.o
        10          0          0          0          0         68   fretinf.o
        98          0          0          0          0         68   frleqf.o
       272        100          0          0          0         88   fsqrt.o
       100          0          0          0          0         68   retnan.o
        92          0          0          0          0         68   scalbn.o
        48          0          0          0          0         68   trapv.o
         0          0          0          0          0          0   usenofp.o
       544         70        152          0          0        124   atan.o
       384         38          0          0          0        144   atan2.o
       156          8          0          0          0        104   cos.o
       252         22         48          0          0        124   cos_i.o
        38          6          0          0          0        272   dunder.o
       148          4          0          0          0         88   fmod.o
        40          0          0          0          0         68   fpclassify.o
       170          0          0          0          0         96   poly.o
         0          0          8          0          0          0   qnan.o
       904         76        200          0          0        140   rred.o
       160         10          0          0          0        108   sin.o
       236         12         40          0          0        128   sin_i.o
        76          0          0          0          0         84   sqrt.o
        44          0          0          0          0         80   sqrtf.o
       100         10          0          0          0         96   tan.o
       636         50         96          0          0        168   tan_i.o

    ----------------------------------------------------------------------
     10562        828        544          0        324       6292   Library Totals
        22          0          0          0          0          0   (incl. Padding)

    ----------------------------------------------------------------------

      Code (inc. data)   RO Data    RW Data    ZI Data      Debug   Library Name

      1154         66          0          0        324       1580   c_w.l
      5498        456          0          0          0       2888   fz_ws.l
      3888        306        544          0          0       1824   m_ws.l

    ----------------------------------------------------------------------
     10562        828        544          0        324       6292   Library Totals

    ----------------------------------------------------------------------

==============================================================================


      Code (inc. data)   RO Data    RW Data    ZI Data      Debug   

     40594       2326      22254        724      12100     492071   Grand Totals
     40594       2326      22254         92      12100     492071   ELF Image Totals (compressed)
     40594       2326      22254         92          0          0   ROM Totals

==============================================================================

    Total RO  Size (Code + RO Data)                62848 (  61.38kB)
    Total RW  Size (RW Data + ZI Data)             12824 (  12.52kB)
    Total ROM Size (Code + RO Data + RW Data)      62940 (  61.46kB)

==============================================================================

