Component: ARM Compiler 5.06 update 5 (build 528) Tool: armlink [4d35e2]

==============================================================================

Section Cross References

    startup_stm32f10x_md.o(STACK) refers (Special) to heapauxi.o(.text) for __use_two_region_memory
    startup_stm32f10x_md.o(HEAP) refers (Special) to heapauxi.o(.text) for __use_two_region_memory
    startup_stm32f10x_md.o(RESET) refers (Special) to heapauxi.o(.text) for __use_two_region_memory
    startup_stm32f10x_md.o(RESET) refers to startup_stm32f10x_md.o(STACK) for __initial_sp
    startup_stm32f10x_md.o(RESET) refers to startup_stm32f10x_md.o(.text) for Reset_Handler
    startup_stm32f10x_md.o(RESET) refers to stm32f10x_it.o(i.NMI_Handler) for NMI_Handler
    startup_stm32f10x_md.o(RESET) refers to stm32f10x_it.o(i.HardFault_Handler) for HardFault_Handler
    startup_stm32f10x_md.o(RESET) refers to stm32f10x_it.o(i.MemManage_Handler) for MemManage_Handler
    startup_stm32f10x_md.o(RESET) refers to stm32f10x_it.o(i.BusFault_Handler) for BusFault_Handler
    startup_stm32f10x_md.o(RESET) refers to stm32f10x_it.o(i.UsageFault_Handler) for UsageFault_Handler
    startup_stm32f10x_md.o(RESET) refers to stm32f10x_it.o(i.SVC_Handler) for SVC_Handler
    startup_stm32f10x_md.o(RESET) refers to stm32f10x_it.o(i.DebugMon_Handler) for DebugMon_Handler
    startup_stm32f10x_md.o(RESET) refers to stm32f10x_it.o(i.PendSV_Handler) for PendSV_Handler
    startup_stm32f10x_md.o(RESET) refers to stm32f10x_it.o(i.SysTick_Handler) for SysTick_Handler
    startup_stm32f10x_md.o(RESET) refers to main.o(i.TIM2_IRQHandler) for TIM2_IRQHandler
    startup_stm32f10x_md.o(RESET) refers to oled.o(i.EXTI15_10_IRQHandler) for EXTI15_10_IRQHandler
    startup_stm32f10x_md.o(.text) refers (Special) to heapauxi.o(.text) for __use_two_region_memory
    startup_stm32f10x_md.o(.text) refers to system_stm32f10x.o(i.SystemInit) for SystemInit
    startup_stm32f10x_md.o(.text) refers to __main.o(!!!main) for __main
    startup_stm32f10x_md.o(.text) refers to startup_stm32f10x_md.o(HEAP) for Heap_Mem
    startup_stm32f10x_md.o(.text) refers to startup_stm32f10x_md.o(STACK) for Stack_Mem
    system_stm32f10x.o(i.SetSysClock) refers to system_stm32f10x.o(i.SetSysClockTo72) for SetSysClockTo72
    system_stm32f10x.o(i.SystemCoreClockUpdate) refers to system_stm32f10x.o(.data) for SystemCoreClock
    system_stm32f10x.o(i.SystemInit) refers to system_stm32f10x.o(i.SetSysClock) for SetSysClock
    stm32f10x_adc.o(i.ADC_DeInit) refers to stm32f10x_rcc.o(i.RCC_APB2PeriphResetCmd) for RCC_APB2PeriphResetCmd
    stm32f10x_bkp.o(i.BKP_DeInit) refers to stm32f10x_rcc.o(i.RCC_BackupResetCmd) for RCC_BackupResetCmd
    stm32f10x_can.o(i.CAN_DeInit) refers to stm32f10x_rcc.o(i.RCC_APB1PeriphResetCmd) for RCC_APB1PeriphResetCmd
    stm32f10x_can.o(i.CAN_GetITStatus) refers to stm32f10x_can.o(i.CheckITStatus) for CheckITStatus
    stm32f10x_cec.o(i.CEC_DeInit) refers to stm32f10x_rcc.o(i.RCC_APB1PeriphResetCmd) for RCC_APB1PeriphResetCmd
    stm32f10x_dac.o(i.DAC_DeInit) refers to stm32f10x_rcc.o(i.RCC_APB1PeriphResetCmd) for RCC_APB1PeriphResetCmd
    stm32f10x_flash.o(i.FLASH_EnableWriteProtection) refers to stm32f10x_flash.o(i.FLASH_WaitForLastOperation) for FLASH_WaitForLastOperation
    stm32f10x_flash.o(i.FLASH_EraseAllBank1Pages) refers to stm32f10x_flash.o(i.FLASH_WaitForLastBank1Operation) for FLASH_WaitForLastBank1Operation
    stm32f10x_flash.o(i.FLASH_EraseAllPages) refers to stm32f10x_flash.o(i.FLASH_WaitForLastOperation) for FLASH_WaitForLastOperation
    stm32f10x_flash.o(i.FLASH_EraseOptionBytes) refers to stm32f10x_flash.o(i.FLASH_GetReadOutProtectionStatus) for FLASH_GetReadOutProtectionStatus
    stm32f10x_flash.o(i.FLASH_EraseOptionBytes) refers to stm32f10x_flash.o(i.FLASH_WaitForLastOperation) for FLASH_WaitForLastOperation
    stm32f10x_flash.o(i.FLASH_ErasePage) refers to stm32f10x_flash.o(i.FLASH_WaitForLastOperation) for FLASH_WaitForLastOperation
    stm32f10x_flash.o(i.FLASH_ProgramHalfWord) refers to stm32f10x_flash.o(i.FLASH_WaitForLastOperation) for FLASH_WaitForLastOperation
    stm32f10x_flash.o(i.FLASH_ProgramOptionByteData) refers to stm32f10x_flash.o(i.FLASH_WaitForLastOperation) for FLASH_WaitForLastOperation
    stm32f10x_flash.o(i.FLASH_ProgramWord) refers to stm32f10x_flash.o(i.FLASH_WaitForLastOperation) for FLASH_WaitForLastOperation
    stm32f10x_flash.o(i.FLASH_ReadOutProtection) refers to stm32f10x_flash.o(i.FLASH_WaitForLastOperation) for FLASH_WaitForLastOperation
    stm32f10x_flash.o(i.FLASH_UserOptionByteConfig) refers to stm32f10x_flash.o(i.FLASH_WaitForLastOperation) for FLASH_WaitForLastOperation
    stm32f10x_flash.o(i.FLASH_WaitForLastBank1Operation) refers to stm32f10x_flash.o(i.FLASH_GetBank1Status) for FLASH_GetBank1Status
    stm32f10x_flash.o(i.FLASH_WaitForLastOperation) refers to stm32f10x_flash.o(i.FLASH_GetBank1Status) for FLASH_GetBank1Status
[...]
    ../clib/string.c                         0x00000000   Number         0  strlen.o ABSOLUTE
    ../fplib/d2f.s                           0x00000000   Number         0  d2f.o ABSOLUTE
    ../fplib/daddsub.s                       0x00000000   Number         0  daddsub_clz.o ABSOLUTE
    ../fplib/dcheck1.s                       0x00000000   Number         0  dcheck1.o ABSOLUTE
    ../fplib/dcmpi.s                         0x00000000   Number         0  dcmpi.o ABSOLUTE
    ../fplib/ddiv.s                          0x00000000   Number         0  ddiv.o ABSOLUTE
    ../fplib/dfix.s                          0x00000000   Number         0  dfix.o ABSOLUTE
    ../fplib/dfixu.s                         0x00000000   Number         0  dfixu.o ABSOLUTE
    ../fplib/dflt.s                          0x00000000   Number         0  dflt_clz.o ABSOLUTE
    ../fplib/dleqf.s                         0x00000000   Number         0  dleqf.o ABSOLUTE
    ../fplib/dmul.s                          0x00000000   Number         0  dmul.o ABSOLUTE
    ../fplib/dnaninf.s                       0x00000000   Number         0  dnaninf.o ABSOLUTE
    ../fplib/dretinf.s                       0x00000000   Number         0  dretinf.o ABSOLUTE
    ../fplib/drleqf.s                        0x00000000   Number         0  drleqf.o ABSOLUTE
    ../fplib/dsqrt.s                         0x00000000   Number         0  dsqrt_noumaal.o ABSOLUTE
    ../fplib/f2d.s                           0x00000000   Number         0  f2d.o ABSOLUTE
    ../fplib/faddsub.s                       0x00000000   Number         0  faddsub_clz.o ABSOLUTE
    ../fplib/fcmpi.s                         0x00000000   Number         0  fcmpi.o ABSOLUTE
    ../fplib/ffixu.s                         0x00000000   Number         0  ffixu.o ABSOLUTE
    ../fplib/fflt.s                          0x00000000   Number         0  fflt_clz.o ABSOLUTE
    ../fplib/fleqf.s                         0x00000000   Number         0  fleqf.o ABSOLUTE
    ../fplib/fnaninf.s                       0x00000000   Number         0  fnaninf.o ABSOLUTE
    ../fplib/fpinit.s                        0x00000000   Number         0  fpinit.o ABSOLUTE
    ../fplib/fretinf.s                       0x00000000   Number         0  fretinf.o ABSOLUTE
    ../fplib/retnan.s                        0x00000000   Number         0  retnan.o ABSOLUTE
    ../fplib/scalbn.s                        0x00000000   Number         0  scalbn.o ABSOLUTE
    ../fplib/trapv.s                         0x00000000   Number         0  trapv.o ABSOLUTE
    ../fplib/usenofp.s                       0x00000000   Number         0  usenofp.o ABSOLUTE
    ../mathlib/cos.c                         0x00000000   Number         0  cos_x.o ABSOLUTE
    ../mathlib/cos.c                         0x00000000   Number         0  cos.o ABSOLUTE
    ../mathlib/cos_i.c                       0x00000000   Number         0  cos_i.o ABSOLUTE
    ../mathlib/dunder.c                      0x00000000   Number         0  dunder.o ABSOLUTE
    ../mathlib/fpclassify.c                  0x00000000   Number         0  fpclassify.o ABSOLUTE
    ../mathlib/poly.c                        0x00000000   Number         0  poly.o ABSOLUTE
    ../mathlib/rred.c                        0x00000000   Number         0  rred.o ABSOLUTE
    ../mathlib/sin.c                         0x00000000   Number         0  sin_x.o ABSOLUTE
    ../mathlib/sin.c                         0x00000000   Number         0  sin.o ABSOLUTE
    ../mathlib/sin_i.c                       0x00000000   Number         0  sin_i_x.o ABSOLUTE
    ../mathlib/sin_i.c                       0x00000000   Number         0  sin_i.o ABSOLUTE
    ../mathlib/sqrt.c                        0x00000000   Number         0  sqrt.o ABSOLUTE
    ../mathlib/sqrt.c                        0x00000000   Number         0  sqrt_x.o ABSOLUTE
    ../mathlib/tan.c                         0x00000000   Number         0  tan.o ABSOLUTE
    ../mathlib/tan.c                         0x00000000   Number         0  tan_x.o ABSOLUTE
    ../mathlib/tan_i.c                       0x00000000   Number         0  tan_i_x.o ABSOLUTE
    ../mathlib/tan_i.c                       0x00000000   Number         0  tan_i.o ABSOLUTE
    CeruleanBird\source\Camera.c             0x00000000   Number         0  camera.o ABSOLUTE
    CeruleanBird\source\Canvas.c             0x00000000   Number         0  canvas.o ABSOLUTE
    CeruleanBird\source\CeruleanBird.c       0x00000000   Number         0  ceruleanbird.o ABSOLUTE
    CeruleanBird\source\EngineFault.c        0x00000000   Number         0  enginefault.o ABSOLUTE
    CeruleanBird\source\RB_Tree.c            0x00000000   Number         0  rb_tree.o ABSOLUTE
    CeruleanBird\source\Stack.c              0x00000000   Number         0  stack.o ABSOLUTE
    CeruleanBird\source\TextureMapper.c      0x00000000   Number         0  texturemapper.o ABSOLUTE
    CeruleanBird\source\WorldMap.c           0x00000000   Number         0  worldmap.o ABSOLUTE
    CeruleanBird\source\bit_operate.c        0x00000000   Number         0  bit_operate.o ABSOLUTE
    CeruleanBird\source\heap_solution_1.c    0x00000000   Number         0  heap_solution_1.o ABSOLUTE
    CeruleanBird\source\vector.c             0x00000000   Number         0  vector.o ABSOLUTE
    Hardware\OLED.c                          0x00000000   Number         0  oled.o ABSOLUTE
    Hardware\five_way_key.c                  0x00000000   Number         0  five_way_key.o ABSOLUTE
    Library\misc.c                           0x00000000   Number         0  misc.o ABSOLUTE
    Library\stm32f10x_adc.c                  0x00000000   Number         0  stm32f10x_adc.o ABSOLUTE
    Library\stm32f10x_bkp.c                  0x00000000   Number         0  stm32f10x_bkp.o ABSOLUTE
    Library\stm32f10x_can.c                  0x00000000   Number         0  stm32f10x_can.o ABSOLUTE
    Library\stm32f10x_cec.c                  0x00000000   Number         0  stm32f10x_cec.o ABSOLUTE
    Library\stm32f10x_crc.c                  0x00000000   Number         0  stm32f10x_crc.o ABSOLUTE
    Library\stm32f10x_dac.c                  0x00000000   Number         0  stm32f10x_dac.o ABSOLUTE
    Library\stm32f10x_dbgmcu.c               0x00000000   Number         0  stm32f10x_dbgmcu.o ABSOLUTE
    Library\stm32f10x_dma.c                  0x00000000   Number         0  stm32f10x_dma.o ABSOLUTE
    Library\stm32f10x_exti.c                 0x00000000   Number         0  stm32f10x_exti.o ABSOLUTE
    Library\stm32f10x_flash.c                0x00000000   Number         0  stm32f10x_flash.o ABSOLUTE
    Library\stm32f10x_fsmc.c                 0x00000000   Number         0  stm32f10x_fsmc.o ABSOLUTE
    Library\stm32f10x_gpio.c                 0x00000000   Number         0  stm32f10x_gpio.o ABSOLUTE
    Library\stm32f10x_i2c.c                  0x00000000   Number         0  stm32f10x_i2c.o ABSOLUTE
    Library\stm32f10x_iwdg.c                 0x00000000   Number         0  stm32f10x_iwdg.o ABSOLUTE
    Library\stm32f10x_pwr.c                  0x00000000   Number         0  stm32f10x_pwr.o ABSOLUTE
    Library\stm32f10x_rcc.c                  0x00000000   Number         0  stm32f10x_rcc.o ABSOLUTE
    Library\stm32f10x_rtc.c                  0x00000000   Number         0  stm32f10x_rtc.o ABSOLUTE
    Library\stm32f10x_sdio.c                 0x00000000   Number         0  stm32f10x_sdio.o ABSOLUTE
    Library\stm32f10x_spi.c                  0x00000000   Number         0  stm32f10x_spi.o ABSOLUTE
    Library\stm32f10x_tim.c                  0x00000000   Number         0  stm32f10x_tim.o ABSOLUTE
    Library\stm32f10x_usart.c                0x00000000   Number         0  stm32f10x_usart.o ABSOLUTE
    Library\stm32f10x_wwdg.c                 0x00000000   Number         0  stm32f10x_wwdg.o ABSOLUTE
    Start\\core_cm3.c                        0x00000000   Number         0  core_cm3.o ABSOLUTE
    Start\core_cm3.c                         0x00000000   Number         0  core_cm3.o ABSOLUTE
    Start\startup_stm32f10x_md.s             0x00000000   Number         0  startup_stm32f10x_md.o ABSOLUTE
    Start\system_stm32f10x.c                 0x00000000   Number         0  system_stm32f10x.o ABSOLUTE
    User\main.c                              0x00000000   Number         0  main.o ABSOLUTE
    User\stm32f10x_it.c                      0x00000000   Number         0  stm32f10x_it.o ABSOLUTE
    dc.s                                     0x00000000   Number         0  dc.o ABSOLUTE
    RESET                                    0x08000000   Section      236  startup_stm32f10x_md.o(RESET)
    !!!main                                  0x080000ec   Section        8  __main.o(!!!main)
    !!!scatter                               0x080000f4   Section       52  __scatter.o(!!!scatter)
    !!dczerorl2                              0x08000128   Section       90  __dczerorl2.o(!!dczerorl2)
    !!handler_zi                             0x08000184   Section       28  __scatter_zi.o(!!handler_zi)
    .ARM.Collect$$_printf_percent$$00000000  0x080001a0   Section        0  _printf_percent.o(.ARM.Collect$$_printf_percent$$00000000)
    .ARM.Collect$$_printf_percent$$00000009  0x080001a0   Section        6  _printf_d.o(.ARM.Collect$$_printf_percent$$00000009)
    .ARM.Collect$$_printf_percent$$00000017  0x080001a6   Section        4  _printf_percent_end.o(.ARM.Collect$$_printf_percent$$00000017)
    .ARM.Collect$$libinit$$00000000          0x080001aa   Section        2  libinit.o(.ARM.Collect$$libinit$$00000000)
    .ARM.Collect$$libinit$$00000002          0x080001ac   Section        0  libinit2.o(.ARM.Collect$$libinit$$00000002)
    .ARM.Collect$$libinit$$00000004          0x080001ac   Section        0  libinit2.o(.ARM.Collect$$libinit$$00000004)
    .ARM.Collect$$libinit$$0000000A          0x080001ac   Section        0  libinit2.o(.ARM.Collect$$libinit$$0000000A)
    .ARM.Collect$$libinit$$0000000C          0x080001ac   Section        0  libinit2.o(.ARM.Collect$$libinit$$0000000C)
    .ARM.Collect$$libinit$$0000000E          0x080001ac   Section        0  libinit2.o(.ARM.Collect$$libinit$$0000000E)
    .ARM.Collect$$libinit$$00000011          0x080001ac   Section        0  libinit2.o(.ARM.Collect$$libinit$$00000011)
    .ARM.Collect$$libinit$$00000013          0x080001ac   Section        0  libinit2.o(.ARM.Collect$$libinit$$00000013)
    .ARM.Collect$$libinit$$00000015          0x080001ac   Section        0  libinit2.o(.ARM.Collect$$libinit$$00000015)
    .ARM.Collect$$libinit$$00000017          0x080001ac   Section        0  libinit2.o(.ARM.Collect$$libinit$$00000017)
    .ARM.Collect$$libinit$$00000019          0x080001ac   Section        0  libinit2.o(.ARM.Collect$$libinit$$00000019)
    .ARM.Collect$$libinit$$0000001B          0x080001ac   Section        0  libinit2.o(.ARM.Collect$$libinit$$0000001B)
    .ARM.Collect$$libinit$$0000001D          0x080001ac   Section        0  libinit2.o(.ARM.Collect$$libinit$$0000001D)
    .ARM.Collect$$libinit$$0000001F          0x080001ac   Section        0  libinit2.o(.ARM.Collect$$libinit$$0000001F)
    .ARM.Collect$$libinit$$00000021          0x080001ac   Section        0  libinit2.o(.ARM.Collect$$libinit$$00000021)
    .ARM.Collect$$libinit$$00000023          0x080001ac   Section        0  libinit2.o(.ARM.Collect$$libinit$$00000023)
    .ARM.Collect$$libinit$$00000025          0x080001ac   Section        0  libinit2.o(.ARM.Collect$$libinit$$00000025)
    .ARM.Collect$$libinit$$0000002C          0x080001ac   Section        0  libinit2.o(.ARM.Collect$$libinit$$0000002C)
    .ARM.Collect$$libinit$$0000002E          0x080001ac   Section        0  libinit2.o(.ARM.Collect$$libinit$$0000002E)
    .ARM.Collect$$libinit$$00000030          0x080001ac   Section        0  libinit2.o(.ARM.Collect$$libinit$$00000030)
    .ARM.Collect$$libinit$$00000032          0x080001ac   Section        0  libinit2.o(.ARM.Collect$$libinit$$00000032)
    .ARM.Collect$$libinit$$00000033          0x080001ac   Section        2  libinit2.o(.ARM.Collect$$libinit$$00000033)
    .ARM.Collect$$libshutdown$$00000000      0x080001ae   Section        2  libshutdown.o(.ARM.Collect$$libshutdown$$00000000)
    .ARM.Collect$$libshutdown$$00000002      0x080001b0   Section        0  libshutdown2.o(.ARM.Collect$$libshutdown$$00000002)
    .ARM.Collect$$libshutdown$$00000004      0x080001b0   Section        0  libshutdown2.o(.ARM.Collect$$libshutdown$$00000004)
    .ARM.Collect$$libshutdown$$00000007      0x080001b0   Section        0  libshutdown2.o(.ARM.Collect$$libshutdown$$00000007)
    .ARM.Collect$$libshutdown$$0000000A      0x080001b0   Section        0  libshutdown2.o(.ARM.Collect$$libshutdown$$0000000A)
    .ARM.Collect$$libshutdown$$0000000C      0x080001b0   Section        0  libshutdown2.o(.ARM.Collect$$libshutdown$$0000000C)
    .ARM.Collect$$libshutdown$$0000000F      0x080001b0   Section        0  libshutdown2.o(.ARM.Collect$$libshutdown$$0000000F)
    .ARM.Collect$$libshutdown$$00000010      0x080001b0   Section        2  libshutdown2.o(.ARM.Collect$$libshutdown$$00000010)
    .ARM.Collect$$rtentry$$00000000          0x080001b2   Section        0  __rtentry.o(.ARM.Collect$$rtentry$$00000000)
    .ARM.Collect$$rtentry$$00000002          0x080001b2   Section        0  __rtentry2.o(.ARM.Collect$$rtentry$$00000002)
    .ARM.Collect$$rtentry$$00000004          0x080001b2   Section        6  __rtentry4.o(.ARM.Collect$$rtentry$$00000004)
    .ARM.Collect$$rtentry$$00000009          0x080001b8   Section        0  __rtentry2.o(.ARM.Collect$$rtentry$$00000009)
    .ARM.Collect$$rtentry$$0000000A          0x080001b8   Section        4  __rtentry2.o(.ARM.Collect$$rtentry$$0000000A)
    .ARM.Collect$$rtentry$$0000000C          0x080001bc   Section        0  __rtentry2.o(.ARM.Collect$$rtentry$$0000000C)
    .ARM.Collect$$rtentry$$0000000D          0x080001bc   Section        8  __rtentry2.o(.ARM.Collect$$rtentry$$0000000D)
    .ARM.Collect$$rtexit$$00000000           0x080001c4   Section        2  rtexit.o(.ARM.Collect$$rtexit$$00000000)
    .ARM.Collect$$rtexit$$00000002           0x080001c6   Section        0  rtexit2.o(.ARM.Collect$$rtexit$$00000002)
    .ARM.Collect$$rtexit$$00000003           0x080001c6   Section        4  rtexit2.o(.ARM.Collect$$rtexit$$00000003)
    .ARM.Collect$$rtexit$$00000004           0x080001ca   Section        6  rtexit2.o(.ARM.Collect$$rtexit$$00000004)
    .text                                    0x080001d0   Section       64  startup_stm32f10x_md.o(.text)
    .text                                    0x08000210   Section        0  noretval__2sprintf.o(.text)
    .text                                    0x08000238   Section        0  __printf.o(.text)
    .text                                    0x080002a0   Section        0  _printf_dec.o(.text)
    .text                                    0x08000318   Section        0  strlen.o(.text)
    .text                                    0x08000356   Section        0  heapauxi.o(.text)
    .text                                    0x0800035c   Section        0  _rserrno.o(.text)
    .text                                    0x08000372   Section        0  _printf_intcommon.o(.text)
    .text                                    0x08000424   Section        0  _printf_char_common.o(.text)
    _printf_input_char                       0x08000425   Thumb Code    10  _printf_char_common.o(.text)
    .text                                    0x08000454   Section        0  _sputc.o(.text)
    .text                                    0x08000460   Section        8  rt_errno_addr_intlibspace.o(.text)
    .text                                    0x08000468   Section        8  libspace.o(.text)
    .text                                    0x08000470   Section       74  sys_stackheap_outer.o(.text)
    .text                                    0x080004ba   Section        0  exit.o(.text)
    .text                                    0x080004cc   Section        0  sys_exit.o(.text)
    .text                                    0x080004d8   Section        2  use_no_semi.o(.text)
    .text                                    0x080004da   Section        0  indicate_semi.o(.text)
    i.AdjustInsert                           0x080004da   Section        0  rb_tree.o(i.AdjustInsert)
    i.Bit_Modification                       0x0800059a   Section        0  oled.o(i.Bit_Modification)
    i.Bit_Modify_Within_Byte                 0x080005c8   Section        0  bit_operate.o(i.Bit_Modify_Within_Byte)
    i.Buffer_Output                          0x080005f4   Section        0  oled.o(i.Buffer_Output)
    i.Buffer_Refresh                         0x08000628   Section        0  oled.o(i.Buffer_Refresh)
    i.BusFault_Handler                       0x08000650   Section        0  stm32f10x_it.o(i.BusFault_Handler)
    i.Camera_Init                            0x08000654   Section        0  camera.o(i.Camera_Init)
    i.Camera_LeftPan                         0x08000770   Section        0  camera.o(i.Camera_LeftPan)
    i.Camera_Render                          0x08000898   Section        0  camera.o(i.Camera_Render)
    i.Canvas_GetUnit                         0x08000d28   Section        0  canvas.o(i.Canvas_GetUnit)
    i.Canvas_Init                            0x08000d54   Section        0  canvas.o(i.Canvas_Init)
    i.Canvas_PixelOperate                    0x08000d9c   Section        0  canvas.o(i.Canvas_PixelOperate)
    i.Canvas_SetCanvasModeToRedirect         0x08000e08   Section        0  canvas.o(i.Canvas_SetCanvasModeToRedirect)
    i.CeruleanBird_Init                      0x08000e2c   Section        0  ceruleanbird.o(i.CeruleanBird_Init)
    i.DebugMon_Handler                       0x08000e54   Section        0  stm32f10x_it.o(i.DebugMon_Handler)
    i.Display_register                       0x08000e58   Section        0  oled.o(i.Display_register)
    i.EXTI15_10_IRQHandler                   0x08000e78   Section        0  oled.o(i.EXTI15_10_IRQHandler)
    i.EXTI_ClearITPendingBit                 0x08000e94   Section        0  stm32f10x_exti.o(i.EXTI_ClearITPendingBit)
    i.EXTI_GenerateSWInterrupt               0x08000ea0   Section        0  stm32f10x_exti.o(i.EXTI_GenerateSWInterrupt)
    i.EXTI_GetITStatus                       0x08000eb0   Section        0  stm32f10x_exti.o(i.EXTI_GetITStatus)
    i.EXTI_Init                              0x08000ed8   Section        0  stm32f10x_exti.o(i.EXTI_Init)
    i.EngineFault_IllegalAccess_Handle       0x08000f6c   Section        0  enginefault.o(i.EngineFault_IllegalAccess_Handle)
    i.EngineFault_IllegalFree_Handle         0x08000f70   Section        0  enginefault.o(i.EngineFault_IllegalFree_Handle)
    i.EngineFault_NullPointerGuard_Handle    0x08000f74   Section        0  enginefault.o(i.EngineFault_NullPointerGuard_Handle)
    i.Font_Read                              0x08000f78   Section        0  oled.o(i.Font_Read)
    i.GPIO_Init                              0x08000fc8   Section        0  stm32f10x_gpio.o(i.GPIO_Init)
    i.GPIO_WriteBit                          0x080010de   Section        0  stm32f10x_gpio.o(i.GPIO_WriteBit)
    i.GetBufferAPI                           0x080010e8   Section        0  oled.o(i.GetBufferAPI)
    i.HardFault_Handler                      0x080010f0   Section        0  stm32f10x_it.o(i.HardFault_Handler)
    i.Hj_Int                                 0x080010f4   Section        0  oled.o(i.Hj_Int)
    i.Hj_String                              0x08001120   Section        0  oled.o(i.Hj_String)
    i.MemManage_Handler                      0x080011f6   Section        0  stm32f10x_it.o(i.MemManage_Handler)
    i.NMI_Handler                            0x080011fa   Section        0  stm32f10x_it.o(i.NMI_Handler)
    i.NVIC_Init                              0x080011fc   Section        0  misc.o(i.NVIC_Init)
    i.NVIC_PriorityGroupConfig               0x0800126c   Section        0  misc.o(i.NVIC_PriorityGroupConfig)
    i.OLED_Clear                             0x08001280   Section        0  oled.o(i.OLED_Clear)
    i.OLED_I2C_Init                          0x080012ac   Section        0  oled.o(i.OLED_I2C_Init)
    i.OLED_I2C_SendByte                      0x080012fc   Section        0  oled.o(i.OLED_I2C_SendByte)
    i.OLED_I2C_Start                         0x08001350   Section        0  oled.o(i.OLED_I2C_Start)
    i.OLED_I2C_Stop                          0x08001384   Section        0  oled.o(i.OLED_I2C_Stop)
    i.OLED_Init                              0x080013ac   Section        0  oled.o(i.OLED_Init)
    i.OLED_SetCursor                         0x080014a0   Section        0  oled.o(i.OLED_SetCursor)
    i.OLED_WriteCommand                      0x080014c2   Section        0  oled.o(i.OLED_WriteCommand)
    i.OLED_WriteData                         0x080014e2   Section        0  oled.o(i.OLED_WriteData)
    i.PendSV_Handler                         0x08001502   Section        0  stm32f10x_it.o(i.PendSV_Handler)
    i.Pixel_Operate                          0x08001504   Section        0  oled.o(i.Pixel_Operate)
    i.RCC_APB1PeriphClockCmd                 0x0800155c   Section        0  stm32f10x_rcc.o(i.RCC_APB1PeriphClockCmd)
    i.RCC_APB2PeriphClockCmd                 0x0800157c   Section        0  stm32f10x_rcc.o(i.RCC_APB2PeriphClockCmd)
    i.SVC_Handler                            0x0800159c   Section        0  stm32f10x_it.o(i.SVC_Handler)
    i.SetSysClock                            0x0800159e   Section        0  system_stm32f10x.o(i.SetSysClock)
    SetSysClock                              0x0800159f   Thumb Code     8  system_stm32f10x.o(i.SetSysClock)
    i.SetSysClockTo72                        0x080015a8   Section        0  system_stm32f10x.o(i.SetSysClockTo72)
    SetSysClockTo72                          0x080015a9   Thumb Code   214  system_stm32f10x.o(i.SetSysClockTo72)
    i.SysTick_Handler                        0x08001688   Section        0  stm32f10x_it.o(i.SysTick_Handler)
    i.SystemInit                             0x0800168c   Section        0  system_stm32f10x.o(i.SystemInit)
    i.TIM2_IRQHandler                        0x080016ec   Section        0  main.o(i.TIM2_IRQHandler)
    i.TIM_ClearITPendingBit                  0x08001718   Section        0  stm32f10x_tim.o(i.TIM_ClearITPendingBit)
    i.TIM_Cmd                                0x0800171e   Section        0  stm32f10x_tim.o(i.TIM_Cmd)
    i.TIM_GetITStatus                        0x08001736   Section        0  stm32f10x_tim.o(i.TIM_GetITStatus)
    i.TIM_ITConfig                           0x08001758   Section        0  stm32f10x_tim.o(i.TIM_ITConfig)
    i.TIM_TimeBaseInit                       0x0800176c   Section        0  stm32f10x_tim.o(i.TIM_TimeBaseInit)
    i.Texture_Add                            0x08001810   Section        0  texturemapper.o(i.Texture_Add)
    i.Texture_Extract                        0x0800187c   Section        0  texturemapper.o(i.Texture_Extract)
    i.Texture_GetTexture                     0x080018f8   Section        0  texturemapper.o(i.Texture_GetTexture)
    i.UsageFault_Handler                     0x08001910   Section        0  stm32f10x_it.o(i.UsageFault_Handler)
    i.WorldMap_Add                           0x08001914   Section        0  worldmap.o(i.WorldMap_Add)
    i.WorldMap_Extract                       0x08001970   Section        0  worldmap.o(i.WorldMap_Extract)
    i.WorldMap_GetCurrentMapPos              0x0800199c   Section        0  worldmap.o(i.WorldMap_GetCurrentMapPos)
    i.WorldMap_GetWorldMap                   0x080019a8   Section        0  worldmap.o(i.WorldMap_GetWorldMap)
    i.__ARM_fpclassify                       0x080019c0   Section        0  fpclassify.o(i.__ARM_fpclassify)
    i.__ieee754_rem_pio2                     0x080019e8   Section        0  rred.o(i.__ieee754_rem_pio2)
    i.__kernel_cos                           0x08001d70   Section        0  cos_i.o(i.__kernel_cos)
    i.__kernel_poly                          0x08001e6c   Section        0  poly.o(i.__kernel_poly)
    i.__kernel_sin                           0x08001f18   Section        0  sin_i.o(i.__kernel_sin)
    i.__kernel_tan                           0x08002004   Section        0  tan_i.o(i.__kernel_tan)
    i.__mathlib_dbl_infnan                   0x08002280   Section        0  dunder.o(i.__mathlib_dbl_infnan)
    i.__mathlib_dbl_invalid                  0x08002286   Section        0  dunder.o(i.__mathlib_dbl_invalid)
    i.__mathlib_dbl_underflow                0x08002294   Section        0  dunder.o(i.__mathlib_dbl_underflow)
    i.bitToByte                              0x080022a4   Section        0  bit_operate.o(i.bitToByte)
    i.c_free                                 0x080022c8   Section        0  heap_solution_1.o(i.c_free)
    i.c_malloc                               0x08002328   Section        0  heap_solution_1.o(i.c_malloc)
    i.calculate_crc8                         0x080023cc   Section        0  heap_solution_1.o(i.calculate_crc8)
    i.cos                                    0x08002404   Section        0  cos.o(i.cos)
    i.createNode                             0x080024a0   Section        0  rb_tree.o(i.createNode)
    i.frame_capture                          0x080024c8   Section        0  main.o(i.frame_capture)
    i.init_timer                             0x080024d8   Section        0  main.o(i.init_timer)
    i.leftRotate                             0x08002538   Section        0  rb_tree.o(i.leftRotate)
    i.main                                   0x0800256c   Section        0  main.o(i.main)
    i.memory_pool_init                       0x080026c4   Section        0  heap_solution_1.o(i.memory_pool_init)
    i.print                                  0x08002738   Section        0  oled.o(i.print)
    i.rbInsert                               0x08002744   Section        0  rb_tree.o(i.rbInsert)
    i.rightRotate                            0x080027ba   Section        0  rb_tree.o(i.rightRotate)
    i.search                                 0x080027ee   Section        0  rb_tree.o(i.search)
    i.sin                                    0x08002810   Section        0  sin.o(i.sin)
    i.sqrt                                   0x080028b0   Section        0  sqrt.o(i.sqrt)
    i.tan                                    0x080028fc   Section        0  tan.o(i.tan)
    i.vector_Create                          0x08002960   Section        0  vector.o(i.vector_Create)
    i.vector_Magnitude                       0x0800297c   Section        0  vector.o(i.vector_Magnitude)
    i.vector_MagnitudeSquare                 0x0800298e   Section        0  vector.o(i.vector_MagnitudeSquare)
    i.vector_Normalize                       0x080029cc   Section        0  vector.o(i.vector_Normalize)
    i.vector_Scalar_Div                      0x08002abc   Section        0  vector.o(i.vector_Scalar_Div)
    i.verifyBlock                            0x08002b2c   Section        0  heap_solution_1.o(i.verifyBlock)
    x$fpl$dadd                               0x08002b48   Section      336  daddsub_clz.o(x$fpl$dadd)
    _dadd1                                   0x08002b59   Thumb Code     0  daddsub_clz.o(x$fpl$dadd)
    x$fpl$dcheck1                            0x08002c98   Section       16  dcheck1.o(x$fpl$dcheck1)
    x$fpl$dcmpinf                            0x08002ca8   Section       24  dcmpi.o(x$fpl$dcmpinf)
    x$fpl$ddiv                               0x08002cc0   Section      688  ddiv.o(x$fpl$ddiv)
    ddiv_entry                               0x08002cc7   Thumb Code     0  ddiv.o(x$fpl$ddiv)
    x$fpl$dfix                               0x08002f70   Section       94  dfix.o(x$fpl$dfix)
    x$fpl$dflt                               0x08002fce   Section       46  dflt_clz.o(x$fpl$dflt)
    x$fpl$dfltu                              0x08002ffc   Section       38  dflt_clz.o(x$fpl$dfltu)
    x$fpl$dleqf                              0x08003024   Section      120  dleqf.o(x$fpl$dleqf)
    x$fpl$dmul                               0x0800309c   Section      340  dmul.o(x$fpl$dmul)
    x$fpl$dnaninf                            0x080031f0   Section      156  dnaninf.o(x$fpl$dnaninf)
    x$fpl$dretinf                            0x0800328c   Section       12  dretinf.o(x$fpl$dretinf)
    x$fpl$drleqf                             0x08003298   Section      108  drleqf.o(x$fpl$drleqf)
    x$fpl$drsb                               0x08003304   Section       22  daddsub_clz.o(x$fpl$drsb)
    x$fpl$dsqrt                              0x0800331c   Section      460  dsqrt_noumaal.o(x$fpl$dsqrt)
    x$fpl$dsub                               0x080034e8   Section      468  daddsub_clz.o(x$fpl$dsub)
    _dsub1                                   0x080034f9   Thumb Code     0  daddsub_clz.o(x$fpl$dsub)
    x$fpl$retnan                             0x080036bc   Section      100  retnan.o(x$fpl$retnan)
    x$fpl$scalbn                             0x08003720   Section       92  scalbn.o(x$fpl$scalbn)
    x$fpl$trapveneer                         0x0800377c   Section       48  trapv.o(x$fpl$trapveneer)
    .constdata                               0x080037ac   Section     1520  oled.o(.constdata)
    x$fpl$usenofp                            0x080037ac   Section        0  usenofp.o(x$fpl$usenofp)
    .constdata                               0x08003da0   Section       48  cos_i.o(.constdata)
    C                                        0x08003da0   Data          48  cos_i.o(.constdata)
    .constdata                               0x08003dd0   Section      200  rred.o(.constdata)
    pio2s                                    0x08003dd0   Data          48  rred.o(.constdata)
    twooverpi                                0x08003e00   Data         152  rred.o(.constdata)
    .constdata                               0x08003e98   Section       40  sin_i.o(.constdata)
    S                                        0x08003e98   Data          40  sin_i.o(.constdata)
    .constdata                               0x08003ec0   Section       96  tan_i.o(.constdata)
    Todd                                     0x08003ec0   Data          48  tan_i.o(.constdata)
    Teven                                    0x08003ef0   Data          48  tan_i.o(.constdata)
    .data                                    0x20000000   Section      872  main.o(.data)
    .data                                    0x20000368   Section        8  canvas.o(.data)
    .data                                    0x20000370   Section        8  heap_solution_1.o(.data)
    BlockListHeader                          0x20000374   Data           4  heap_solution_1.o(.data)
    .data                                    0x20000378   Section        4  texturemapper.o(.data)
    .data                                    0x2000037c   Section        8  worldmap.o(.data)
    .bss                                     0x20000384   Section     1024  oled.o(.bss)
    SCREEN_CACHE                             0x20000384   Data        1024  oled.o(.bss)
    .bss                                     0x20000784   Section    10240  heap_solution_1.o(.bss)
    MEMORY_POOL                              0x20000784   Data       10240  heap_solution_1.o(.bss)
    .bss                                     0x20002f84   Section       96  libspace.o(.bss)
    HEAP                                     0x20002fe8   Section      512  startup_stm32f10x_md.o(HEAP)
    Heap_Mem                                 0x20002fe8   Data         512  startup_stm32f10x_md.o(HEAP)
    STACK                                    0x200031e8   Section     1024  startup_stm32f10x_md.o(STACK)
    Stack_Mem                                0x200031e8   Data        1024  startup_stm32f10x_md.o(STACK)
    __initial_sp                             0x200035e8   Data           0  startup_stm32f10x_md.o(STACK)

    Global Symbols

    Symbol Name                              Value     Ov Type        Size  Object(Section)

    BuildAttributes$$THM_ISAv4$P$D$K$B$S$PE$A:L22UL41UL21$X:L11$S22US41US21$IEEE1$IW$USESV6$~STKCKD$USESV7$~SHL$OTIME$ROPI$IEEEX$EBA8$UX$STANDARDLIB$REQ8$PRES8$EABIv2 0x00000000   Number         0  anon$$obj.o ABSOLUTE
    __ARM_use_no_argv                        0x00000000   Number         0  main.o ABSOLUTE
    __ARM_exceptions_init                     - Undefined Weak Reference
    __alloca_initialize                       - Undefined Weak Reference
    __arm_preinit_                            - Undefined Weak Reference
    __cpp_initialize__aeabi_                  - Undefined Weak Reference
    __cxa_finalize                            - Undefined Weak Reference
    __rt_locale                               - Undefined Weak Reference
    __sigvec_lookup                           - Undefined Weak Reference
    _atexit_init                              - Undefined Weak Reference
    _call_atexit_fns                          - Undefined Weak Reference
    _clock_init                               - Undefined Weak Reference
    _fp_trap_init                             - Undefined Weak Reference
    _fp_trap_shutdown                         - Undefined Weak Reference
    _get_lc_collate                           - Undefined Weak Reference
    _get_lc_ctype                             - Undefined Weak Reference
    _get_lc_monetary                          - Undefined Weak Reference
    _get_lc_numeric                           - Undefined Weak Reference
    _get_lc_time                              - Undefined Weak Reference
    _getenv_init                              - Undefined Weak Reference
    _handle_redirection                       - Undefined Weak Reference
    _init_alloc                               - Undefined Weak Reference
    _init_user_alloc                          - Undefined Weak Reference
    _initio                                   - Undefined Weak Reference
    _printf_post_padding                      - Undefined Weak Reference
    _printf_pre_padding                       - Undefined Weak Reference
    _printf_truncate_signed                   - Undefined Weak Reference
    _printf_truncate_unsigned                 - Undefined Weak Reference
    _rand_init                                - Undefined Weak Reference
    _signal_finish                            - Undefined Weak Reference
    _signal_init                              - Undefined Weak Reference
    _terminate_alloc                          - Undefined Weak Reference
    _terminate_user_alloc                     - Undefined Weak Reference
    _terminateio                              - Undefined Weak Reference
    __Vectors_Size                           0x000000ec   Number         0  startup_stm32f10x_md.o ABSOLUTE
    __Vectors                                0x08000000   Data           4  startup_stm32f10x_md.o(RESET)
    __Vectors_End                            0x080000ec   Data           0  startup_stm32f10x_md.o(RESET)
    __main                                   0x080000ed   Thumb Code     8  __main.o(!!!main)
    __scatterload                            0x080000f5   Thumb Code     0  __scatter.o(!!!scatter)
    __scatterload_rt2                        0x080000f5   Thumb Code    44  __scatter.o(!!!scatter)
    __scatterload_rt2_thumb_only             0x080000f5   Thumb Code     0  __scatter.o(!!!scatter)
    __scatterload_null                       0x08000103   Thumb Code     0  __scatter.o(!!!scatter)
    __decompress                             0x08000129   Thumb Code    90  __dczerorl2.o(!!dczerorl2)
    __decompress1                            0x08000129   Thumb Code     0  __dczerorl2.o(!!dczerorl2)
    __scatterload_zeroinit                   0x08000185   Thumb Code    28  __scatter_zi.o(!!handler_zi)
    _printf_d                                0x080001a1   Thumb Code     0  _printf_d.o(.ARM.Collect$$_printf_percent$$00000009)
    _printf_percent                          0x080001a1   Thumb Code     0  _printf_percent.o(.ARM.Collect$$_printf_percent$$00000000)
    _printf_percent_end                      0x080001a7   Thumb Code     0  _printf_percent_end.o(.ARM.Collect$$_printf_percent$$00000017)
    __rt_lib_init                            0x080001ab   Thumb Code     0  libinit.o(.ARM.Collect$$libinit$$00000000)
    __rt_lib_init_alloca_1                   0x080001ad   Thumb Code     0  libinit2.o(.ARM.Collect$$libinit$$0000002E)
    __rt_lib_init_argv_1                     0x080001ad   Thumb Code     0  libinit2.o(.ARM.Collect$$libinit$$0000002C)
    __rt_lib_init_atexit_1                   0x080001ad   Thumb Code     0  libinit2.o(.ARM.Collect$$libinit$$0000001B)
    __rt_lib_init_clock_1                    0x080001ad   Thumb Code     0  libinit2.o(.ARM.Collect$$libinit$$00000021)
    __rt_lib_init_cpp_1                      0x080001ad   Thumb Code     0  libinit2.o(.ARM.Collect$$libinit$$00000032)
    __rt_lib_init_exceptions_1               0x080001ad   Thumb Code     0  libinit2.o(.ARM.Collect$$libinit$$00000030)
    __rt_lib_init_fp_1                       0x080001ad   Thumb Code     0  libinit2.o(.ARM.Collect$$libinit$$00000002)
    __rt_lib_init_fp_trap_1                  0x080001ad   Thumb Code     0  libinit2.o(.ARM.Collect$$libinit$$0000001F)
    __rt_lib_init_getenv_1                   0x080001ad   Thumb Code     0  libinit2.o(.ARM.Collect$$libinit$$00000023)
    __rt_lib_init_heap_1                     0x080001ad   Thumb Code     0  libinit2.o(.ARM.Collect$$libinit$$0000000A)
    __rt_lib_init_lc_collate_1               0x080001ad   Thumb Code     0  libinit2.o(.ARM.Collect$$libinit$$00000011)
    __rt_lib_init_lc_ctype_1                 0x080001ad   Thumb Code     0  libinit2.o(.ARM.Collect$$libinit$$00000013)
    __rt_lib_init_lc_monetary_1              0x080001ad   Thumb Code     0  libinit2.o(.ARM.Collect$$libinit$$00000015)
    __rt_lib_init_lc_numeric_1               0x080001ad   Thumb Code     0  libinit2.o(.ARM.Collect$$libinit$$00000017)
    __rt_lib_init_lc_time_1                  0x080001ad   Thumb Code     0  libinit2.o(.ARM.Collect$$libinit$$00000019)
    __rt_lib_init_preinit_1                  0x080001ad   Thumb Code     0  libinit2.o(.ARM.Collect$$libinit$$00000004)
    __rt_lib_init_rand_1                     0x080001ad   Thumb Code     0  libinit2.o(.ARM.Collect$$libinit$$0000000E)
    __rt_lib_init_return                     0x080001ad   Thumb Code     0  libinit2.o(.ARM.Collect$$libinit$$00000033)
    __rt_lib_init_signal_1                   0x080001ad   Thumb Code     0  libinit2.o(.ARM.Collect$$libinit$$0000001D)
    __rt_lib_init_stdio_1                    0x080001ad   Thumb Code     0  libinit2.o(.ARM.Collect$$libinit$$00000025)
    __rt_lib_init_user_alloc_1               0x080001ad   Thumb Code     0  libinit2.o(.ARM.Collect$$libinit$$0000000C)
    __rt_lib_shutdown                        0x080001af   Thumb Code     0  libshutdown.o(.ARM.Collect$$libshutdown$$00000000)
    __rt_lib_shutdown_cpp_1                  0x080001b1   Thumb Code     0  libshutdown2.o(.ARM.Collect$$libshutdown$$00000002)
    __rt_lib_shutdown_fp_trap_1              0x080001b1   Thumb Code     0  libshutdown2.o(.ARM.Collect$$libshutdown$$00000007)
    __rt_lib_shutdown_heap_1                 0x080001b1   Thumb Code     0  libshutdown2.o(.ARM.Collect$$libshutdown$$0000000F)
    __rt_lib_shutdown_return                 0x080001b1   Thumb Code     0  libshutdown2.o(.ARM.Collect$$libshutdown$$00000010)
    __rt_lib_shutdown_signal_1               0x080001b1   Thumb Code     0  libshutdown2.o(.ARM.Collect$$libshutdown$$0000000A)
    __rt_lib_shutdown_stdio_1                0x080001b1   Thumb Code     0  libshutdown2.o(.ARM.Collect$$libshutdown$$00000004)
    __rt_lib_shutdown_user_alloc_1           0x080001b1   Thumb Code     0  libshutdown2.o(.ARM.Collect$$libshutdown$$0000000C)
    __rt_entry                               0x080001b3   Thumb Code     0  __rtentry.o(.ARM.Collect$$rtentry$$00000000)
    __rt_entry_presh_1                       0x080001b3   Thumb Code     0  __rtentry2.o(.ARM.Collect$$rtentry$$00000002)
    __rt_entry_sh                            0x080001b3   Thumb Code     0  __rtentry4.o(.ARM.Collect$$rtentry$$00000004)
    __rt_entry_li                            0x080001b9   Thumb Code     0  __rtentry2.o(.ARM.Collect$$rtentry$$0000000A)
    __rt_entry_postsh_1                      0x080001b9   Thumb Code     0  __rtentry2.o(.ARM.Collect$$rtentry$$00000009)
    __rt_entry_main                          0x080001bd   Thumb Code     0  __rtentry2.o(.ARM.Collect$$rtentry$$0000000D)
    __rt_entry_postli_1                      0x080001bd   Thumb Code     0  __rtentry2.o(.ARM.Collect$$rtentry$$0000000C)
    __rt_exit                                0x080001c5   Thumb Code     0  rtexit.o(.ARM.Collect$$rtexit$$00000000)
    __rt_exit_ls                             0x080001c7   Thumb Code     0  rtexit2.o(.ARM.Collect$$rtexit$$00000003)
    __rt_exit_prels_1                        0x080001c7   Thumb Code     0  rtexit2.o(.ARM.Collect$$rtexit$$00000002)
    __rt_exit_exit                           0x080001cb   Thumb Code     0  rtexit2.o(.ARM.Collect$$rtexit$$00000004)
    Reset_Handler                            0x080001d1   Thumb Code     8  startup_stm32f10x_md.o(.text)
    ADC1_2_IRQHandler                        0x080001eb   Thumb Code     0  startup_stm32f10x_md.o(.text)
    CAN1_RX1_IRQHandler                      0x080001eb   Thumb Code     0  startup_stm32f10x_md.o(.text)
    CAN1_SCE_IRQHandler                      0x080001eb   Thumb Code     0  startup_stm32f10x_md.o(.text)
    DMA1_Channel1_IRQHandler                 0x080001eb   Thumb Code     0  startup_stm32f10x_md.o(.text)
    DMA1_Channel2_IRQHandler                 0x080001eb   Thumb Code     0  startup_stm32f10x_md.o(.text)
    DMA1_Channel3_IRQHandler                 0x080001eb   Thumb Code     0  startup_stm32f10x_md.o(.text)
    DMA1_Channel4_IRQHandler                 0x080001eb   Thumb Code     0  startup_stm32f10x_md.o(.text)
    DMA1_Channel5_IRQHandler                 0x080001eb   Thumb Code     0  startup_stm32f10x_md.o(.text)
    DMA1_Channel6_IRQHandler                 0x080001eb   Thumb Code     0  startup_stm32f10x_md.o(.text)
    DMA1_Channel7_IRQHandler                 0x080001eb   Thumb Code     0  startup_stm32f10x_md.o(.text)
    EXTI0_IRQHandler                         0x080001eb   Thumb Code     0  startup_stm32f10x_md.o(.text)
    EXTI1_IRQHandler                         0x080001eb   Thumb Code     0  startup_stm32f10x_md.o(.text)
    EXTI2_IRQHandler                         0x080001eb   Thumb Code     0  startup_stm32f10x_md.o(.text)
    EXTI3_IRQHandler                         0x080001eb   Thumb Code     0  startup_stm32f10x_md.o(.text)
    EXTI4_IRQHandler                         0x080001eb   Thumb Code     0  startup_stm32f10x_md.o(.text)
    EXTI9_5_IRQHandler                       0x080001eb   Thumb Code     0  startup_stm32f10x_md.o(.text)
    FLASH_IRQHandler                         0x080001eb   Thumb Code     0  startup_stm32f10x_md.o(.text)
    I2C1_ER_IRQHandler                       0x080001eb   Thumb Code     0  startup_stm32f10x_md.o(.text)
    I2C1_EV_IRQHandler                       0x080001eb   Thumb Code     0  startup_stm32f10x_md.o(.text)
    I2C2_ER_IRQHandler                       0x080001eb   Thumb Code     0  startup_stm32f10x_md.o(.text)
    I2C2_EV_IRQHandler                       0x080001eb   Thumb Code     0  startup_stm32f10x_md.o(.text)
    PVD_IRQHandler                           0x080001eb   Thumb Code     0  startup_stm32f10x_md.o(.text)
    RCC_IRQHandler                           0x080001eb   Thumb Code     0  startup_stm32f10x_md.o(.text)
    RTCAlarm_IRQHandler                      0x080001eb   Thumb Code     0  startup_stm32f10x_md.o(.text)
    RTC_IRQHandler                           0x080001eb   Thumb Code     0  startup_stm32f10x_md.o(.text)
    SPI1_IRQHandler                          0x080001eb   Thumb Code     0  startup_stm32f10x_md.o(.text)
    SPI2_IRQHandler                          0x080001eb   Thumb Code     0  startup_stm32f10x_md.o(.text)
    TAMPER_IRQHandler                        0x080001eb   Thumb Code     0  startup_stm32f10x_md.o(.text)
    TIM1_BRK_IRQHandler                      0x080001eb   Thumb Code     0  startup_stm32f10x_md.o(.text)
    TIM1_CC_IRQHandler                       0x080001eb   Thumb Code     0  startup_stm32f10x_md.o(.text)
    TIM1_TRG_COM_IRQHandler                  0x080001eb   Thumb Code     0  startup_stm32f10x_md.o(.text)
    TIM1_UP_IRQHandler                       0x080001eb   Thumb Code     0  startup_stm32f10x_md.o(.text)
    TIM3_IRQHandler                          0x080001eb   Thumb Code     0  startup_stm32f10x_md.o(.text)
    TIM4_IRQHandler                          0x080001eb   Thumb Code     0  startup_stm32f10x_md.o(.text)
    USART1_IRQHandler                        0x080001eb   Thumb Code     0  startup_stm32f10x_md.o(.text)
    USART2_IRQHandler                        0x080001eb   Thumb Code     0  startup_stm32f10x_md.o(.text)
    USART3_IRQHandler                        0x080001eb   Thumb Code     0  startup_stm32f10x_md.o(.text)
    USBWakeUp_IRQHandler                     0x080001eb   Thumb Code     0  startup_stm32f10x_md.o(.text)
    USB_HP_CAN1_TX_IRQHandler                0x080001eb   Thumb Code     0  startup_stm32f10x_md.o(.text)
    USB_LP_CAN1_RX0_IRQHandler               0x080001eb   Thumb Code     0  startup_stm32f10x_md.o(.text)
    WWDG_IRQHandler                          0x080001eb   Thumb Code     0  startup_stm32f10x_md.o(.text)
    __user_initial_stackheap                 0x080001ed   Thumb Code     0  startup_stm32f10x_md.o(.text)
    __2sprintf                               0x08000211   Thumb Code    34  noretval__2sprintf.o(.text)
    __printf                                 0x08000239   Thumb Code   104  __printf.o(.text)
    _printf_int_dec                          0x080002a1   Thumb Code   104  _printf_dec.o(.text)
    strlen                                   0x08000319   Thumb Code    62  strlen.o(.text)
    __use_two_region_memory                  0x08000357   Thumb Code     2  heapauxi.o(.text)
    __rt_heap_escrow$2region                 0x08000359   Thumb Code     2  heapauxi.o(.text)
    __rt_heap_expand$2region                 0x0800035b   Thumb Code     2  heapauxi.o(.text)
    __read_errno                             0x0800035d   Thumb Code    10  _rserrno.o(.text)
    __set_errno                              0x08000367   Thumb Code    12  _rserrno.o(.text)
    _printf_int_common                       0x08000373   Thumb Code   178  _printf_intcommon.o(.text)
    _printf_char_common                      0x0800042f   Thumb Code    32  _printf_char_common.o(.text)
    _sputc                                   0x08000455   Thumb Code    10  _sputc.o(.text)
    __aeabi_errno_addr                       0x08000461   Thumb Code     8  rt_errno_addr_intlibspace.o(.text)
    __errno$intlibspace                      0x08000461   Thumb Code     0  rt_errno_addr_intlibspace.o(.text)
    __rt_errno_addr$intlibspace              0x08000461   Thumb Code     0  rt_errno_addr_intlibspace.o(.text)
    __user_libspace                          0x08000469   Thumb Code     8  libspace.o(.text)
    __user_perproc_libspace                  0x08000469   Thumb Code     0  libspace.o(.text)
    __user_perthread_libspace                0x08000469   Thumb Code     0  libspace.o(.text)
    __user_setup_stackheap                   0x08000471   Thumb Code    74  sys_stackheap_outer.o(.text)
    exit                                     0x080004bb   Thumb Code    18  exit.o(.text)
    _sys_exit                                0x080004cd   Thumb Code     8  sys_exit.o(.text)
    __I$use$semihosting                      0x080004d9   Thumb Code     0  use_no_semi.o(.text)
    __use_no_semihosting_swi                 0x080004d9   Thumb Code     2  use_no_semi.o(.text)
    AdjustInsert                             0x080004db   Thumb Code   192  rb_tree.o(i.AdjustInsert)
    __semihosting_library_function           0x080004db   Thumb Code     0  indicate_semi.o(.text)
    Bit_Modification                         0x0800059b   Thumb Code    46  oled.o(i.Bit_Modification)
    Bit_Modify_Within_Byte                   0x080005c9   Thumb Code    42  bit_operate.o(i.Bit_Modify_Within_Byte)
    Buffer_Output                            0x080005f5   Thumb Code    48  oled.o(i.Buffer_Output)
    Buffer_Refresh                           0x08000629   Thumb Code    40  oled.o(i.Buffer_Refresh)
    BusFault_Handler                         0x08000651   Thumb Code     4  stm32f10x_it.o(i.BusFault_Handler)
    Camera_Init                              0x08000655   Thumb Code   272  camera.o(i.Camera_Init)
    Camera_LeftPan                           0x08000771   Thumb Code   296  camera.o(i.Camera_LeftPan)
    Camera_Render                            0x08000899   Thumb Code  1168  camera.o(i.Camera_Render)
    Canvas_GetUnit                           0x08000d29   Thumb Code    38  canvas.o(i.Canvas_GetUnit)
    Canvas_Init                              0x08000d55   Thumb Code    64  canvas.o(i.Canvas_Init)
    Canvas_PixelOperate                      0x08000d9d   Thumb Code   106  canvas.o(i.Canvas_PixelOperate)
    Canvas_SetCanvasModeToRedirect           0x08000e09   Thumb Code    28  canvas.o(i.Canvas_SetCanvasModeToRedirect)
    CeruleanBird_Init                        0x08000e2d   Thumb Code    40  ceruleanbird.o(i.CeruleanBird_Init)
    DebugMon_Handler                         0x08000e55   Thumb Code     2  stm32f10x_it.o(i.DebugMon_Handler)
    Display_register                         0x08000e59   Thumb Code    28  oled.o(i.Display_register)
    EXTI15_10_IRQHandler                     0x08000e79   Thumb Code    26  oled.o(i.EXTI15_10_IRQHandler)
    EXTI_ClearITPendingBit                   0x08000e95   Thumb Code     6  stm32f10x_exti.o(i.EXTI_ClearITPendingBit)
    EXTI_GenerateSWInterrupt                 0x08000ea1   Thumb Code    12  stm32f10x_exti.o(i.EXTI_GenerateSWInterrupt)
    EXTI_GetITStatus                         0x08000eb1   Thumb Code    34  stm32f10x_exti.o(i.EXTI_GetITStatus)
    EXTI_Init                                0x08000ed9   Thumb Code   142  stm32f10x_exti.o(i.EXTI_Init)
    EngineFault_IllegalAccess_Handle         0x08000f6d   Thumb Code     4  enginefault.o(i.EngineFault_IllegalAccess_Handle)
    EngineFault_IllegalFree_Handle           0x08000f71   Thumb Code     4  enginefault.o(i.EngineFault_IllegalFree_Handle)
    EngineFault_NullPointerGuard_Handle      0x08000f75   Thumb Code     4  enginefault.o(i.EngineFault_NullPointerGuard_Handle)
    Font_Read                                0x08000f79   Thumb Code    74  oled.o(i.Font_Read)
    GPIO_Init                                0x08000fc9   Thumb Code   278  stm32f10x_gpio.o(i.GPIO_Init)
    GPIO_WriteBit                            0x080010df   Thumb Code    10  stm32f10x_gpio.o(i.GPIO_WriteBit)
    GetBufferAPI                             0x080010e9   Thumb Code     4  oled.o(i.GetBufferAPI)
    HardFault_Handler                        0x080010f1   Thumb Code     4  stm32f10x_it.o(i.HardFault_Handler)
    Hj_Int                                   0x080010f5   Thumb Code    40  oled.o(i.Hj_Int)
    Hj_String                                0x08001121   Thumb Code   214  oled.o(i.Hj_String)
    MemManage_Handler                        0x080011f7   Thumb Code     4  stm32f10x_it.o(i.MemManage_Handler)
    NMI_Handler                              0x080011fb   Thumb Code     2  stm32f10x_it.o(i.NMI_Handler)
    NVIC_Init                                0x080011fd   Thumb Code   100  misc.o(i.NVIC_Init)
    NVIC_PriorityGroupConfig                 0x0800126d   Thumb Code    10  misc.o(i.NVIC_PriorityGroupConfig)
    OLED_Clear                               0x08001281   Thumb Code    42  oled.o(i.OLED_Clear)
    OLED_I2C_Init                            0x080012ad   Thumb Code    76  oled.o(i.OLED_I2C_Init)
    OLED_I2C_SendByte                        0x080012fd   Thumb Code    80  oled.o(i.OLED_I2C_SendByte)
    OLED_I2C_Start                           0x08001351   Thumb Code    48  oled.o(i.OLED_I2C_Start)
    OLED_I2C_Stop                            0x08001385   Thumb Code    36  oled.o(i.OLED_I2C_Stop)
    OLED_Init                                0x080013ad   Thumb Code   244  oled.o(i.OLED_Init)
    OLED_SetCursor                           0x080014a1   Thumb Code    34  oled.o(i.OLED_SetCursor)
    OLED_WriteCommand                        0x080014c3   Thumb Code    32  oled.o(i.OLED_WriteCommand)
    OLED_WriteData                           0x080014e3   Thumb Code    32  oled.o(i.OLED_WriteData)
    PendSV_Handler                           0x08001503   Thumb Code     2  stm32f10x_it.o(i.PendSV_Handler)
    Pixel_Operate                            0x08001505   Thumb Code    82  oled.o(i.Pixel_Operate)
    RCC_APB1PeriphClockCmd                   0x0800155d   Thumb Code    26  stm32f10x_rcc.o(i.RCC_APB1PeriphClockCmd)
    RCC_APB2PeriphClockCmd                   0x0800157d   Thumb Code    26  stm32f10x_rcc.o(i.RCC_APB2PeriphClockCmd)
    SVC_Handler                              0x0800159d   Thumb Code     2  stm32f10x_it.o(i.SVC_Handler)
    SysTick_Handler                          0x08001689   Thumb Code     2  stm32f10x_it.o(i.SysTick_Handler)
    SystemInit                               0x0800168d   Thumb Code    78  system_stm32f10x.o(i.SystemInit)
    TIM2_IRQHandler                          0x080016ed   Thumb Code    36  main.o(i.TIM2_IRQHandler)
    TIM_ClearITPendingBit                    0x08001719   Thumb Code     6  stm32f10x_tim.o(i.TIM_ClearITPendingBit)
    TIM_Cmd                                  0x0800171f   Thumb Code    24  stm32f10x_tim.o(i.TIM_Cmd)
    TIM_GetITStatus                          0x08001737   Thumb Code    34  stm32f10x_tim.o(i.TIM_GetITStatus)
    TIM_ITConfig                             0x08001759   Thumb Code    18  stm32f10x_tim.o(i.TIM_ITConfig)
    TIM_TimeBaseInit                         0x0800176d   Thumb Code   122  stm32f10x_tim.o(i.TIM_TimeBaseInit)
    Texture_Add                              0x08001811   Thumb Code   102  texturemapper.o(i.Texture_Add)
    Texture_Extract                          0x0800187d   Thumb Code   122  texturemapper.o(i.Texture_Extract)
    Texture_GetTexture                       0x080018f9   Thumb Code    20  texturemapper.o(i.Texture_GetTexture)
    UsageFault_Handler                       0x08001911   Thumb Code     4  stm32f10x_it.o(i.UsageFault_Handler)
    WorldMap_Add                             0x08001915   Thumb Code    82  worldmap.o(i.WorldMap_Add)
    WorldMap_Extract                         0x08001971   Thumb Code    42  worldmap.o(i.WorldMap_Extract)
    WorldMap_GetCurrentMapPos                0x0800199d   Thumb Code     6  worldmap.o(i.WorldMap_GetCurrentMapPos)
    WorldMap_GetWorldMap                     0x080019a9   Thumb Code    20  worldmap.o(i.WorldMap_GetWorldMap)
    __ARM_fpclassify                         0x080019c1   Thumb Code    40  fpclassify.o(i.__ARM_fpclassify)
    __ieee754_rem_pio2                       0x080019e9   Thumb Code   828  rred.o(i.__ieee754_rem_pio2)
    __kernel_cos                             0x08001d71   Thumb Code   230  cos_i.o(i.__kernel_cos)
    __kernel_poly                            0x08001e6d   Thumb Code   170  poly.o(i.__kernel_poly)
    __kernel_sin                             0x08001f19   Thumb Code   224  sin_i.o(i.__kernel_sin)
    __kernel_tan                             0x08002005   Thumb Code   586  tan_i.o(i.__kernel_tan)
    __mathlib_dbl_infnan                     0x08002281   Thumb Code     6  dunder.o(i.__mathlib_dbl_infnan)
    __mathlib_dbl_invalid                    0x08002287   Thumb Code    12  dunder.o(i.__mathlib_dbl_invalid)
    __mathlib_dbl_underflow                  0x08002295   Thumb Code    10  dunder.o(i.__mathlib_dbl_underflow)
    bitToByte                                0x080022a5   Thumb Code    34  bit_operate.o(i.bitToByte)
    c_free                                   0x080022c9   Thumb Code    90  heap_solution_1.o(i.c_free)
    c_malloc                                 0x08002329   Thumb Code   158  heap_solution_1.o(i.c_malloc)
    calculate_crc8                           0x080023cd   Thumb Code    56  heap_solution_1.o(i.calculate_crc8)
    cos                                      0x08002405   Thumb Code   148  cos.o(i.cos)
    createNode                               0x080024a1   Thumb Code    38  rb_tree.o(i.createNode)
    frame_capture                            0x080024c9   Thumb Code    12  main.o(i.frame_capture)
    init_timer                               0x080024d9   Thumb Code    96  main.o(i.init_timer)
    leftRotate                               0x08002539   Thumb Code    52  rb_tree.o(i.leftRotate)
    main                                     0x0800256d   Thumb Code   290  main.o(i.main)
    memory_pool_init                         0x080026c5   Thumb Code   108  heap_solution_1.o(i.memory_pool_init)
    print                                    0x08002739   Thumb Code    12  oled.o(i.print)
    rbInsert                                 0x08002745   Thumb Code   118  rb_tree.o(i.rbInsert)
    rightRotate                              0x080027bb   Thumb Code    52  rb_tree.o(i.rightRotate)
    search                                   0x080027ef   Thumb Code    34  rb_tree.o(i.search)
    sin                                      0x08002811   Thumb Code   150  sin.o(i.sin)
    sqrt                                     0x080028b1   Thumb Code    76  sqrt.o(i.sqrt)
    tan                                      0x080028fd   Thumb Code    90  tan.o(i.tan)
    vector_Create                            0x08002961   Thumb Code    28  vector.o(i.vector_Create)
    vector_Magnitude                         0x0800297d   Thumb Code    18  vector.o(i.vector_Magnitude)
    vector_MagnitudeSquare                   0x0800298f   Thumb Code    62  vector.o(i.vector_MagnitudeSquare)
    vector_Normalize                         0x080029cd   Thumb Code   232  vector.o(i.vector_Normalize)
    vector_Scalar_Div                        0x08002abd   Thumb Code   104  vector.o(i.vector_Scalar_Div)
    verifyBlock                              0x08002b2d   Thumb Code    28  heap_solution_1.o(i.verifyBlock)
    __aeabi_dadd                             0x08002b49   Thumb Code     0  daddsub_clz.o(x$fpl$dadd)
    _dadd                                    0x08002b49   Thumb Code   332  daddsub_clz.o(x$fpl$dadd)
    __fpl_dcheck_NaN1                        0x08002c99   Thumb Code    10  dcheck1.o(x$fpl$dcheck1)
    __fpl_dcmp_Inf                           0x08002ca9   Thumb Code    24  dcmpi.o(x$fpl$dcmpinf)
    __aeabi_ddiv                             0x08002cc1   Thumb Code     0  ddiv.o(x$fpl$ddiv)
    _ddiv                                    0x08002cc1   Thumb Code   552  ddiv.o(x$fpl$ddiv)
    __aeabi_d2iz                             0x08002f71   Thumb Code     0  dfix.o(x$fpl$dfix)
    _dfix                                    0x08002f71   Thumb Code    94  dfix.o(x$fpl$dfix)
    __aeabi_i2d                              0x08002fcf   Thumb Code     0  dflt_clz.o(x$fpl$dflt)
    _dflt                                    0x08002fcf   Thumb Code    46  dflt_clz.o(x$fpl$dflt)
    __aeabi_ui2d                             0x08002ffd   Thumb Code     0  dflt_clz.o(x$fpl$dfltu)
    _dfltu                                   0x08002ffd   Thumb Code    38  dflt_clz.o(x$fpl$dfltu)
    __aeabi_cdcmple                          0x08003025   Thumb Code     0  dleqf.o(x$fpl$dleqf)
    _dcmple                                  0x08003025   Thumb Code   120  dleqf.o(x$fpl$dleqf)
    __fpl_dcmple_InfNaN                      0x08003087   Thumb Code     0  dleqf.o(x$fpl$dleqf)
    __aeabi_dmul                             0x0800309d   Thumb Code     0  dmul.o(x$fpl$dmul)
    _dmul                                    0x0800309d   Thumb Code   332  dmul.o(x$fpl$dmul)
    __fpl_dnaninf                            0x080031f1   Thumb Code   156  dnaninf.o(x$fpl$dnaninf)
    __fpl_dretinf                            0x0800328d   Thumb Code    12  dretinf.o(x$fpl$dretinf)
    __aeabi_cdrcmple                         0x08003299   Thumb Code     0  drleqf.o(x$fpl$drleqf)
    _drcmple                                 0x08003299   Thumb Code   108  drleqf.o(x$fpl$drleqf)
    __aeabi_drsub                            0x08003305   Thumb Code     0  daddsub_clz.o(x$fpl$drsb)
    _drsb                                    0x08003305   Thumb Code    22  daddsub_clz.o(x$fpl$drsb)
    _dsqrt                                   0x0800331d   Thumb Code   456  dsqrt_noumaal.o(x$fpl$dsqrt)
    __aeabi_dsub                             0x080034e9   Thumb Code     0  daddsub_clz.o(x$fpl$dsub)
    _dsub                                    0x080034e9   Thumb Code   464  daddsub_clz.o(x$fpl$dsub)
    __fpl_return_NaN                         0x080036bd   Thumb Code   100  retnan.o(x$fpl$retnan)
    __ARM_scalbn                             0x08003721   Thumb Code    92  scalbn.o(x$fpl$scalbn)
    __fpl_cmpreturn                          0x0800377d   Thumb Code    48  trapv.o(x$fpl$trapveneer)
    OLED_F8x16                               0x080037ac   Data        1520  oled.o(.constdata)
    __I$use$fp                               0x080037ac   Number         0  usenofp.o(x$fpl$usenofp)
    Region$$Table$$Base                      0x08003f20   Number         0  anon$$obj.o(Region$$Table)
    Region$$Table$$Limit                     0x08003f40   Number         0  anon$$obj.o(Region$$Table)
    frame_count                              0x20000000   Data           4  main.o(.data)
    fps                                      0x20000004   Data           4  main.o(.data)
    TestMap2                                 0x20000008   Data         576  main.o(.data)
    kun2                                     0x20000248   Data         288  main.o(.data)
    Canvas_Mode                              0x20000368   Data           4  canvas.o(.data)
    Screen_Canvas                            0x2000036c   Data           4  canvas.o(.data)
    Init_flag                                0x20000370   Data           1  heap_solution_1.o(.data)
    TextureMapper_Header                     0x20000378   Data           4  texturemapper.o(.data)
    WorldMap_Header                          0x2000037c   Data           4  worldmap.o(.data)
    WorldMap_Pos                             0x20000380   Data           4  worldmap.o(.data)
    __libspace_start                         0x20002f84   Data          96  libspace.o(.bss)
    __temporary_stack_top$libspace           0x20002fe4   Data           0  libspace.o(.bss)



==============================================================================

Memory Map of the image

  Image Entry point : 0x080000ed

  Load Region LR_IROM1 (Base: 0x08000000, Size: 0x000042c4, Max: 0x00010000, ABSOLUTE, COMPRESSED[0x00004038])

    Execution Region ER_IROM1 (Exec base: 0x08000000, Load base: 0x08000000, Size: 0x00003f40, Max: 0x00010000, ABSOLUTE)

    Exec Addr    Load Addr    Size         Type   Attr      Idx    E Section Name        Object

    0x08000000   0x08000000   0x000000ec   Data   RO            3    RESET               startup_stm32f10x_md.o
    0x080000ec   0x080000ec   0x00000008   Code   RO         4265  * !!!main             c_w.l(__main.o)
    0x080000f4   0x080000f4   0x00000034   Code   RO         4585    !!!scatter          c_w.l(__scatter.o)
    0x08000128   0x08000128   0x0000005a   Code   RO         4583    !!dczerorl2         c_w.l(__dczerorl2.o)
    0x08000182   0x08000182   0x00000002   PAD
    0x08000184   0x08000184   0x0000001c   Code   RO         4587    !!handler_zi        c_w.l(__scatter_zi.o)
    0x080001a0   0x080001a0   0x00000000   Code   RO         4260    .ARM.Collect$$_printf_percent$$00000000  c_w.l(_printf_percent.o)
    0x080001a0   0x080001a0   0x00000006   Code   RO         4259    .ARM.Collect$$_printf_percent$$00000009  c_w.l(_printf_d.o)
    0x080001a6   0x080001a6   0x00000004   Code   RO         4360    .ARM.Collect$$_printf_percent$$00000017  c_w.l(_printf_percent_end.o)
    0x080001aa   0x080001aa   0x00000002   Code   RO         4450    .ARM.Collect$$libinit$$00000000  c_w.l(libinit.o)
    0x080001ac   0x080001ac   0x00000000   Code   RO         4456    .ARM.Collect$$libinit$$00000002  c_w.l(libinit2.o)
    0x080001ac   0x080001ac   0x00000000   Code   RO         4458    .ARM.Collect$$libinit$$00000004  c_w.l(libinit2.o)
    0x080001ac   0x080001ac   0x00000000   Code   RO         4461    .ARM.Collect$$libinit$$0000000A  c_w.l(libinit2.o)
    0x080001ac   0x080001ac   0x00000000   Code   RO         4463    .ARM.Collect$$libinit$$0000000C  c_w.l(libinit2.o)
    0x080001ac   0x080001ac   0x00000000   Code   RO         4465    .ARM.Collect$$libinit$$0000000E  c_w.l(libinit2.o)
    0x080001ac   0x080001ac   0x00000000   Code   RO         4468    .ARM.Collect$$libinit$$00000011  c_w.l(libinit2.o)
    0x080001ac   0x080001ac   0x00000000   Code   RO         4470    .ARM.Collect$$libinit$$00000013  c_w.l(libinit2.o)
    0x080001ac   0x080001ac   0x00000000   Code   RO         4472    .ARM.Collect$$libinit$$00000015  c_w.l(libinit2.o)
    0x080001ac   0x080001ac   0x00000000   Code   RO         4474    .ARM.Collect$$libinit$$00000017  c_w.l(libinit2.o)
    0x080001ac   0x080001ac   0x00000000   Code   RO         4476    .ARM.Collect$$libinit$$00000019  c_w.l(libinit2.o)
    0x080001ac   0x080001ac   0x00000000   Code   RO         4478    .ARM.Collect$$libinit$$0000001B  c_w.l(libinit2.o)
    0x080001ac   0x080001ac   0x00000000   Code   RO         4480    .ARM.Collect$$libinit$$0000001D  c_w.l(libinit2.o)
    0x080001ac   0x080001ac   0x00000000   Code   RO         4482    .ARM.Collect$$libinit$$0000001F  c_w.l(libinit2.o)
    0x080001ac   0x080001ac   0x00000000   Code   RO         4484    .ARM.Collect$$libinit$$00000021  c_w.l(libinit2.o)
    0x080001ac   0x080001ac   0x00000000   Code   RO         4486    .ARM.Collect$$libinit$$00000023  c_w.l(libinit2.o)
    0x080001ac   0x080001ac   0x00000000   Code   RO         4488    .ARM.Collect$$libinit$$00000025  c_w.l(libinit2.o)
    0x080001ac   0x080001ac   0x00000000   Code   RO         4492    .ARM.Collect$$libinit$$0000002C  c_w.l(libinit2.o)
    0x080001ac   0x080001ac   0x00000000   Code   RO         4494    .ARM.Collect$$libinit$$0000002E  c_w.l(libinit2.o)
    0x080001ac   0x080001ac   0x00000000   Code   RO         4496    .ARM.Collect$$libinit$$00000030  c_w.l(libinit2.o)
    0x080001ac   0x080001ac   0x00000000   Code   RO         4498    .ARM.Collect$$libinit$$00000032  c_w.l(libinit2.o)
    0x080001ac   0x080001ac   0x00000002   Code   RO         4499    .ARM.Collect$$libinit$$00000033  c_w.l(libinit2.o)
    0x080001ae   0x080001ae   0x00000002   Code   RO         4523    .ARM.Collect$$libshutdown$$00000000  c_w.l(libshutdown.o)
    0x080001b0   0x080001b0   0x00000000   Code   RO         4536    .ARM.Collect$$libshutdown$$00000002  c_w.l(libshutdown2.o)
    0x080001b0   0x080001b0   0x00000000   Code   RO         4538    .ARM.Collect$$libshutdown$$00000004  c_w.l(libshutdown2.o)
    0x080001b0   0x080001b0   0x00000000   Code   RO         4541    .ARM.Collect$$libshutdown$$00000007  c_w.l(libshutdown2.o)
    0x080001b0   0x080001b0   0x00000000   Code   RO         4544    .ARM.Collect$$libshutdown$$0000000A  c_w.l(libshutdown2.o)
    0x080001b0   0x080001b0   0x00000000   Code   RO         4546    .ARM.Collect$$libshutdown$$0000000C  c_w.l(libshutdown2.o)
    0x080001b0   0x080001b0   0x00000000   Code   RO         4549    .ARM.Collect$$libshutdown$$0000000F  c_w.l(libshutdown2.o)
    0x080001b0   0x080001b0   0x00000002   Code   RO         4550    .ARM.Collect$$libshutdown$$00000010  c_w.l(libshutdown2.o)
    0x080001b2   0x080001b2   0x00000000   Code   RO         4351    .ARM.Collect$$rtentry$$00000000  c_w.l(__rtentry.o)
    0x080001b2   0x080001b2   0x00000000   Code   RO         4411    .ARM.Collect$$rtentry$$00000002  c_w.l(__rtentry2.o)
    0x080001b2   0x080001b2   0x00000006   Code   RO         4423    .ARM.Collect$$rtentry$$00000004  c_w.l(__rtentry4.o)
    0x080001b8   0x080001b8   0x00000000   Code   RO         4413    .ARM.Collect$$rtentry$$00000009  c_w.l(__rtentry2.o)
    0x080001b8   0x080001b8   0x00000004   Code   RO         4414    .ARM.Collect$$rtentry$$0000000A  c_w.l(__rtentry2.o)
    0x080001bc   0x080001bc   0x00000000   Code   RO         4416    .ARM.Collect$$rtentry$$0000000C  c_w.l(__rtentry2.o)
    0x080001bc   0x080001bc   0x00000008   Code   RO         4417    .ARM.Collect$$rtentry$$0000000D  c_w.l(__rtentry2.o)
    0x080001c4   0x080001c4   0x00000002   Code   RO         4453    .ARM.Collect$$rtexit$$00000000  c_w.l(rtexit.o)
    0x080001c6   0x080001c6   0x00000000   Code   RO         4503    .ARM.Collect$$rtexit$$00000002  c_w.l(rtexit2.o)
    0x080001c6   0x080001c6   0x00000004   Code   RO         4504    .ARM.Collect$$rtexit$$00000003  c_w.l(rtexit2.o)
    0x080001ca   0x080001ca   0x00000006   Code   RO         4505    .ARM.Collect$$rtexit$$00000004  c_w.l(rtexit2.o)
    0x080001d0   0x080001d0   0x00000040   Code   RO            4    .text               startup_stm32f10x_md.o
    0x08000210   0x08000210   0x00000028   Code   RO         4233    .text               c_w.l(noretval__2sprintf.o)
    0x08000238   0x08000238   0x00000068   Code   RO         4235    .text               c_w.l(__printf.o)
    0x080002a0   0x080002a0   0x00000078   Code   RO         4237    .text               c_w.l(_printf_dec.o)
    0x08000318   0x08000318   0x0000003e   Code   RO         4261    .text               c_w.l(strlen.o)
    0x08000356   0x08000356   0x00000006   Code   RO         4263    .text               c_w.l(heapauxi.o)
    0x0800035c   0x0800035c   0x00000016   Code   RO         4352    .text               c_w.l(_rserrno.o)
    0x08000372   0x08000372   0x000000b2   Code   RO         4354    .text               c_w.l(_printf_intcommon.o)
    0x08000424   0x08000424   0x00000030   Code   RO         4356    .text               c_w.l(_printf_char_common.o)
    0x08000454   0x08000454   0x0000000a   Code   RO         4358    .text               c_w.l(_sputc.o)
    0x0800045e   0x0800045e   0x00000002   PAD
    0x08000460   0x08000460   0x00000008   Code   RO         4428    .text               c_w.l(rt_errno_addr_intlibspace.o)
    0x08000468   0x08000468   0x00000008   Code   RO         4438    .text               c_w.l(libspace.o)
    0x08000470   0x08000470   0x0000004a   Code   RO         4441    .text               c_w.l(sys_stackheap_outer.o)
    0x080004ba   0x080004ba   0x00000012   Code   RO         4443    .text               c_w.l(exit.o)
    0x080004cc   0x080004cc   0x0000000c   Code   RO         4515    .text               c_w.l(sys_exit.o)
    0x080004d8   0x080004d8   0x00000002   Code   RO         4526    .text               c_w.l(use_no_semi.o)
    0x080004da   0x080004da   0x00000000   Code   RO         4528    .text               c_w.l(indicate_semi.o)
    0x080004da   0x080004da   0x000000c0   Code   RO         3782    i.AdjustInsert      rb_tree.o
    0x0800059a   0x0800059a   0x0000002e   Code   RO         3196    i.Bit_Modification  oled.o
    0x080005c8   0x080005c8   0x0000002a   Code   RO         3545    i.Bit_Modify_Within_Byte  bit_operate.o
    0x080005f2   0x080005f2   0x00000002   PAD
    0x080005f4   0x080005f4   0x00000034   Code   RO         3198    i.Buffer_Output     oled.o
    0x08000628   0x08000628   0x00000028   Code   RO         3199    i.Buffer_Refresh    oled.o
    0x08000650   0x08000650   0x00000004   Code   RO         3481    i.BusFault_Handler  stm32f10x_it.o
    0x08000654   0x08000654   0x0000011c   Code   RO         3582    i.Camera_Init       camera.o
    0x08000770   0x08000770   0x00000128   Code   RO         3584    i.Camera_LeftPan    camera.o
    0x08000898   0x08000898   0x00000490   Code   RO         3586    i.Camera_Render     camera.o
    0x08000d28   0x08000d28   0x0000002c   Code   RO         3666    i.Canvas_GetUnit    canvas.o
    0x08000d54   0x08000d54   0x00000048   Code   RO         3667    i.Canvas_Init       canvas.o
    0x08000d9c   0x08000d9c   0x0000006a   Code   RO         3668    i.Canvas_PixelOperate  canvas.o
    0x08000e06   0x08000e06   0x00000002   PAD
    0x08000e08   0x08000e08   0x00000024   Code   RO         3670    i.Canvas_SetCanvasModeToRedirect  canvas.o
    0x08000e2c   0x08000e2c   0x00000028   Code   RO         3718    i.CeruleanBird_Init  ceruleanbird.o
    0x08000e54   0x08000e54   0x00000002   Code   RO         3482    i.DebugMon_Handler  stm32f10x_it.o
    0x08000e56   0x08000e56   0x00000002   PAD
    0x08000e58   0x08000e58   0x00000020   Code   RO         3200    i.Display_register  oled.o
    0x08000e78   0x08000e78   0x0000001a   Code   RO         3202    i.EXTI15_10_IRQHandler  oled.o
    0x08000e92   0x08000e92   0x00000002   PAD
    0x08000e94   0x08000e94   0x0000000c   Code   RO          985    i.EXTI_ClearITPendingBit  stm32f10x_exti.o
    0x08000ea0   0x08000ea0   0x00000010   Code   RO          987    i.EXTI_GenerateSWInterrupt  stm32f10x_exti.o
    0x08000eb0   0x08000eb0   0x00000028   Code   RO          989    i.EXTI_GetITStatus  stm32f10x_exti.o
    0x08000ed8   0x08000ed8   0x00000094   Code   RO          990    i.EXTI_Init         stm32f10x_exti.o
    0x08000f6c   0x08000f6c   0x00000004   Code   RO         4169    i.EngineFault_IllegalAccess_Handle  enginefault.o
    0x08000f70   0x08000f70   0x00000004   Code   RO         4170    i.EngineFault_IllegalFree_Handle  enginefault.o
    0x08000f74   0x08000f74   0x00000004   Code   RO         4172    i.EngineFault_NullPointerGuard_Handle  enginefault.o
    0x08000f78   0x08000f78   0x00000050   Code   RO         3203    i.Font_Read         oled.o
    0x08000fc8   0x08000fc8   0x00000116   Code   RO         1347    i.GPIO_Init         stm32f10x_gpio.o
    0x080010de   0x080010de   0x0000000a   Code   RO         1358    i.GPIO_WriteBit     stm32f10x_gpio.o
    0x080010e8   0x080010e8   0x00000008   Code   RO         3204    i.GetBufferAPI      oled.o
    0x080010f0   0x080010f0   0x00000004   Code   RO         3483    i.HardFault_Handler  stm32f10x_it.o
    0x080010f4   0x080010f4   0x0000002c   Code   RO         3205    i.Hj_Int            oled.o
    0x08001120   0x08001120   0x000000d6   Code   RO         3206    i.Hj_String         oled.o
    0x080011f6   0x080011f6   0x00000004   Code   RO         3484    i.MemManage_Handler  stm32f10x_it.o
    0x080011fa   0x080011fa   0x00000002   Code   RO         3485    i.NMI_Handler       stm32f10x_it.o
    0x080011fc   0x080011fc   0x00000070   Code   RO          137    i.NVIC_Init         misc.o
    0x0800126c   0x0800126c   0x00000014   Code   RO          138    i.NVIC_PriorityGroupConfig  misc.o
    0x08001280   0x08001280   0x0000002a   Code   RO         3208    i.OLED_Clear        oled.o
    0x080012aa   0x080012aa   0x00000002   PAD
    0x080012ac   0x080012ac   0x00000050   Code   RO         3209    i.OLED_I2C_Init     oled.o
    0x080012fc   0x080012fc   0x00000054   Code   RO         3210    i.OLED_I2C_SendByte  oled.o
    0x08001350   0x08001350   0x00000034   Code   RO         3211    i.OLED_I2C_Start    oled.o
    0x08001384   0x08001384   0x00000028   Code   RO         3212    i.OLED_I2C_Stop     oled.o
    0x080013ac   0x080013ac   0x000000f4   Code   RO         3213    i.OLED_Init         oled.o
    0x080014a0   0x080014a0   0x00000022   Code   RO         3214    i.OLED_SetCursor    oled.o
    0x080014c2   0x080014c2   0x00000020   Code   RO         3215    i.OLED_WriteCommand  oled.o
    0x080014e2   0x080014e2   0x00000020   Code   RO         3216    i.OLED_WriteData    oled.o
    0x08001502   0x08001502   0x00000002   Code   RO         3486    i.PendSV_Handler    stm32f10x_it.o
    0x08001504   0x08001504   0x00000058   Code   RO         3219    i.Pixel_Operate     oled.o
    0x0800155c   0x0800155c   0x00000020   Code   RO         1775    i.RCC_APB1PeriphClockCmd  stm32f10x_rcc.o
    0x0800157c   0x0800157c   0x00000020   Code   RO         1777    i.RCC_APB2PeriphClockCmd  stm32f10x_rcc.o
    0x0800159c   0x0800159c   0x00000002   Code   RO         3487    i.SVC_Handler       stm32f10x_it.o
    0x0800159e   0x0800159e   0x00000008   Code   RO           24    i.SetSysClock       system_stm32f10x.o
    0x080015a6   0x080015a6   0x00000002   PAD
    0x080015a8   0x080015a8   0x000000e0   Code   RO           25    i.SetSysClockTo72   system_stm32f10x.o
    0x08001688   0x08001688   0x00000002   Code   RO         3488    i.SysTick_Handler   stm32f10x_it.o
    0x0800168a   0x0800168a   0x00000002   PAD
    0x0800168c   0x0800168c   0x00000060   Code   RO           27    i.SystemInit        system_stm32f10x.o
    0x080016ec   0x080016ec   0x0000002c   Code   RO         3418    i.TIM2_IRQHandler   main.o
    0x08001718   0x08001718   0x00000006   Code   RO         2416    i.TIM_ClearITPendingBit  stm32f10x_tim.o
    0x0800171e   0x0800171e   0x00000018   Code   RO         2421    i.TIM_Cmd           stm32f10x_tim.o
    0x08001736   0x08001736   0x00000022   Code   RO         2442    i.TIM_GetITStatus   stm32f10x_tim.o
    0x08001758   0x08001758   0x00000012   Code   RO         2446    i.TIM_ITConfig      stm32f10x_tim.o
    0x0800176a   0x0800176a   0x00000002   PAD
    0x0800176c   0x0800176c   0x000000a4   Code   RO         2492    i.TIM_TimeBaseInit  stm32f10x_tim.o
    0x08001810   0x08001810   0x0000006c   Code   RO         3914    i.Texture_Add       texturemapper.o
    0x0800187c   0x0800187c   0x0000007a   Code   RO         3918    i.Texture_Extract   texturemapper.o
    0x080018f6   0x080018f6   0x00000002   PAD
    0x080018f8   0x080018f8   0x00000018   Code   RO         3923    i.Texture_GetTexture  texturemapper.o
    0x08001910   0x08001910   0x00000004   Code   RO         3489    i.UsageFault_Handler  stm32f10x_it.o
    0x08001914   0x08001914   0x0000005c   Code   RO         4076    i.WorldMap_Add      worldmap.o
    0x08001970   0x08001970   0x0000002a   Code   RO         4080    i.WorldMap_Extract  worldmap.o
    0x0800199a   0x0800199a   0x00000002   PAD
    0x0800199c   0x0800199c   0x0000000c   Code   RO         4084    i.WorldMap_GetCurrentMapPos  worldmap.o
    0x080019a8   0x080019a8   0x00000018   Code   RO         4086    i.WorldMap_GetWorldMap  worldmap.o
    0x080019c0   0x080019c0   0x00000028   Code   RO         4434    i.__ARM_fpclassify  m_ws.l(fpclassify.o)
    0x080019e8   0x080019e8   0x00000388   Code   RO         4393    i.__ieee754_rem_pio2  m_ws.l(rred.o)
    0x08001d70   0x08001d70   0x000000fc   Code   RO         4376    i.__kernel_cos      m_ws.l(cos_i.o)
    0x08001e6c   0x08001e6c   0x000000aa   Code   RO         4436    i.__kernel_poly     m_ws.l(poly.o)
    0x08001f16   0x08001f16   0x00000002   PAD
    0x08001f18   0x08001f18   0x000000ec   Code   RO         4398    i.__kernel_sin      m_ws.l(sin_i.o)
    0x08002004   0x08002004   0x0000027c   Code   RO         4404    i.__kernel_tan      m_ws.l(tan_i.o)
    0x08002280   0x08002280   0x00000006   Code   RO         4380    i.__mathlib_dbl_infnan  m_ws.l(dunder.o)
    0x08002286   0x08002286   0x0000000c   Code   RO         4382    i.__mathlib_dbl_invalid  m_ws.l(dunder.o)
    0x08002292   0x08002292   0x00000002   PAD
    0x08002294   0x08002294   0x00000010   Code   RO         4385    i.__mathlib_dbl_underflow  m_ws.l(dunder.o)
    0x080022a4   0x080022a4   0x00000022   Code   RO         3548    i.bitToByte         bit_operate.o
    0x080022c6   0x080022c6   0x00000002   PAD
    0x080022c8   0x080022c8   0x00000060   Code   RO         3733    i.c_free            heap_solution_1.o
    0x08002328   0x08002328   0x000000a4   Code   RO         3734    i.c_malloc          heap_solution_1.o
    0x080023cc   0x080023cc   0x00000038   Code   RO         3736    i.calculate_crc8    heap_solution_1.o
    0x08002404   0x08002404   0x0000009c   Code   RO         4320    i.cos               m_ws.l(cos.o)
    0x080024a0   0x080024a0   0x00000026   Code   RO         3793    i.createNode        rb_tree.o
    0x080024c6   0x080024c6   0x00000002   PAD
    0x080024c8   0x080024c8   0x00000010   Code   RO         3419    i.frame_capture     main.o
    0x080024d8   0x080024d8   0x00000060   Code   RO         3420    i.init_timer        main.o
    0x08002538   0x08002538   0x00000034   Code   RO         3795    i.leftRotate        rb_tree.o
    0x0800256c   0x0800256c   0x00000158   Code   RO         3421    i.main              main.o
    0x080026c4   0x080026c4   0x00000074   Code   RO         3737    i.memory_pool_init  heap_solution_1.o
    0x08002738   0x08002738   0x0000000c   Code   RO         3223    i.print             oled.o
    0x08002744   0x08002744   0x00000076   Code   RO         3797    i.rbInsert          rb_tree.o
    0x080027ba   0x080027ba   0x00000034   Code   RO         3798    i.rightRotate       rb_tree.o
    0x080027ee   0x080027ee   0x00000022   Code   RO         3801    i.search            rb_tree.o
    0x08002810   0x08002810   0x000000a0   Code   RO         4328    i.sin               m_ws.l(sin.o)
    0x080028b0   0x080028b0   0x0000004c   Code   RO         4336    i.sqrt              m_ws.l(sqrt.o)
    0x080028fc   0x080028fc   0x00000064   Code   RO         4344    i.tan               m_ws.l(tan.o)
    0x08002960   0x08002960   0x0000001c   Code   RO         4011    i.vector_Create     vector.o
    0x0800297c   0x0800297c   0x00000012   Code   RO         4013    i.vector_Magnitude  vector.o
    0x0800298e   0x0800298e   0x0000003e   Code   RO         4014    i.vector_MagnitudeSquare  vector.o
    0x080029cc   0x080029cc   0x000000f0   Code   RO         4016    i.vector_Normalize  vector.o
    0x08002abc   0x08002abc   0x00000070   Code   RO         4017    i.vector_Scalar_Div  vector.o
    0x08002b2c   0x08002b2c   0x0000001c   Code   RO         3738    i.verifyBlock       heap_solution_1.o
    0x08002b48   0x08002b48   0x00000150   Code   RO         4269    x$fpl$dadd          fz_ws.l(daddsub_clz.o)
    0x08002c98   0x08002c98   0x00000010   Code   RO         4451    x$fpl$dcheck1       fz_ws.l(dcheck1.o)
    0x08002ca8   0x08002ca8   0x00000018   Code   RO         4361    x$fpl$dcmpinf       fz_ws.l(dcmpi.o)
    0x08002cc0   0x08002cc0   0x000002b0   Code   RO         4276    x$fpl$ddiv          fz_ws.l(ddiv.o)
    0x08002f70   0x08002f70   0x0000005e   Code   RO         4279    x$fpl$dfix          fz_ws.l(dfix.o)
    0x08002fce   0x08002fce   0x0000002e   Code   RO         4288    x$fpl$dflt          fz_ws.l(dflt_clz.o)
    0x08002ffc   0x08002ffc   0x00000026   Code   RO         4287    x$fpl$dfltu         fz_ws.l(dflt_clz.o)
    0x08003022   0x08003022   0x00000002   PAD
    0x08003024   0x08003024   0x00000078   Code   RO         4293    x$fpl$dleqf         fz_ws.l(dleqf.o)
    0x0800309c   0x0800309c   0x00000154   Code   RO         4295    x$fpl$dmul          fz_ws.l(dmul.o)
    0x080031f0   0x080031f0   0x0000009c   Code   RO         4363    x$fpl$dnaninf       fz_ws.l(dnaninf.o)
    0x0800328c   0x0800328c   0x0000000c   Code   RO         4365    x$fpl$dretinf       fz_ws.l(dretinf.o)
    0x08003298   0x08003298   0x0000006c   Code   RO         4297    x$fpl$drleqf        fz_ws.l(drleqf.o)
    0x08003304   0x08003304   0x00000016   Code   RO         4270    x$fpl$drsb          fz_ws.l(daddsub_clz.o)
    0x0800331a   0x0800331a   0x00000002   PAD
    0x0800331c   0x0800331c   0x000001cc   Code   RO         4367    x$fpl$dsqrt         fz_ws.l(dsqrt_noumaal.o)
    0x080034e8   0x080034e8   0x000001d4   Code   RO         4271    x$fpl$dsub          fz_ws.l(daddsub_clz.o)
    0x080036bc   0x080036bc   0x00000064   Code   RO         4500    x$fpl$retnan        fz_ws.l(retnan.o)
    0x08003720   0x08003720   0x0000005c   Code   RO         4432    x$fpl$scalbn        fz_ws.l(scalbn.o)
    0x0800377c   0x0800377c   0x00000030   Code   RO         4513    x$fpl$trapveneer    fz_ws.l(trapv.o)
    0x080037ac   0x080037ac   0x00000000   Code   RO         4375    x$fpl$usenofp       fz_ws.l(usenofp.o)
    0x080037ac   0x080037ac   0x000005f0   Data   RO         3225    .constdata          oled.o
    0x08003d9c   0x08003d9c   0x00000004   PAD
    0x08003da0   0x08003da0   0x00000030   Data   RO         4377    .constdata          m_ws.l(cos_i.o)
    0x08003dd0   0x08003dd0   0x000000c8   Data   RO         4395    .constdata          m_ws.l(rred.o)
    0x08003e98   0x08003e98   0x00000028   Data   RO         4399    .constdata          m_ws.l(sin_i.o)
    0x08003ec0   0x08003ec0   0x00000060   Data   RO         4405    .constdata          m_ws.l(tan_i.o)
    0x08003f20   0x08003f20   0x00000020   Data   RO         4581    Region$$Table       anon$$obj.o


    Execution Region RW_IRAM1 (Exec base: 0x20000000, Load base: 0x08003f40, Size: 0x000035e8, Max: 0x00005000, ABSOLUTE, COMPRESSED[0x000000f8])

    Exec Addr    Load Addr    Size         Type   Attr      Idx    E Section Name        Object

    0x20000000   COMPRESSED   0x00000368   Data   RW         3422    .data               main.o
    0x20000368   COMPRESSED   0x00000008   Data   RW         3671    .data               canvas.o
    0x20000370   COMPRESSED   0x00000008   Data   RW         3740    .data               heap_solution_1.o
    0x20000378   COMPRESSED   0x00000004   Data   RW         3928    .data               texturemapper.o
    0x2000037c   COMPRESSED   0x00000008   Data   RW         4090    .data               worldmap.o
    0x20000384        -       0x00000400   Zero   RW         3224    .bss                oled.o
    0x20000784        -       0x00002800   Zero   RW         3739    .bss                heap_solution_1.o
    0x20002f84        -       0x00000060   Zero   RW         4439    .bss                c_w.l(libspace.o)
    0x20002fe4   COMPRESSED   0x00000004   PAD
    0x20002fe8        -       0x00000200   Zero   RW            2    HEAP                startup_stm32f10x_md.o
    0x200031e8        -       0x00000400   Zero   RW            1    STACK               startup_stm32f10x_md.o


==============================================================================

Image component sizes


      Code (inc. data)   RO Data    RW Data    ZI Data      Debug   Object Name

        76          0          0          0          0       1309   bit_operate.o
      1748         32          0          0          0       6155   camera.o
       258         22          0          8          0       3402   canvas.o
        40          0          0          0          0       1552   ceruleanbird.o
         0          0          0          0          0       4548   core_cm3.o
        12          0          0          0          0       1430   enginefault.o
       460         20          0          8      10240       5358   heap_solution_1.o
       500         66          0        872          0       5286   main.o
       132         22          0          0          0     206911   misc.o
      1282         44       1520          0       1024      13483   oled.o
       486          0          0          0          0       5267   rb_tree.o
        64         26        236          0       1536        824   startup_stm32f10x_md.o
         0          0          0          0          0       1656   stm32f10x_adc.o
       216         22          0          0          0       4575   stm32f10x_exti.o
       288          0          0          0          0      10744   stm32f10x_gpio.o
        26          0          0          0          0       3730   stm32f10x_it.o
        64         12          0          0          0       1074   stm32f10x_rcc.o
       246         42          0          0          0      23634   stm32f10x_tim.o
       328         28          0          0          0      30473   system_stm32f10x.o
       254         10          0          4          0       3576   texturemapper.o
       460         16          0          0          0       3599   vector.o
       170         20          0          8          0       3496   worldmap.o

    ----------------------------------------------------------------------
      7134        382       1792        900      12800     342082   Object Totals
         0          0         32          0          0          0   (incl. Generated)
        24          0          4          0          0          0   (incl. Padding)

    ----------------------------------------------------------------------

      Code (inc. data)   RO Data    RW Data    ZI Data      Debug   Library Member Name

        90          0          0          0          0          0   __dczerorl2.o
         8          0          0          0          0         68   __main.o
       104          0          0          0          0         84   __printf.o
         0          0          0          0          0          0   __rtentry.o
        12          0          0          0          0          0   __rtentry2.o
         6          0          0          0          0          0   __rtentry4.o
        52          8          0          0          0          0   __scatter.o
        28          0          0          0          0          0   __scatter_zi.o
        48          6          0          0          0         96   _printf_char_common.o
         6          0          0          0          0          0   _printf_d.o
       120         16          0          0          0         92   _printf_dec.o
       178          0          0          0          0         88   _printf_intcommon.o
         0          0          0          0          0          0   _printf_percent.o
         4          0          0          0          0          0   _printf_percent_end.o
        22          0          0          0          0        100   _rserrno.o
        10          0          0          0          0         68   _sputc.o
        18          0          0          0          0         80   exit.o
         6          0          0          0          0        152   heapauxi.o
         0          0          0          0          0          0   indicate_semi.o
         2          0          0          0          0          0   libinit.o
         2          0          0          0          0          0   libinit2.o
         2          0          0          0          0          0   libshutdown.o
         2          0          0          0          0          0   libshutdown2.o
         8          4          0          0         96         68   libspace.o
        40          6          0          0          0         84   noretval__2sprintf.o
         8          4          0          0          0         68   rt_errno_addr_intlibspace.o
         2          0          0          0          0          0   rtexit.o
        10          0          0          0          0          0   rtexit2.o
        62          0          0          0          0         76   strlen.o
        12          4          0          0          0         68   sys_exit.o
        74          0          0          0          0         80   sys_stackheap_outer.o
         2          0          0          0          0         68   use_no_semi.o
       826         16          0          0          0        348   daddsub_clz.o
        16          4          0          0          0         68   dcheck1.o
        24          0          0          0          0         68   dcmpi.o
       688        140          0          0          0        208   ddiv.o
        94          4          0          0          0         92   dfix.o
        84          0          0          0          0        136   dflt_clz.o
       120          4          0          0          0         92   dleqf.o
       340         12          0          0          0        104   dmul.o
       156          4          0          0          0         92   dnaninf.o
        12          0          0          0          0         68   dretinf.o
       108          0          0          0          0         80   drleqf.o
       460         56          0          0          0        120   dsqrt_noumaal.o
       100          0          0          0          0         68   retnan.o
        92          0          0          0          0         68   scalbn.o
        48          0          0          0          0         68   trapv.o
         0          0          0          0          0          0   usenofp.o
       156          8          0          0          0        104   cos.o
       252         22         48          0          0        124   cos_i.o
        34          6          0          0          0        204   dunder.o
        40          0          0          0          0         68   fpclassify.o
       170          0          0          0          0         96   poly.o
       904         76        200          0          0        140   rred.o
       160         10          0          0          0        108   sin.o
       236         12         40          0          0        128   sin_i.o
        76          0          0          0          0         84   sqrt.o
       100         10          0          0          0         96   tan.o
       636         50         96          0          0        168   tan_i.o

    ----------------------------------------------------------------------
      6882        482        384          0        100       4340   Library Totals
        12          0          0          0          4          0   (incl. Padding)

    ----------------------------------------------------------------------

      Code (inc. data)   RO Data    RW Data    ZI Data      Debug   Library Name

       938         48          0          0         96       1340   c_w.l
      3168        240          0          0          0       1680   fz_ws.l
      2764        194        384          0          0       1320   m_ws.l

    ----------------------------------------------------------------------
      6882        482        384          0        100       4340   Library Totals

    ----------------------------------------------------------------------

==============================================================================


      Code (inc. data)   RO Data    RW Data    ZI Data      Debug   

     14016        864       2176        900      12900     339918   Grand Totals
     14016        864       2176        248      12900     339918   ELF Image Totals (compressed)
     14016        864       2176        248          0          0   ROM Totals

==============================================================================

    Total RO  Size (Code + RO Data)                16192 (  15.81kB)
    Total RW  Size (RW Data + ZI Data)             13800 (  13.48kB)
    Total ROM Size (Code + RO Data + RW Data)      16440 (  16.05kB)

==============================================================================

