Component: ARM Compiler 5.06 update 5 (build 528) Tool: armlink [4d35e2]

==============================================================================

Section Cross References

    startup_stm32f10x_md.o(STACK) refers (Special) to heapauxi.o(.text) for __use_two_region_memory
    startup_stm32f10x_md.o(HEAP) refers (Special) to heapauxi.o(.text) for __use_two_region_memory
    startup_stm32f10x_md.o(RESET) refers (Special) to heapauxi.o(.text) for __use_two_region_memory
    startup_stm32f10x_md.o(RESET) refers to startup_stm32f10x_md.o(STACK) for __initial_sp
    startup_stm32f10x_md.o(RESET) refers to startup_stm32f10x_md.o(.text) for Reset_Handler
    startup_stm32f10x_md.o(RESET) refers to stm32f10x_it.o(i.NMI_Handler) for NMI_Handler
    startup_stm32f10x_md.o(RESET) refers to stm32f10x_it.o(i.HardFault_Handler) for HardFault_Handler
    startup_stm32f10x_md.o(RESET) refers to stm32f10x_it.o(i.MemManage_Handler) for MemManage_Handler
    startup_stm32f10x_md.o(RESET) refers to stm32f10x_it.o(i.BusFault_Handler) for BusFault_Handler
    startup_stm32f10x_md.o(RESET) refers to stm32f10x_it.o(i.UsageFault_Handler) for UsageFault_Handler
    startup_stm32f10x_md.o(RESET) refers to stm32f10x_it.o(i.SVC_Handler) for SVC_Handler
    startup_stm32f10x_md.o(RESET) refers to stm32f10x_it.o(i.DebugMon_Handler) for DebugMon_Handler
    startup_stm32f10x_md.o(RESET) refers to stm32f10x_it.o(i.PendSV_Handler) for PendSV_Handler
    startup_stm32f10x_md.o(RESET) refers to stm32f10x_it.o(i.SysTick_Handler) for SysTick_Handler
    startup_stm32f10x_md.o(RESET) refers to main.o(i.TIM2_IRQHandler) for TIM2_IRQHandler
    startup_stm32f10x_md.o(.text) refers (Special) to heapauxi.o(.text) for __use_two_region_memory
    startup_stm32f10x_md.o(.text) refers to system_stm32f10x.o(i.SystemInit) for SystemInit
    startup_stm32f10x_md.o(.text) refers to __main.o(!!!main) for __main
    startup_stm32f10x_md.o(.text) refers to startup_stm32f10x_md.o(HEAP) for Heap_Mem
    startup_stm32f10x_md.o(.text) refers to startup_stm32f10x_md.o(STACK) for Stack_Mem
    system_stm32f10x.o(i.SetSysClock) refers to system_stm32f10x.o(i.SetSysClockTo72) for SetSysClockTo72
    system_stm32f10x.o(i.SystemCoreClockUpdate) refers to system_stm32f10x.o(.data) for SystemCoreClock
    system_stm32f10x.o(i.SystemInit) refers to system_stm32f10x.o(i.SetSysClock) for SetSysClock
    stm32f10x_adc.o(i.ADC_DeInit) refers to stm32f10x_rcc.o(i.RCC_APB2PeriphResetCmd) for RCC_APB2PeriphResetCmd
    stm32f10x_bkp.o(i.BKP_DeInit) refers to stm32f10x_rcc.o(i.RCC_BackupResetCmd) for RCC_BackupResetCmd
    stm32f10x_can.o(i.CAN_DeInit) refers to stm32f10x_rcc.o(i.RCC_APB1PeriphResetCmd) for RCC_APB1PeriphResetCmd
    stm32f10x_can.o(i.CAN_GetITStatus) refers to stm32f10x_can.o(i.CheckITStatus) for CheckITStatus
    stm32f10x_cec.o(i.CEC_DeInit) refers to stm32f10x_rcc.o(i.RCC_APB1PeriphResetCmd) for RCC_APB1PeriphResetCmd
    stm32f10x_dac.o(i.DAC_DeInit) refers to stm32f10x_rcc.o(i.RCC_APB1PeriphResetCmd) for RCC_APB1PeriphResetCmd
    stm32f10x_flash.o(i.FLASH_EnableWriteProtection) refers to stm32f10x_flash.o(i.FLASH_WaitForLastOperation) for FLASH_WaitForLastOperation
    stm32f10x_flash.o(i.FLASH_EraseAllBank1Pages) refers to stm32f10x_flash.o(i.FLASH_WaitForLastBank1Operation) for FLASH_WaitForLastBank1Operation
    stm32f10x_flash.o(i.FLASH_EraseAllPages) refers to stm32f10x_flash.o(i.FLASH_WaitForLastOperation) for FLASH_WaitForLastOperation
    stm32f10x_flash.o(i.FLASH_EraseOptionBytes) refers to stm32f10x_flash.o(i.FLASH_GetReadOutProtectionStatus) for FLASH_GetReadOutProtectionStatus
    stm32f10x_flash.o(i.FLASH_EraseOptionBytes) refers to stm32f10x_flash.o(i.FLASH_WaitForLastOperation) for FLASH_WaitForLastOperation
    stm32f10x_flash.o(i.FLASH_ErasePage) refers to stm32f10x_flash.o(i.FLASH_WaitForLastOperation) for FLASH_WaitForLastOperation
    stm32f10x_flash.o(i.FLASH_ProgramHalfWord) refers to stm32f10x_flash.o(i.FLASH_WaitForLastOperation) for FLASH_WaitForLastOperation
    stm32f10x_flash.o(i.FLASH_ProgramOptionByteData) refers to stm32f10x_flash.o(i.FLASH_WaitForLastOperation) for FLASH_WaitForLastOperation
    stm32f10x_flash.o(i.FLASH_ProgramWord) refers to stm32f10x_flash.o(i.FLASH_WaitForLastOperation) for FLASH_WaitForLastOperation
    stm32f10x_flash.o(i.FLASH_ReadOutProtection) refers to stm32f10x_flash.o(i.FLASH_WaitForLastOperation) for FLASH_WaitForLastOperation
    stm32f10x_flash.o(i.FLASH_UserOptionByteConfig) refers to stm32f10x_flash.o(i.FLASH_WaitForLastOperation) for FLASH_WaitForLastOperation
    stm32f10x_flash.o(i.FLASH_WaitForLastBank1Operation) refers to stm32f10x_flash.o(i.FLASH_GetBank1Status) for FLASH_GetBank1Status
    stm32f10x_flash.o(i.FLASH_WaitForLastOperation) refers to stm32f10x_flash.o(i.FLASH_GetBank1Status) for FLASH_GetBank1Status
    stm32f10x_gpio.o(i.GPIO_AFIODeInit) refers to stm32f10x_rcc.o(i.RCC_APB2PeriphResetCmd) for RCC_APB2PeriphResetCmd
[...]
    x$fpl$usenofp                            0x08006a46   Section        0  usenofp.o(x$fpl$usenofp)
    .constdata                               0x08006d62   Section    10864  animation.o(.constdata)
    .constdata                               0x080097d2   Section     1520  mistink_font.o(.constdata)
    .constdata                               0x08009dc8   Section      200  rred.o(.constdata)
    pio2s                                    0x08009dc8   Data          48  rred.o(.constdata)
    twooverpi                                0x08009df8   Data         152  rred.o(.constdata)
    .constdata                               0x08009e90   Section       96  tan_i.o(.constdata)
    Todd                                     0x08009e90   Data          48  tan_i.o(.constdata)
    Teven                                    0x08009ec0   Data          48  tan_i.o(.constdata)
    .data                                    0x20000000   Section      608  main.o(.data)
    .data                                    0x20000260   Section       12  camera.o(.data)
    .data                                    0x2000026c   Section        8  canvas.o(.data)
    .data                                    0x20000274   Section        8  heap_solution_1.o(.data)
    BlockListHeader                          0x20000278   Data           4  heap_solution_1.o(.data)
    .data                                    0x2000027c   Section        4  texturemapper.o(.data)
    .data                                    0x20000280   Section        8  worldmap.o(.data)
    .data                                    0x20000288   Section        4  frameratestrategy.o(.data)
    .data                                    0x2000028c   Section        8  sprites_animation.o(.data)
    .data                                    0x20000294   Section        8  sprites_logical.o(.data)
    .data                                    0x2000029c   Section        4  sprites_behaviortree.o(.data)
    Sprites_BT_ManagerTree                   0x2000029c   Data           4  sprites_behaviortree.o(.data)
    .bss                                     0x200002a0   Section    10240  heap_solution_1.o(.bss)
    MEMORY_POOL                              0x200002a0   Data       10240  heap_solution_1.o(.bss)
    .bss                                     0x20002aa0   Section       96  libspace.o(.bss)
    HEAP                                     0x20002b00   Section      512  startup_stm32f10x_md.o(HEAP)
    Heap_Mem                                 0x20002b00   Data         512  startup_stm32f10x_md.o(HEAP)
    STACK                                    0x20002d00   Section     1024  startup_stm32f10x_md.o(STACK)
    Stack_Mem                                0x20002d00   Data        1024  startup_stm32f10x_md.o(STACK)
    __initial_sp                             0x20003100   Data           0  startup_stm32f10x_md.o(STACK)

    Global Symbols

    Symbol Name                              Value     Ov Type        Size  Object(Section)

    BuildAttributes$$THM_ISAv4$P$D$K$B$S$PE$A:L22UL41UL21$X:L11$S22US41US21$IEEE1$IW$USESV6$~STKCKD$USESV7$~SHL$OTIME$ROPI$IEEEX$EBA8$UX$STANDARDLIB$REQ8$PRES8$EABIv2 0x00000000   Number         0  anon$$obj.o ABSOLUTE
    __ARM_use_no_argv                        0x00000000   Number         0  main.o ABSOLUTE
    __ARM_exceptions_init                     - Undefined Weak Reference
    __alloca_initialize                       - Undefined Weak Reference
    __arm_preinit_                            - Undefined Weak Reference
    __cpp_initialize__aeabi_                  - Undefined Weak Reference
    __cxa_finalize                            - Undefined Weak Reference
    __rt_locale                               - Undefined Weak Reference
    __sigvec_lookup                           - Undefined Weak Reference
    _atexit_init                              - Undefined Weak Reference
    _call_atexit_fns                          - Undefined Weak Reference
    _clock_init                               - Undefined Weak Reference
    _fp_trap_init                             - Undefined Weak Reference
    _fp_trap_shutdown                         - Undefined Weak Reference
    _get_lc_collate                           - Undefined Weak Reference
    _get_lc_ctype                             - Undefined Weak Reference
    _get_lc_monetary                          - Undefined Weak Reference
    _get_lc_numeric                           - Undefined Weak Reference
    _get_lc_time                              - Undefined Weak Reference
    _getenv_init                              - Undefined Weak Reference
    _handle_redirection                       - Undefined Weak Reference
    _init_alloc                               - Undefined Weak Reference
    _init_user_alloc                          - Undefined Weak Reference
    _initio                                   - Undefined Weak Reference
    _printf_post_padding                      - Undefined Weak Reference
    _printf_pre_padding                       - Undefined Weak Reference
    _printf_truncate_signed                   - Undefined Weak Reference
    _printf_truncate_unsigned                 - Undefined Weak Reference
    _rand_init                                - Undefined Weak Reference
    _signal_finish                            - Undefined Weak Reference
    _signal_init                              - Undefined Weak Reference
    _terminate_alloc                          - Undefined Weak Reference
    _terminate_user_alloc                     - Undefined Weak Reference
    _terminateio                              - Undefined Weak Reference
    __Vectors_Size                           0x000000ec   Number         0  startup_stm32f10x_md.o ABSOLUTE
    __Vectors                                0x08000000   Data           4  startup_stm32f10x_md.o(RESET)
    __Vectors_End                            0x080000ec   Data           0  startup_stm32f10x_md.o(RESET)
    __main                                   0x080000ed   Thumb Code     8  __main.o(!!!main)
    __scatterload                            0x080000f5   Thumb Code     0  __scatter.o(!!!scatter)
    __scatterload_rt2                        0x080000f5   Thumb Code    44  __scatter.o(!!!scatter)
    __scatterload_rt2_thumb_only             0x080000f5   Thumb Code     0  __scatter.o(!!!scatter)
    __scatterload_null                       0x08000103   Thumb Code     0  __scatter.o(!!!scatter)
    __decompress                             0x08000129   Thumb Code    90  __dczerorl2.o(!!dczerorl2)
    __decompress1                            0x08000129   Thumb Code     0  __dczerorl2.o(!!dczerorl2)
    __scatterload_zeroinit                   0x08000185   Thumb Code    28  __scatter_zi.o(!!handler_zi)
    _printf_d                                0x080001a1   Thumb Code     0  _printf_d.o(.ARM.Collect$$_printf_percent$$00000009)
    _printf_percent                          0x080001a1   Thumb Code     0  _printf_percent.o(.ARM.Collect$$_printf_percent$$00000000)
    _printf_percent_end                      0x080001a7   Thumb Code     0  _printf_percent_end.o(.ARM.Collect$$_printf_percent$$00000017)
    __rt_lib_init                            0x080001ab   Thumb Code     0  libinit.o(.ARM.Collect$$libinit$$00000000)
    __rt_lib_init_alloca_1                   0x080001ad   Thumb Code     0  libinit2.o(.ARM.Collect$$libinit$$0000002E)
    __rt_lib_init_argv_1                     0x080001ad   Thumb Code     0  libinit2.o(.ARM.Collect$$libinit$$0000002C)
    __rt_lib_init_atexit_1                   0x080001ad   Thumb Code     0  libinit2.o(.ARM.Collect$$libinit$$0000001B)
    __rt_lib_init_clock_1                    0x080001ad   Thumb Code     0  libinit2.o(.ARM.Collect$$libinit$$00000021)
    __rt_lib_init_cpp_1                      0x080001ad   Thumb Code     0  libinit2.o(.ARM.Collect$$libinit$$00000032)
    __rt_lib_init_exceptions_1               0x080001ad   Thumb Code     0  libinit2.o(.ARM.Collect$$libinit$$00000030)
    __rt_lib_init_fp_1                       0x080001ad   Thumb Code     0  libinit2.o(.ARM.Collect$$libinit$$00000002)
    __rt_lib_init_fp_trap_1                  0x080001ad   Thumb Code     0  libinit2.o(.ARM.Collect$$libinit$$0000001F)
    __rt_lib_init_getenv_1                   0x080001ad   Thumb Code     0  libinit2.o(.ARM.Collect$$libinit$$00000023)
    __rt_lib_init_heap_1                     0x080001ad   Thumb Code     0  libinit2.o(.ARM.Collect$$libinit$$0000000A)
    __rt_lib_init_lc_collate_1               0x080001ad   Thumb Code     0  libinit2.o(.ARM.Collect$$libinit$$00000011)
    __rt_lib_init_lc_ctype_1                 0x080001ad   Thumb Code     0  libinit2.o(.ARM.Collect$$libinit$$00000013)
    __rt_lib_init_lc_monetary_1              0x080001ad   Thumb Code     0  libinit2.o(.ARM.Collect$$libinit$$00000015)
    __rt_lib_init_lc_numeric_1               0x080001ad   Thumb Code     0  libinit2.o(.ARM.Collect$$libinit$$00000017)
    __rt_lib_init_lc_time_1                  0x080001ad   Thumb Code     0  libinit2.o(.ARM.Collect$$libinit$$00000019)
    __rt_lib_init_preinit_1                  0x080001ad   Thumb Code     0  libinit2.o(.ARM.Collect$$libinit$$00000004)
    __rt_lib_init_rand_1                     0x080001ad   Thumb Code     0  libinit2.o(.ARM.Collect$$libinit$$0000000E)
    __rt_lib_init_return                     0x080001ad   Thumb Code     0  libinit2.o(.ARM.Collect$$libinit$$00000033)
    __rt_lib_init_signal_1                   0x080001ad   Thumb Code     0  libinit2.o(.ARM.Collect$$libinit$$0000001D)
    __rt_lib_init_stdio_1                    0x080001ad   Thumb Code     0  libinit2.o(.ARM.Collect$$libinit$$00000025)
    __rt_lib_init_user_alloc_1               0x080001ad   Thumb Code     0  libinit2.o(.ARM.Collect$$libinit$$0000000C)
    __rt_lib_shutdown                        0x080001af   Thumb Code     0  libshutdown.o(.ARM.Collect$$libshutdown$$00000000)
    __rt_lib_shutdown_cpp_1                  0x080001b1   Thumb Code     0  libshutdown2.o(.ARM.Collect$$libshutdown$$00000002)
    __rt_lib_shutdown_fp_trap_1              0x080001b1   Thumb Code     0  libshutdown2.o(.ARM.Collect$$libshutdown$$00000007)
    __rt_lib_shutdown_heap_1                 0x080001b1   Thumb Code     0  libshutdown2.o(.ARM.Collect$$libshutdown$$0000000F)
    __rt_lib_shutdown_return                 0x080001b1   Thumb Code     0  libshutdown2.o(.ARM.Collect$$libshutdown$$00000010)
    __rt_lib_shutdown_signal_1               0x080001b1   Thumb Code     0  libshutdown2.o(.ARM.Collect$$libshutdown$$0000000A)
    __rt_lib_shutdown_stdio_1                0x080001b1   Thumb Code     0  libshutdown2.o(.ARM.Collect$$libshutdown$$00000004)
    __rt_lib_shutdown_user_alloc_1           0x080001b1   Thumb Code     0  libshutdown2.o(.ARM.Collect$$libshutdown$$0000000C)
    __rt_entry                               0x080001b3   Thumb Code     0  __rtentry.o(.ARM.Collect$$rtentry$$00000000)
    __rt_entry_presh_1                       0x080001b3   Thumb Code     0  __rtentry2.o(.ARM.Collect$$rtentry$$00000002)
    __rt_entry_sh                            0x080001b3   Thumb Code     0  __rtentry4.o(.ARM.Collect$$rtentry$$00000004)
    __rt_entry_li                            0x080001b9   Thumb Code     0  __rtentry2.o(.ARM.Collect$$rtentry$$0000000A)
    __rt_entry_postsh_1                      0x080001b9   Thumb Code     0  __rtentry2.o(.ARM.Collect$$rtentry$$00000009)
    __rt_entry_main                          0x080001bd   Thumb Code     0  __rtentry2.o(.ARM.Collect$$rtentry$$0000000D)
    __rt_entry_postli_1                      0x080001bd   Thumb Code     0  __rtentry2.o(.ARM.Collect$$rtentry$$0000000C)
    __rt_exit                                0x080001c5   Thumb Code     0  rtexit.o(.ARM.Collect$$rtexit$$00000000)
    __rt_exit_ls                             0x080001c7   Thumb Code     0  rtexit2.o(.ARM.Collect$$rtexit$$00000003)
    __rt_exit_prels_1                        0x080001c7   Thumb Code     0  rtexit2.o(.ARM.Collect$$rtexit$$00000002)
    __rt_exit_exit                           0x080001cb   Thumb Code     0  rtexit2.o(.ARM.Collect$$rtexit$$00000004)
    Reset_Handler                            0x080001d1   Thumb Code     8  startup_stm32f10x_md.o(.text)
    ADC1_2_IRQHandler                        0x080001eb   Thumb Code     0  startup_stm32f10x_md.o(.text)
    CAN1_RX1_IRQHandler                      0x080001eb   Thumb Code     0  startup_stm32f10x_md.o(.text)
    CAN1_SCE_IRQHandler                      0x080001eb   Thumb Code     0  startup_stm32f10x_md.o(.text)
    DMA1_Channel1_IRQHandler                 0x080001eb   Thumb Code     0  startup_stm32f10x_md.o(.text)
    DMA1_Channel2_IRQHandler                 0x080001eb   Thumb Code     0  startup_stm32f10x_md.o(.text)
    DMA1_Channel3_IRQHandler                 0x080001eb   Thumb Code     0  startup_stm32f10x_md.o(.text)
    DMA1_Channel4_IRQHandler                 0x080001eb   Thumb Code     0  startup_stm32f10x_md.o(.text)
    DMA1_Channel5_IRQHandler                 0x080001eb   Thumb Code     0  startup_stm32f10x_md.o(.text)
    DMA1_Channel6_IRQHandler                 0x080001eb   Thumb Code     0  startup_stm32f10x_md.o(.text)
    DMA1_Channel7_IRQHandler                 0x080001eb   Thumb Code     0  startup_stm32f10x_md.o(.text)
    EXTI0_IRQHandler                         0x080001eb   Thumb Code     0  startup_stm32f10x_md.o(.text)
    EXTI15_10_IRQHandler                     0x080001eb   Thumb Code     0  startup_stm32f10x_md.o(.text)
    EXTI1_IRQHandler                         0x080001eb   Thumb Code     0  startup_stm32f10x_md.o(.text)
    EXTI2_IRQHandler                         0x080001eb   Thumb Code     0  startup_stm32f10x_md.o(.text)
    EXTI3_IRQHandler                         0x080001eb   Thumb Code     0  startup_stm32f10x_md.o(.text)
    EXTI4_IRQHandler                         0x080001eb   Thumb Code     0  startup_stm32f10x_md.o(.text)
    EXTI9_5_IRQHandler                       0x080001eb   Thumb Code     0  startup_stm32f10x_md.o(.text)
    FLASH_IRQHandler                         0x080001eb   Thumb Code     0  startup_stm32f10x_md.o(.text)
    I2C1_ER_IRQHandler                       0x080001eb   Thumb Code     0  startup_stm32f10x_md.o(.text)
    I2C1_EV_IRQHandler                       0x080001eb   Thumb Code     0  startup_stm32f10x_md.o(.text)
    I2C2_ER_IRQHandler                       0x080001eb   Thumb Code     0  startup_stm32f10x_md.o(.text)
    I2C2_EV_IRQHandler                       0x080001eb   Thumb Code     0  startup_stm32f10x_md.o(.text)
    PVD_IRQHandler                           0x080001eb   Thumb Code     0  startup_stm32f10x_md.o(.text)
    RCC_IRQHandler                           0x080001eb   Thumb Code     0  startup_stm32f10x_md.o(.text)
    RTCAlarm_IRQHandler                      0x080001eb   Thumb Code     0  startup_stm32f10x_md.o(.text)
    RTC_IRQHandler                           0x080001eb   Thumb Code     0  startup_stm32f10x_md.o(.text)
    SPI1_IRQHandler                          0x080001eb   Thumb Code     0  startup_stm32f10x_md.o(.text)
    SPI2_IRQHandler                          0x080001eb   Thumb Code     0  startup_stm32f10x_md.o(.text)
    TAMPER_IRQHandler                        0x080001eb   Thumb Code     0  startup_stm32f10x_md.o(.text)
    TIM1_BRK_IRQHandler                      0x080001eb   Thumb Code     0  startup_stm32f10x_md.o(.text)
    TIM1_CC_IRQHandler                       0x080001eb   Thumb Code     0  startup_stm32f10x_md.o(.text)
    TIM1_TRG_COM_IRQHandler                  0x080001eb   Thumb Code     0  startup_stm32f10x_md.o(.text)
    TIM1_UP_IRQHandler                       0x080001eb   Thumb Code     0  startup_stm32f10x_md.o(.text)
    TIM3_IRQHandler                          0x080001eb   Thumb Code     0  startup_stm32f10x_md.o(.text)
    TIM4_IRQHandler                          0x080001eb   Thumb Code     0  startup_stm32f10x_md.o(.text)
    USART1_IRQHandler                        0x080001eb   Thumb Code     0  startup_stm32f10x_md.o(.text)
    USART2_IRQHandler                        0x080001eb   Thumb Code     0  startup_stm32f10x_md.o(.text)
    USART3_IRQHandler                        0x080001eb   Thumb Code     0  startup_stm32f10x_md.o(.text)
    USBWakeUp_IRQHandler                     0x080001eb   Thumb Code     0  startup_stm32f10x_md.o(.text)
    USB_HP_CAN1_TX_IRQHandler                0x080001eb   Thumb Code     0  startup_stm32f10x_md.o(.text)
    USB_LP_CAN1_RX0_IRQHandler               0x080001eb   Thumb Code     0  startup_stm32f10x_md.o(.text)
    WWDG_IRQHandler                          0x080001eb   Thumb Code     0  startup_stm32f10x_md.o(.text)
    __user_initial_stackheap                 0x080001ed   Thumb Code     0  startup_stm32f10x_md.o(.text)
    __2sprintf                               0x08000211   Thumb Code    34  noretval__2sprintf.o(.text)
    __printf                                 0x08000239   Thumb Code   104  __printf.o(.text)
    _printf_int_dec                          0x080002a1   Thumb Code   104  _printf_dec.o(.text)
    strlen                                   0x08000319   Thumb Code    62  strlen.o(.text)
    __use_two_region_memory                  0x08000357   Thumb Code     2  heapauxi.o(.text)
    __rt_heap_escrow$2region                 0x08000359   Thumb Code     2  heapauxi.o(.text)
    __rt_heap_expand$2region                 0x0800035b   Thumb Code     2  heapauxi.o(.text)
    __read_errno                             0x0800035d   Thumb Code    10  _rserrno.o(.text)
    __set_errno                              0x08000367   Thumb Code    12  _rserrno.o(.text)
    _printf_int_common                       0x08000373   Thumb Code   178  _printf_intcommon.o(.text)
    _printf_char_common                      0x0800042f   Thumb Code    32  _printf_char_common.o(.text)
    _sputc                                   0x08000455   Thumb Code    10  _sputc.o(.text)
    __aeabi_errno_addr                       0x08000461   Thumb Code     8  rt_errno_addr_intlibspace.o(.text)
    __errno$intlibspace                      0x08000461   Thumb Code     0  rt_errno_addr_intlibspace.o(.text)
    __rt_errno_addr$intlibspace              0x08000461   Thumb Code     0  rt_errno_addr_intlibspace.o(.text)
    __user_libspace                          0x08000469   Thumb Code     8  libspace.o(.text)
    __user_perproc_libspace                  0x08000469   Thumb Code     0  libspace.o(.text)
    __user_perthread_libspace                0x08000469   Thumb Code     0  libspace.o(.text)
    __user_setup_stackheap                   0x08000471   Thumb Code    74  sys_stackheap_outer.o(.text)
    exit                                     0x080004bb   Thumb Code    18  exit.o(.text)
    _sys_exit                                0x080004cd   Thumb Code     8  sys_exit.o(.text)
    __I$use$semihosting                      0x080004d9   Thumb Code     0  use_no_semi.o(.text)
    __use_no_semihosting_swi                 0x080004d9   Thumb Code     2  use_no_semi.o(.text)
    AdjustInsert                             0x080004db   Thumb Code   192  rb_tree.o(i.AdjustInsert)
    __semihosting_library_function           0x080004db   Thumb Code     0  indicate_semi.o(.text)
    BT_func                                  0x0800059d   Thumb Code    90  main.o(i.BT_func)
    BT_func2                                 0x08000605   Thumb Code    58  main.o(i.BT_func2)
    Bit_Modification                         0x08000645   Thumb Code    46  mistink.o(i.Bit_Modification)
    Bit_Modify_Within_Byte                   0x08000673   Thumb Code    42  bit_operate.o(i.Bit_Modify_Within_Byte)
    BusFault_Handler                         0x0800069d   Thumb Code     4  stm32f10x_it.o(i.BusFault_Handler)
    Camera_DeepBuffer_Read                   0x080006a1   Thumb Code    30  camera.o(i.Camera_DeepBuffer_Read)
    Camera_DeepBuffer_Write                  0x080006bf   Thumb Code    38  camera.o(i.Camera_DeepBuffer_Write)
    Camera_Init                              0x080006e5   Thumb Code   434  camera.o(i.Camera_Init)
    Camera_Render                            0x080008b5   Thumb Code  1202  camera.o(i.Camera_Render)
    Canvas_GetUnit                           0x08000d69   Thumb Code    38  canvas.o(i.Canvas_GetUnit)
    Canvas_Init                              0x08000d95   Thumb Code    64  canvas.o(i.Canvas_Init)
    Canvas_PixelOperate                      0x08000ddd   Thumb Code   106  canvas.o(i.Canvas_PixelOperate)
    Canvas_SetCanvasModeToRedirect           0x08000e49   Thumb Code    28  canvas.o(i.Canvas_SetCanvasModeToRedirect)
    Celi_DefaultRender                       0x08000e6d   Thumb Code     8  camera.o(i.Celi_DefaultRender)
    CeruleanBird_Init                        0x08000e75   Thumb Code    40  ceruleanbird.o(i.CeruleanBird_Init)
    DebugMon_Handler                         0x08000e9d   Thumb Code     2  stm32f10x_it.o(i.DebugMon_Handler)
    DeleteBlackLeafNodeWithRedSibling        0x08000e9f   Thumb Code    70  rb_tree.o(i.DeleteBlackLeafNodeWithRedSibling)
    DeleteNodeWithOneChild                   0x08000ee5   Thumb Code    70  rb_tree.o(i.DeleteNodeWithOneChild)
    DeleteRedLeafNode                        0x08000f2b   Thumb Code    32  rb_tree.o(i.DeleteRedLeafNode)
    DeleteWhenHasRedNephews                  0x08000f4b   Thumb Code   180  rb_tree.o(i.DeleteWhenHasRedNephews)
    EngineFault_ExceptionEnumParam_Handle    0x08000fff   Thumb Code     4  enginefault.o(i.EngineFault_ExceptionEnumParam_Handle)
    EngineFault_IllegalAccess_Handle         0x08001003   Thumb Code     4  enginefault.o(i.EngineFault_IllegalAccess_Handle)
    EngineFault_IllegalFree_Handle           0x08001007   Thumb Code     4  enginefault.o(i.EngineFault_IllegalFree_Handle)
    EngineFault_NullPointerGuard_Handle      0x0800100b   Thumb Code     4  enginefault.o(i.EngineFault_NullPointerGuard_Handle)
    ExecuteBehaviorTree                      0x0800100f   Thumb Code   212  sprites_behaviortree.o(i.ExecuteBehaviorTree)
    FindTargetNode                           0x080010e3   Thumb Code    64  rb_tree.o(i.FindTargetNode)
    Floor_DefaultRender                      0x08001123   Thumb Code    98  camera.o(i.Floor_DefaultRender)
    Font_Read                                0x08001185   Thumb Code    74  mistink.o(i.Font_Read)
    FrmRS_GetFrmRate                         0x080011d5   Thumb Code    60  frameratestrategy.o(i.FrmRS_GetFrmRate)
    FrmRS_deltaTime_Init                     0x08001225   Thumb Code   114  frameratestrategy.o(i.FrmRS_deltaTime_Init)
    FrmRS_deltaTime_Trigger                  0x0800129d   Thumb Code   168  frameratestrategy.o(i.FrmRS_deltaTime_Trigger)
    GPIO_Init                                0x0800134d   Thumb Code   278  stm32f10x_gpio.o(i.GPIO_Init)
    GPIO_ResetBits                           0x08001463   Thumb Code     4  stm32f10x_gpio.o(i.GPIO_ResetBits)
    GPIO_SetBits                             0x08001467   Thumb Code     4  stm32f10x_gpio.o(i.GPIO_SetBits)
    HandleNodeWithTwoChildren                0x0800146b   Thumb Code    30  rb_tree.o(i.HandleNodeWithTwoChildren)
    HardFault_Handler                        0x08001489   Thumb Code     4  stm32f10x_it.o(i.HardFault_Handler)
    M_Int                                    0x0800148d   Thumb Code    44  mistink.o(i.M_Int)
    M_String                                 0x080014bd   Thumb Code   216  mistink.o(i.M_String)
    MemManage_Handler                        0x08001595   Thumb Code     4  stm32f10x_it.o(i.MemManage_Handler)
    MistinkDisplayer_BufferOutput            0x08001599   Thumb Code    16  mistink_displayer.o(i.MistinkDisplayer_BufferOutput)
    MistinkDisplayer_Create                  0x080015a9   Thumb Code    92  mistink_displayer.o(i.MistinkDisplayer_Create)
    MistinkOP_BufferReset                    0x08001605   Thumb Code    34  mistink.o(i.MistinkOP_BufferReset)
    MistinkOP_GetBufferAPI                   0x08001627   Thumb Code    12  mistink.o(i.MistinkOP_GetBufferAPI)
    MistinkPixel_Operate                     0x08001633   Thumb Code    92  mistink.o(i.MistinkPixel_Operate)
    NMI_Handler                              0x0800168f   Thumb Code     2  stm32f10x_it.o(i.NMI_Handler)
    NVIC_Init                                0x08001691   Thumb Code   100  misc.o(i.NVIC_Init)
    NodeColor                                0x08001701   Thumb Code    12  rb_tree.o(i.NodeColor)
    OLED_BufferOutput                        0x0800170d   Thumb Code    78  m_stm32f103c8t6.o(i.OLED_BufferOutput)
    OLED_Clear                               0x0800175b   Thumb Code    64  m_stm32f103c8t6.o(i.OLED_Clear)
    OLED_Init                                0x0800179d   Thumb Code   236  m_stm32f103c8t6.o(i.OLED_Init)
    OLED_Port_Init                           0x08001891   Thumb Code   172  m_stm32f103c8t6.o(i.OLED_Port_Init)
    OLED_WR_Byte                             0x08001945   Thumb Code    80  m_stm32f103c8t6.o(i.OLED_WR_Byte)
    PendSV_Handler                           0x0800199d   Thumb Code     2  stm32f10x_it.o(i.PendSV_Handler)
    RCC_APB1PeriphClockCmd                   0x080019a1   Thumb Code    26  stm32f10x_rcc.o(i.RCC_APB1PeriphClockCmd)
    RCC_APB2PeriphClockCmd                   0x080019c1   Thumb Code    26  stm32f10x_rcc.o(i.RCC_APB2PeriphClockCmd)
    SBT_ExecuteHandle                        0x080019e1   Thumb Code    80  main.o(i.SBT_ExecuteHandle)
    SBT_ExecuteHandle2                       0x08001a31   Thumb Code   130  main.o(i.SBT_ExecuteHandle2)
    SBT_ExecuteHandle_4                      0x08001ac5   Thumb Code   420  main.o(i.SBT_ExecuteHandle_4)
    SBT_ExecuteHandle_IT                     0x08001c85   Thumb Code    58  main.o(i.SBT_ExecuteHandle_IT)
    SBT_ExecuteHandle_kun                    0x08001cc5   Thumb Code    16  main.o(i.SBT_ExecuteHandle_kun)
    SIT_MapIndexHandle                       0x08001cd5   Thumb Code    48  main.o(i.SIT_MapIndexHandle)
    SPI_Cmd                                  0x08001d09   Thumb Code    24  stm32f10x_spi.o(i.SPI_Cmd)
    SPI_I2S_GetFlagStatus                    0x08001d21   Thumb Code    18  stm32f10x_spi.o(i.SPI_I2S_GetFlagStatus)
    SPI_I2S_SendData                         0x08001d33   Thumb Code     4  stm32f10x_spi.o(i.SPI_I2S_SendData)
    SPI_Init                                 0x08001d37   Thumb Code    60  stm32f10x_spi.o(i.SPI_Init)
    SSRAnim_Exec                             0x08001d73   Thumb Code    26  camera.o(i.SSRAnim_Exec)
    SSRAnim_FrmAdd                           0x08001d8d   Thumb Code   320  camera.o(i.SSRAnim_FrmAdd)
    SSRAnim_FrmExtract                       0x08001ed1   Thumb Code   150  camera.o(i.SSRAnim_FrmExtract)
    SSRAnim_ManagerCreate                    0x08001f69   Thumb Code   176  camera.o(i.SSRAnim_ManagerCreate)
    SSRAnim_Render                           0x0800201d   Thumb Code   204  camera.o(i.SSRAnim_Render)
    SSRAnim_RenderEnable                     0x080020e9   Thumb Code    20  camera.o(i.SSRAnim_RenderEnable)
    SSRAnim_ResetSingle                      0x08002101   Thumb Code    44  camera.o(i.SSRAnim_ResetSingle)
    SSRAnim_SetPos                           0x0800212d   Thumb Code    22  camera.o(i.SSRAnim_SetPos)
    SSRAnim_Update                           0x08002145   Thumb Code   174  camera.o(i.SSRAnim_Update)
    SSR_SetCameraExecAnim                    0x080021f9   Thumb Code    80  camera.o(i.SSR_SetCameraExecAnim)
    SVC_Handler                              0x0800224d   Thumb Code     2  stm32f10x_it.o(i.SVC_Handler)
    SpritesAnim_CreateManager                0x08002339   Thumb Code    72  sprites_animation.o(i.SpritesAnim_CreateManager)
    SpritesAnim_CreateNewChain               0x08002385   Thumb Code   310  sprites_animation.o(i.SpritesAnim_CreateNewChain)
    SpritesAnim_ExtractFrmData               0x080024c1   Thumb Code   184  sprites_animation.o(i.SpritesAnim_ExtractFrmData)
    SpritesAnim_InsertNewFrm                 0x08002579   Thumb Code   322  sprites_animation.o(i.SpritesAnim_InsertNewFrm)
    SpritesAnim_SetAnimType                  0x080026c1   Thumb Code    18  sprites_animation.o(i.SpritesAnim_SetAnimType)
    SpritesAnim_SwitchChain                  0x080026d3   Thumb Code    68  sprites_animation.o(i.SpritesAnim_SwitchChain)
    SpritesAnim_Update                       0x08002719   Thumb Code   134  sprites_animation.o(i.SpritesAnim_Update)
    SpritesBT_Action                         0x080027a5   Thumb Code    40  sprites_behaviortree.o(i.SpritesBT_Action)
    SpritesBT_BusExecute                     0x080027cd   Thumb Code   138  sprites_behaviortree.o(i.SpritesBT_BusExecute)
    SpritesBT_Init                           0x0800285d   Thumb Code    82  sprites_behaviortree.o(i.SpritesBT_Init)
    SpritesBT_MountToRoot                    0x080028b5   Thumb Code    50  sprites_behaviortree.o(i.SpritesBT_MountToRoot)
    SpritesData_GetPos                       0x080028ed   Thumb Code    38  sprites_logical.o(i.SpritesData_GetPos)
    SpritesIT_Add                            0x08002915   Thumb Code   330  sprites_behaviortree.o(i.SpritesIT_Add)
    SpritesIT_Enable                         0x08002a65   Thumb Code    52  sprites_behaviortree.o(i.SpritesIT_Enable)
    SpritesIT_Exec                           0x08002a9d   Thumb Code   216  sprites_behaviortree.o(i.SpritesIT_Exec)
    SpritesIT_GetITNode                      0x08002b75   Thumb Code    54  sprites_behaviortree.o(i.SpritesIT_GetITNode)
    SpritesIT_RBStorageStrategyCreate        0x08002bab   Thumb Code   170  sprites_behaviortree.o(i.SpritesIT_RBStorageStrategyCreate)
    SpritesIT_Register                       0x08002c55   Thumb Code   130  sprites_behaviortree.o(i.SpritesIT_Register)
    SpritesMov_Forward                       0x08002cdd   Thumb Code   236  sprites_logical.o(i.SpritesMov_Forward)
    SpritesMov_Left                          0x08002dcd   Thumb Code   256  sprites_logical.o(i.SpritesMov_Left)
    SpritesMov_Right                         0x08002ed1   Thumb Code   256  sprites_logical.o(i.SpritesMov_Right)
    SpritesMov_SetDir                        0x08002fd5   Thumb Code   112  sprites_logical.o(i.SpritesMov_SetDir)
    SpritesMov_SetDirWithCamera              0x08003051   Thumb Code    30  sprites_logical.o(i.SpritesMov_SetDirWithCamera)
    SpritesMov_SetPosToCamera                0x0800306f   Thumb Code    32  sprites_logical.o(i.SpritesMov_SetPosToCamera)
    SpritesPhased_Exec                       0x0800308f   Thumb Code   130  sprites_behaviortree.o(i.SpritesPhased_Exec)
    SpritesPriv_Add                          0x08003111   Thumb Code    22  sprites_logical.o(i.SpritesPriv_Add)
    SpritesPriv_Get                          0x08003127   Thumb Code    12  sprites_logical.o(i.SpritesPriv_Get)
    SpritesPrivateFreeHandle                 0x08003133   Thumb Code    12  main.o(i.SpritesPrivateFreeHandle)
    SpritesTree_Add                          0x08003141   Thumb Code    72  sprites_logical.o(i.SpritesTree_Add)
    SpritesTree_Init                         0x0800318d   Thumb Code   100  sprites_logical.o(i.SpritesTree_Init)
    SpritesTree_NodeExtract                  0x080031f9   Thumb Code    68  sprites_logical.o(i.SpritesTree_NodeExtract)
    SpritesTree_Sort                         0x0800323d   Thumb Code   368  sprites_logical.o(i.SpritesTree_Sort)
    Sprites_Awaken                           0x080033b1   Thumb Code    64  sprites_logical.o(i.Sprites_Awaken)
    Sprites_BT_GetChild                      0x080033f9   Thumb Code    50  sprites_behaviortree.o(i.Sprites_BT_GetChild)
    Sprites_BT_LCNodeCreate                  0x0800342b   Thumb Code    30  sprites_behaviortree.o(i.Sprites_BT_LCNodeCreate)
    Sprites_Exec                             0x08003449   Thumb Code    56  sprites_logical.o(i.Sprites_Exec)
    Sprites_ObjectCreate                     0x08003485   Thumb Code   228  sprites_logical.o(i.Sprites_ObjectCreate)
    Sprites_SingleRender                     0x08003571   Thumb Code  1328  sprites_logical.o(i.Sprites_SingleRender)
    Sprites_SingleUpdate                     0x08003aa1   Thumb Code    44  sprites_logical.o(i.Sprites_SingleUpdate)
    Sprites_Sleep                            0x08003acd   Thumb Code    64  sprites_logical.o(i.Sprites_Sleep)
    Sprites_collisionWallValue               0x08003b15   Thumb Code    20  sprites_logical.o(i.Sprites_collisionWallValue)
    SysTick_Handler                          0x08003b29   Thumb Code     2  stm32f10x_it.o(i.SysTick_Handler)
    SystemInit                               0x08003b2d   Thumb Code    78  system_stm32f10x.o(i.SystemInit)
    TIM2_IRQHandler                          0x08003b8d   Thumb Code    36  main.o(i.TIM2_IRQHandler)
    TIM_ClearITPendingBit                    0x08003bb9   Thumb Code     6  stm32f10x_tim.o(i.TIM_ClearITPendingBit)
    TIM_Cmd                                  0x08003bbf   Thumb Code    24  stm32f10x_tim.o(i.TIM_Cmd)
    TIM_GetCounter                           0x08003bd7   Thumb Code     6  stm32f10x_tim.o(i.TIM_GetCounter)
    TIM_GetITStatus                          0x08003bdd   Thumb Code    34  stm32f10x_tim.o(i.TIM_GetITStatus)
    TIM_ITConfig                             0x08003bff   Thumb Code    18  stm32f10x_tim.o(i.TIM_ITConfig)
    TIM_SetCounter                           0x08003c11   Thumb Code     4  stm32f10x_tim.o(i.TIM_SetCounter)
    TIM_TimeBaseInit                         0x08003c15   Thumb Code   122  stm32f10x_tim.o(i.TIM_TimeBaseInit)
    Texture_Add                              0x08003cb9   Thumb Code   102  texturemapper.o(i.Texture_Add)
    Texture_Extract                          0x08003d25   Thumb Code   122  texturemapper.o(i.Texture_Extract)
    Texture_GetTexture                       0x08003da1   Thumb Code    20  texturemapper.o(i.Texture_GetTexture)
    TreeDelete                               0x08003db9   Thumb Code   270  rb_tree.o(i.TreeDelete)
    UsageFault_Handler                       0x08003ec7   Thumb Code     4  stm32f10x_it.o(i.UsageFault_Handler)
    WorldMap_Add                             0x08003ecd   Thumb Code    82  worldmap.o(i.WorldMap_Add)
    WorldMap_Extract                         0x08003f29   Thumb Code    42  worldmap.o(i.WorldMap_Extract)
    WorldMap_GetCurrentMapPos                0x08003f55   Thumb Code     6  worldmap.o(i.WorldMap_GetCurrentMapPos)
    WorldMap_GetWorldMap                     0x08003f61   Thumb Code    20  worldmap.o(i.WorldMap_GetWorldMap)
    __ARM_fpclassify                         0x08003f79   Thumb Code    40  fpclassify.o(i.__ARM_fpclassify)
    __ieee754_rem_pio2                       0x08003fa1   Thumb Code   828  rred.o(i.__ieee754_rem_pio2)
    __kernel_poly                            0x08004329   Thumb Code   170  poly.o(i.__kernel_poly)
    __kernel_tan                             0x080043d5   Thumb Code   586  tan_i.o(i.__kernel_tan)
    __mathlib_dbl_infnan                     0x08004651   Thumb Code     6  dunder.o(i.__mathlib_dbl_infnan)
    __mathlib_dbl_invalid                    0x08004657   Thumb Code    12  dunder.o(i.__mathlib_dbl_invalid)
    __mathlib_dbl_underflow                  0x08004665   Thumb Code    10  dunder.o(i.__mathlib_dbl_underflow)
    bitToByte                                0x08004675   Thumb Code    34  bit_operate.o(i.bitToByte)
    brotherNode                              0x08004697   Thumb Code    30  rb_tree.o(i.brotherNode)
    c_free                                   0x080046b5   Thumb Code    90  heap_solution_1.o(i.c_free)
    c_malloc                                 0x08004715   Thumb Code   162  heap_solution_1.o(i.c_malloc)
    c_realloc                                0x080047bd   Thumb Code   336  heap_solution_1.o(i.c_realloc)
    calculate_crc8                           0x0800490d   Thumb Code    56  heap_solution_1.o(i.calculate_crc8)
    createNode                               0x08004945   Thumb Code    38  rb_tree.o(i.createNode)
    frame_capture                            0x0800496d   Thumb Code    12  main.o(i.frame_capture)
    frm                                      0x0800497d   Thumb Code    54  main.o(i.frm)
    func2                                    0x080049b9   Thumb Code    54  main.o(i.func2)
    function                                 0x080049f9   Thumb Code   130  main.o(i.function)
    function2                                0x08004a8d   Thumb Code   130  main.o(i.function2)
    function3                                0x08004b1d   Thumb Code   136  main.o(i.function3)
    function4                                0x08004bbd   Thumb Code   140  main.o(i.function4)
    getRoot                                  0x08004c65   Thumb Code    22  rb_tree.o(i.getRoot)
    init_timer                               0x08004c7b   Thumb Code    96  main.o(i.init_timer)
    leftRotate                               0x08004cdb   Thumb Code    52  rb_tree.o(i.leftRotate)
    main                                     0x08004d11   Thumb Code  1732  main.o(i.main)
    memory_pool_init                         0x08005405   Thumb Code   108  heap_solution_1.o(i.memory_pool_init)
    rbDelete                                 0x08005479   Thumb Code    18  rb_tree.o(i.rbDelete)
    rbInsert                                 0x0800548b   Thumb Code   118  rb_tree.o(i.rbInsert)
    rightRotate                              0x08005501   Thumb Code    52  rb_tree.o(i.rightRotate)
    rotateLeft                               0x08005535   Thumb Code    34  rb_tree.o(i.rotateLeft)
    rotateRight                              0x08005557   Thumb Code    34  rb_tree.o(i.rotateRight)
    search                                   0x08005579   Thumb Code    34  rb_tree.o(i.search)
    sqrt                                     0x0800559b   Thumb Code    76  sqrt.o(i.sqrt)
    tan                                      0x080055e9   Thumb Code    90  tan.o(i.tan)
    vector_Create                            0x0800564d   Thumb Code    28  vector.o(i.vector_Create)
    vector_Magnitude                         0x08005669   Thumb Code    18  vector.o(i.vector_Magnitude)
    vector_MagnitudeSquare                   0x0800567b   Thumb Code    62  vector.o(i.vector_MagnitudeSquare)
    vector_Normalize                         0x080056b9   Thumb Code   232  vector.o(i.vector_Normalize)
    vector_Scalar_Div                        0x080057a9   Thumb Code   104  vector.o(i.vector_Scalar_Div)
    verifyBlock                              0x08005819   Thumb Code    28  heap_solution_1.o(i.verifyBlock)
    __aeabi_d2f                              0x08005835   Thumb Code     0  d2f.o(x$fpl$d2f)
    _d2f                                     0x08005835   Thumb Code    98  d2f.o(x$fpl$d2f)
    __aeabi_dadd                             0x08005899   Thumb Code     0  daddsub_clz.o(x$fpl$dadd)
    _dadd                                    0x08005899   Thumb Code   332  daddsub_clz.o(x$fpl$dadd)
    __fpl_dcheck_NaN1                        0x080059e9   Thumb Code    10  dcheck1.o(x$fpl$dcheck1)
    __fpl_dcmp_Inf                           0x080059f9   Thumb Code    24  dcmpi.o(x$fpl$dcmpinf)
    __aeabi_ddiv                             0x08005a11   Thumb Code     0  ddiv.o(x$fpl$ddiv)
    _ddiv                                    0x08005a11   Thumb Code   552  ddiv.o(x$fpl$ddiv)
    __aeabi_cdcmpeq                          0x08005cc1   Thumb Code     0  deqf.o(x$fpl$deqf)
    _dcmpeq                                  0x08005cc1   Thumb Code   120  deqf.o(x$fpl$deqf)
    __aeabi_d2iz                             0x08005d39   Thumb Code     0  dfix.o(x$fpl$dfix)
    _dfix                                    0x08005d39   Thumb Code    94  dfix.o(x$fpl$dfix)
    __aeabi_i2d                              0x08005d97   Thumb Code     0  dflt_clz.o(x$fpl$dflt)
    _dflt                                    0x08005d97   Thumb Code    46  dflt_clz.o(x$fpl$dflt)
    __aeabi_ui2d                             0x08005dc5   Thumb Code     0  dflt_clz.o(x$fpl$dfltu)
    _dfltu                                   0x08005dc5   Thumb Code    38  dflt_clz.o(x$fpl$dfltu)
    __aeabi_cdcmple                          0x08005ded   Thumb Code     0  dleqf.o(x$fpl$dleqf)
    _dcmple                                  0x08005ded   Thumb Code   120  dleqf.o(x$fpl$dleqf)
    __fpl_dcmple_InfNaN                      0x08005e4f   Thumb Code     0  dleqf.o(x$fpl$dleqf)
    __aeabi_dmul                             0x08005e65   Thumb Code     0  dmul.o(x$fpl$dmul)
    _dmul                                    0x08005e65   Thumb Code   332  dmul.o(x$fpl$dmul)
    __fpl_dnaninf                            0x08005fb9   Thumb Code   156  dnaninf.o(x$fpl$dnaninf)
    __fpl_dretinf                            0x08006055   Thumb Code    12  dretinf.o(x$fpl$dretinf)
    __aeabi_cdrcmple                         0x08006061   Thumb Code     0  drleqf.o(x$fpl$drleqf)
    _drcmple                                 0x08006061   Thumb Code   108  drleqf.o(x$fpl$drleqf)
    __aeabi_drsub                            0x080060cd   Thumb Code     0  daddsub_clz.o(x$fpl$drsb)
    _drsb                                    0x080060cd   Thumb Code    22  daddsub_clz.o(x$fpl$drsb)
    _dsqrt                                   0x080060e5   Thumb Code   456  dsqrt_noumaal.o(x$fpl$dsqrt)
    __aeabi_dsub                             0x080062b1   Thumb Code     0  daddsub_clz.o(x$fpl$dsub)
    _dsub                                    0x080062b1   Thumb Code   464  daddsub_clz.o(x$fpl$dsub)
    __aeabi_fadd                             0x08006485   Thumb Code     0  faddsub_clz.o(x$fpl$fadd)
    _fadd                                    0x08006485   Thumb Code   196  faddsub_clz.o(x$fpl$fadd)
    __fpl_fcmp_Inf                           0x08006549   Thumb Code    24  fcmpi.o(x$fpl$fcmpinf)
    __aeabi_fdiv                             0x08006561   Thumb Code     0  fdiv.o(x$fpl$fdiv)
    _fdiv                                    0x08006561   Thumb Code   384  fdiv.o(x$fpl$fdiv)
    __aeabi_ui2f                             0x080066e5   Thumb Code     0  fflt_clz.o(x$fpl$ffltu)
    _ffltu                                   0x080066e5   Thumb Code    38  fflt_clz.o(x$fpl$ffltu)
    __aeabi_cfcmple                          0x0800670d   Thumb Code     0  fleqf.o(x$fpl$fleqf)
    _fcmple                                  0x0800670d   Thumb Code   104  fleqf.o(x$fpl$fleqf)
    __fpl_fcmple_InfNaN                      0x0800675f   Thumb Code     0  fleqf.o(x$fpl$fleqf)
    __fpl_fnaninf                            0x08006775   Thumb Code   140  fnaninf.o(x$fpl$fnaninf)
    __fpl_fretinf                            0x08006801   Thumb Code    10  fretinf.o(x$fpl$fretinf)
    __aeabi_cfrcmple                         0x0800680b   Thumb Code     0  frleqf.o(x$fpl$frleqf)
    _frcmple                                 0x0800680b   Thumb Code    98  frleqf.o(x$fpl$frleqf)
    __aeabi_fsub                             0x0800686d   Thumb Code     0  faddsub_clz.o(x$fpl$fsub)
    _fsub                                    0x0800686d   Thumb Code   234  faddsub_clz.o(x$fpl$fsub)
    __fpl_return_NaN                         0x08006957   Thumb Code   100  retnan.o(x$fpl$retnan)
    __ARM_scalbn                             0x080069bb   Thumb Code    92  scalbn.o(x$fpl$scalbn)
    __fpl_cmpreturn                          0x08006a17   Thumb Code    48  trapv.o(x$fpl$trapveneer)
    __I$use$fp                               0x08006a46   Number         0  usenofp.o(x$fpl$usenofp)
    floormap                                 0x08006a46   Data         576  main.o(.constdata)
    floordata_24x24                          0x08006c86   Data         180  main.o(.constdata)
    jian_16x16                               0x08006d3a   Data          32  main.o(.constdata)
    jian_8x8                                 0x08006d5a   Data           8  main.o(.constdata)
    IKUN_TieShanKao_45x45_1                  0x08006d62   Data         270  animation.o(.constdata)
    IKUN_TieShanKao_45x45_1_shadow           0x08006e70   Data         270  animation.o(.constdata)
    IKUN_TieShanKao_45x45_2                  0x08006f7e   Data         266  animation.o(.constdata)
    IKUN_TieShanKao_45x45_2_shadow           0x08007088   Data         270  animation.o(.constdata)
    IKUN_TieShanKao_45x45_3                  0x08007196   Data         266  animation.o(.constdata)
    IKUN_TieShanKao_45x45_3_shadow           0x080072a0   Data         270  animation.o(.constdata)
    IKUN_TieShanKao_45x45_4                  0x080073ae   Data         270  animation.o(.constdata)
    IKUN_TieShanKao_45x45_4_shadow           0x080074bc   Data         270  animation.o(.constdata)
    IKUN_TieShanKao_45x45_5                  0x080075ca   Data         270  animation.o(.constdata)
    IKUN_TieShanKao_45x45_5_shadow           0x080076d8   Data         270  animation.o(.constdata)
    IKUN_TieShanKao_45x45_6                  0x080077e6   Data         270  animation.o(.constdata)
    IKUN_TieShanKao_45x45_6_shadow           0x080078f4   Data         270  animation.o(.constdata)
    IKUN_TieShanKao_45x45_7                  0x08007a02   Data         270  animation.o(.constdata)
    IKUN_TieShanKao_45x45_7_shadow           0x08007b10   Data         270  animation.o(.constdata)
    IKUN_TieShanKao_45x45_8                  0x08007c1e   Data         270  animation.o(.constdata)
    IKUN_TieShanKao_45x45_8_shadow           0x08007d2c   Data         270  animation.o(.constdata)
    IKUN_TieShanKao_45x45_9                  0x08007e3a   Data         270  animation.o(.constdata)
    IKUN_TieShanKao_45x45_9_shadow           0x08007f48   Data         270  animation.o(.constdata)
    IKUN_TieShanKao_45x45_10                 0x08008056   Data         270  animation.o(.constdata)
    IKUN_TieShanKao_45x45_10_shadow          0x08008164   Data         270  animation.o(.constdata)
    IKUN_TieShanKao_45x45_11                 0x08008272   Data         270  animation.o(.constdata)
    IKUN_TieShanKao_45x45_11_shadow          0x08008380   Data         270  animation.o(.constdata)
    IKUN_TieShanKao_45x45_12                 0x0800848e   Data         270  animation.o(.constdata)
    IKUN_TieShanKao_45x45_12_shadow          0x0800859c   Data         270  animation.o(.constdata)
    kun2                                     0x080086aa   Data         288  animation.o(.constdata)
    dun                                      0x080087ca   Data         180  animation.o(.constdata)
    dun2                                     0x0800887e   Data         180  animation.o(.constdata)
    dun3                                     0x08008932   Data         180  animation.o(.constdata)
    dun4                                     0x080089e6   Data         180  animation.o(.constdata)
    dun5                                     0x08008a9a   Data         180  animation.o(.constdata)
    dun6                                     0x08008b4e   Data         180  animation.o(.constdata)
    dun7                                     0x08008c02   Data         180  animation.o(.constdata)
    dun8                                     0x08008cb6   Data         180  animation.o(.constdata)
    dun9                                     0x08008d6a   Data         180  animation.o(.constdata)
    dun_shadown                              0x08008e1e   Data         180  animation.o(.constdata)
    gun_48x48_1                              0x08008ed2   Data         288  animation.o(.constdata)
    gun_48x48_1_shadown                      0x08008ff2   Data         288  animation.o(.constdata)
    gun_48x48_2                              0x08009112   Data         288  animation.o(.constdata)
    gun_48x48_2_shadown                      0x08009232   Data         288  animation.o(.constdata)
    gun_48x48_3                              0x08009352   Data         288  animation.o(.constdata)
    gun_48x48_3_shadown                      0x08009472   Data         288  animation.o(.constdata)
    gun_48x48_4                              0x08009592   Data         288  animation.o(.constdata)
    gun_48x48_4_shadown                      0x080096b2   Data         288  animation.o(.constdata)
    OLED_F8x16                               0x080097d2   Data        1520  mistink_font.o(.constdata)
    Region$$Table$$Base                      0x08009ef0   Number         0  anon$$obj.o(Region$$Table)
    Region$$Table$$Limit                     0x08009f10   Number         0  anon$$obj.o(Region$$Table)
    displayer                                0x20000000   Data           4  main.o(.data)
    frame_count                              0x20000004   Data           4  main.o(.data)
    fps                                      0x20000008   Data           4  main.o(.data)
    TestMap2                                 0x2000000c   Data         576  main.o(.data)
    Spritestemp                              0x2000024c   Data           4  main.o(.data)
    Spritedun                                0x20000250   Data           4  main.o(.data)
    iskunsleep                               0x20000254   Data           4  main.o(.data)
    isdunsleep                               0x20000258   Data           4  main.o(.data)
    isover                                   0x2000025c   Data           4  main.o(.data)
    FloorTreeManager                         0x20000260   Data           4  camera.o(.data)
    CeliTreeManager                          0x20000264   Data           4  camera.o(.data)
    SSR_CoreTree                             0x20000268   Data           4  camera.o(.data)
    Canvas_Mode                              0x2000026c   Data           4  canvas.o(.data)
    Screen_Canvas                            0x20000270   Data           4  canvas.o(.data)
    Init_flag                                0x20000274   Data           1  heap_solution_1.o(.data)
    TextureMapper_Header                     0x2000027c   Data           4  texturemapper.o(.data)
    WorldMap_Header                          0x20000280   Data           4  worldmap.o(.data)
    WorldMap_Pos                             0x20000284   Data           4  worldmap.o(.data)
    DeltaTime                                0x20000288   Data           4  frameratestrategy.o(.data)
    Sprites_Header                           0x2000028c   Data           4  sprites_animation.o(.data)
    Sprites_Count                            0x20000290   Data           4  sprites_animation.o(.data)
    SpritesTree                              0x20000294   Data           4  sprites_logical.o(.data)
    SpritesSleepTree                         0x20000298   Data           4  sprites_logical.o(.data)
    __libspace_start                         0x20002aa0   Data          96  libspace.o(.bss)
    __temporary_stack_top$libspace           0x20002b00   Data           0  libspace.o(.bss)



==============================================================================

Memory Map of the image

  Image Entry point : 0x080000ed

  Load Region LR_IROM1 (Base: 0x08000000, Size: 0x0000a1b0, Max: 0x00010000, ABSOLUTE, COMPRESSED[0x00009f68])

    Execution Region ER_IROM1 (Exec base: 0x08000000, Load base: 0x08000000, Size: 0x00009f10, Max: 0x00010000, ABSOLUTE)

    Exec Addr    Load Addr    Size         Type   Attr      Idx    E Section Name        Object

    0x08000000   0x08000000   0x000000ec   Data   RO            3    RESET               startup_stm32f10x_md.o
    0x080000ec   0x080000ec   0x00000008   Code   RO         5086  * !!!main             c_w.l(__main.o)
    0x080000f4   0x080000f4   0x00000034   Code   RO         5404    !!!scatter          c_w.l(__scatter.o)
    0x08000128   0x08000128   0x0000005a   Code   RO         5402    !!dczerorl2         c_w.l(__dczerorl2.o)
    0x08000182   0x08000182   0x00000002   PAD
    0x08000184   0x08000184   0x0000001c   Code   RO         5406    !!handler_zi        c_w.l(__scatter_zi.o)
    0x080001a0   0x080001a0   0x00000000   Code   RO         5081    .ARM.Collect$$_printf_percent$$00000000  c_w.l(_printf_percent.o)
    0x080001a0   0x080001a0   0x00000006   Code   RO         5080    .ARM.Collect$$_printf_percent$$00000009  c_w.l(_printf_d.o)
    0x080001a6   0x080001a6   0x00000004   Code   RO         5179    .ARM.Collect$$_printf_percent$$00000017  c_w.l(_printf_percent_end.o)
    0x080001aa   0x080001aa   0x00000002   Code   RO         5269    .ARM.Collect$$libinit$$00000000  c_w.l(libinit.o)
    0x080001ac   0x080001ac   0x00000000   Code   RO         5275    .ARM.Collect$$libinit$$00000002  c_w.l(libinit2.o)
    0x080001ac   0x080001ac   0x00000000   Code   RO         5277    .ARM.Collect$$libinit$$00000004  c_w.l(libinit2.o)
    0x080001ac   0x080001ac   0x00000000   Code   RO         5280    .ARM.Collect$$libinit$$0000000A  c_w.l(libinit2.o)
    0x080001ac   0x080001ac   0x00000000   Code   RO         5282    .ARM.Collect$$libinit$$0000000C  c_w.l(libinit2.o)
    0x080001ac   0x080001ac   0x00000000   Code   RO         5284    .ARM.Collect$$libinit$$0000000E  c_w.l(libinit2.o)
    0x080001ac   0x080001ac   0x00000000   Code   RO         5287    .ARM.Collect$$libinit$$00000011  c_w.l(libinit2.o)
    0x080001ac   0x080001ac   0x00000000   Code   RO         5289    .ARM.Collect$$libinit$$00000013  c_w.l(libinit2.o)
    0x080001ac   0x080001ac   0x00000000   Code   RO         5291    .ARM.Collect$$libinit$$00000015  c_w.l(libinit2.o)
    0x080001ac   0x080001ac   0x00000000   Code   RO         5293    .ARM.Collect$$libinit$$00000017  c_w.l(libinit2.o)
    0x080001ac   0x080001ac   0x00000000   Code   RO         5295    .ARM.Collect$$libinit$$00000019  c_w.l(libinit2.o)
    0x080001ac   0x080001ac   0x00000000   Code   RO         5297    .ARM.Collect$$libinit$$0000001B  c_w.l(libinit2.o)
    0x080001ac   0x080001ac   0x00000000   Code   RO         5299    .ARM.Collect$$libinit$$0000001D  c_w.l(libinit2.o)
    0x080001ac   0x080001ac   0x00000000   Code   RO         5301    .ARM.Collect$$libinit$$0000001F  c_w.l(libinit2.o)
    0x080001ac   0x080001ac   0x00000000   Code   RO         5303    .ARM.Collect$$libinit$$00000021  c_w.l(libinit2.o)
    0x080001ac   0x080001ac   0x00000000   Code   RO         5305    .ARM.Collect$$libinit$$00000023  c_w.l(libinit2.o)
    0x080001ac   0x080001ac   0x00000000   Code   RO         5307    .ARM.Collect$$libinit$$00000025  c_w.l(libinit2.o)
    0x080001ac   0x080001ac   0x00000000   Code   RO         5311    .ARM.Collect$$libinit$$0000002C  c_w.l(libinit2.o)
    0x080001ac   0x080001ac   0x00000000   Code   RO         5313    .ARM.Collect$$libinit$$0000002E  c_w.l(libinit2.o)
    0x080001ac   0x080001ac   0x00000000   Code   RO         5315    .ARM.Collect$$libinit$$00000030  c_w.l(libinit2.o)
    0x080001ac   0x080001ac   0x00000000   Code   RO         5317    .ARM.Collect$$libinit$$00000032  c_w.l(libinit2.o)
    0x080001ac   0x080001ac   0x00000002   Code   RO         5318    .ARM.Collect$$libinit$$00000033  c_w.l(libinit2.o)
    0x080001ae   0x080001ae   0x00000002   Code   RO         5342    .ARM.Collect$$libshutdown$$00000000  c_w.l(libshutdown.o)
    0x080001b0   0x080001b0   0x00000000   Code   RO         5355    .ARM.Collect$$libshutdown$$00000002  c_w.l(libshutdown2.o)
    0x080001b0   0x080001b0   0x00000000   Code   RO         5357    .ARM.Collect$$libshutdown$$00000004  c_w.l(libshutdown2.o)
    0x080001b0   0x080001b0   0x00000000   Code   RO         5360    .ARM.Collect$$libshutdown$$00000007  c_w.l(libshutdown2.o)
    0x080001b0   0x080001b0   0x00000000   Code   RO         5363    .ARM.Collect$$libshutdown$$0000000A  c_w.l(libshutdown2.o)
    0x080001b0   0x080001b0   0x00000000   Code   RO         5365    .ARM.Collect$$libshutdown$$0000000C  c_w.l(libshutdown2.o)
    0x080001b0   0x080001b0   0x00000000   Code   RO         5368    .ARM.Collect$$libshutdown$$0000000F  c_w.l(libshutdown2.o)
    0x080001b0   0x080001b0   0x00000002   Code   RO         5369    .ARM.Collect$$libshutdown$$00000010  c_w.l(libshutdown2.o)
    0x080001b2   0x080001b2   0x00000000   Code   RO         5170    .ARM.Collect$$rtentry$$00000000  c_w.l(__rtentry.o)
    0x080001b2   0x080001b2   0x00000000   Code   RO         5230    .ARM.Collect$$rtentry$$00000002  c_w.l(__rtentry2.o)
    0x080001b2   0x080001b2   0x00000006   Code   RO         5242    .ARM.Collect$$rtentry$$00000004  c_w.l(__rtentry4.o)
    0x080001b8   0x080001b8   0x00000000   Code   RO         5232    .ARM.Collect$$rtentry$$00000009  c_w.l(__rtentry2.o)
    0x080001b8   0x080001b8   0x00000004   Code   RO         5233    .ARM.Collect$$rtentry$$0000000A  c_w.l(__rtentry2.o)
    0x080001bc   0x080001bc   0x00000000   Code   RO         5235    .ARM.Collect$$rtentry$$0000000C  c_w.l(__rtentry2.o)
    0x080001bc   0x080001bc   0x00000008   Code   RO         5236    .ARM.Collect$$rtentry$$0000000D  c_w.l(__rtentry2.o)
    0x080001c4   0x080001c4   0x00000002   Code   RO         5272    .ARM.Collect$$rtexit$$00000000  c_w.l(rtexit.o)
    0x080001c6   0x080001c6   0x00000000   Code   RO         5322    .ARM.Collect$$rtexit$$00000002  c_w.l(rtexit2.o)
    0x080001c6   0x080001c6   0x00000004   Code   RO         5323    .ARM.Collect$$rtexit$$00000003  c_w.l(rtexit2.o)
    0x080001ca   0x080001ca   0x00000006   Code   RO         5324    .ARM.Collect$$rtexit$$00000004  c_w.l(rtexit2.o)
    0x080001d0   0x080001d0   0x00000040   Code   RO            4    .text               startup_stm32f10x_md.o
    0x08000210   0x08000210   0x00000028   Code   RO         5054    .text               c_w.l(noretval__2sprintf.o)
    0x08000238   0x08000238   0x00000068   Code   RO         5056    .text               c_w.l(__printf.o)
    0x080002a0   0x080002a0   0x00000078   Code   RO         5058    .text               c_w.l(_printf_dec.o)
    0x08000318   0x08000318   0x0000003e   Code   RO         5082    .text               c_w.l(strlen.o)
    0x08000356   0x08000356   0x00000006   Code   RO         5084    .text               c_w.l(heapauxi.o)
    0x0800035c   0x0800035c   0x00000016   Code   RO         5171    .text               c_w.l(_rserrno.o)
    0x08000372   0x08000372   0x000000b2   Code   RO         5173    .text               c_w.l(_printf_intcommon.o)
    0x08000424   0x08000424   0x00000030   Code   RO         5175    .text               c_w.l(_printf_char_common.o)
    0x08000454   0x08000454   0x0000000a   Code   RO         5177    .text               c_w.l(_sputc.o)
    0x0800045e   0x0800045e   0x00000002   PAD
    0x08000460   0x08000460   0x00000008   Code   RO         5247    .text               c_w.l(rt_errno_addr_intlibspace.o)
    0x08000468   0x08000468   0x00000008   Code   RO         5257    .text               c_w.l(libspace.o)
    0x08000470   0x08000470   0x0000004a   Code   RO         5260    .text               c_w.l(sys_stackheap_outer.o)
    0x080004ba   0x080004ba   0x00000012   Code   RO         5262    .text               c_w.l(exit.o)
    0x080004cc   0x080004cc   0x0000000c   Code   RO         5334    .text               c_w.l(sys_exit.o)
    0x080004d8   0x080004d8   0x00000002   Code   RO         5345    .text               c_w.l(use_no_semi.o)
    0x080004da   0x080004da   0x00000000   Code   RO         5347    .text               c_w.l(indicate_semi.o)
    0x080004da   0x080004da   0x000000c0   Code   RO         3902    i.AdjustInsert      rb_tree.o
    0x0800059a   0x0800059a   0x00000002   PAD
    0x0800059c   0x0800059c   0x00000068   Code   RO         3223    i.BT_func           main.o
    0x08000604   0x08000604   0x00000040   Code   RO         3224    i.BT_func2          main.o
    0x08000644   0x08000644   0x0000002e   Code   RO         4886    i.Bit_Modification  mistink.o
    0x08000672   0x08000672   0x0000002a   Code   RO         3503    i.Bit_Modify_Within_Byte  bit_operate.o
    0x0800069c   0x0800069c   0x00000004   Code   RO         3427    i.BusFault_Handler  stm32f10x_it.o
    0x080006a0   0x080006a0   0x0000001e   Code   RO         3539    i.Camera_DeepBuffer_Read  camera.o
    0x080006be   0x080006be   0x00000026   Code   RO         3540    i.Camera_DeepBuffer_Write  camera.o
    0x080006e4   0x080006e4   0x000001d0   Code   RO         3542    i.Camera_Init       camera.o
    0x080008b4   0x080008b4   0x000004b2   Code   RO         3546    i.Camera_Render     camera.o
    0x08000d66   0x08000d66   0x00000002   PAD
    0x08000d68   0x08000d68   0x0000002c   Code   RO         3789    i.Canvas_GetUnit    canvas.o
    0x08000d94   0x08000d94   0x00000048   Code   RO         3790    i.Canvas_Init       canvas.o
    0x08000ddc   0x08000ddc   0x0000006a   Code   RO         3791    i.Canvas_PixelOperate  canvas.o
    0x08000e46   0x08000e46   0x00000002   PAD
    0x08000e48   0x08000e48   0x00000024   Code   RO         3793    i.Canvas_SetCanvasModeToRedirect  canvas.o
    0x08000e6c   0x08000e6c   0x00000008   Code   RO         3552    i.Celi_DefaultRender  camera.o
    0x08000e74   0x08000e74   0x00000028   Code   RO         3841    i.CeruleanBird_Init  ceruleanbird.o
    0x08000e9c   0x08000e9c   0x00000002   Code   RO         3428    i.DebugMon_Handler  stm32f10x_it.o
    0x08000e9e   0x08000e9e   0x00000046   Code   RO         3903    i.DeleteBlackLeafNodeWithRedSibling  rb_tree.o
    0x08000ee4   0x08000ee4   0x00000046   Code   RO         3904    i.DeleteNodeWithOneChild  rb_tree.o
    0x08000f2a   0x08000f2a   0x00000020   Code   RO         3905    i.DeleteRedLeafNode  rb_tree.o
    0x08000f4a   0x08000f4a   0x000000b4   Code   RO         3906    i.DeleteWhenHasRedNephews  rb_tree.o
    0x08000ffe   0x08000ffe   0x00000004   Code   RO         4286    i.EngineFault_ExceptionEnumParam_Handle  enginefault.o
    0x08001002   0x08001002   0x00000004   Code   RO         4287    i.EngineFault_IllegalAccess_Handle  enginefault.o
    0x08001006   0x08001006   0x00000004   Code   RO         4288    i.EngineFault_IllegalFree_Handle  enginefault.o
    0x0800100a   0x0800100a   0x00000004   Code   RO         4290    i.EngineFault_NullPointerGuard_Handle  enginefault.o
    0x0800100e   0x0800100e   0x000000d4   Code   RO         4722    i.ExecuteBehaviorTree  sprites_behaviortree.o
    0x080010e2   0x080010e2   0x00000040   Code   RO         3907    i.FindTargetNode    rb_tree.o
    0x08001122   0x08001122   0x00000062   Code   RO         3558    i.Floor_DefaultRender  camera.o
    0x08001184   0x08001184   0x00000050   Code   RO         4888    i.Font_Read         mistink.o
    0x080011d4   0x080011d4   0x00000050   Code   RO         4352    i.FrmRS_GetFrmRate  frameratestrategy.o
    0x08001224   0x08001224   0x00000078   Code   RO         4355    i.FrmRS_deltaTime_Init  frameratestrategy.o
    0x0800129c   0x0800129c   0x000000b0   Code   RO         4356    i.FrmRS_deltaTime_Trigger  frameratestrategy.o
    0x0800134c   0x0800134c   0x00000116   Code   RO         1347    i.GPIO_Init         stm32f10x_gpio.o
    0x08001462   0x08001462   0x00000004   Code   RO         1354    i.GPIO_ResetBits    stm32f10x_gpio.o
    0x08001466   0x08001466   0x00000004   Code   RO         1355    i.GPIO_SetBits      stm32f10x_gpio.o
    0x0800146a   0x0800146a   0x0000001e   Code   RO         3908    i.HandleNodeWithTwoChildren  rb_tree.o
    0x08001488   0x08001488   0x00000004   Code   RO         3429    i.HardFault_Handler  stm32f10x_it.o
    0x0800148c   0x0800148c   0x00000030   Code   RO         4889    i.M_Int             mistink.o
    0x080014bc   0x080014bc   0x000000d8   Code   RO         4891    i.M_String          mistink.o
    0x08001594   0x08001594   0x00000004   Code   RO         3430    i.MemManage_Handler  stm32f10x_it.o
    0x08001598   0x08001598   0x00000010   Code   RO         4972    i.MistinkDisplayer_BufferOutput  mistink_displayer.o
    0x080015a8   0x080015a8   0x0000005c   Code   RO         4974    i.MistinkDisplayer_Create  mistink_displayer.o
    0x08001604   0x08001604   0x00000022   Code   RO         4892    i.MistinkOP_BufferReset  mistink.o
    0x08001626   0x08001626   0x0000000c   Code   RO         4893    i.MistinkOP_GetBufferAPI  mistink.o
    0x08001632   0x08001632   0x0000005c   Code   RO         4894    i.MistinkPixel_Operate  mistink.o
    0x0800168e   0x0800168e   0x00000002   Code   RO         3431    i.NMI_Handler       stm32f10x_it.o
    0x08001690   0x08001690   0x00000070   Code   RO          137    i.NVIC_Init         misc.o
    0x08001700   0x08001700   0x0000000c   Code   RO         3909    i.NodeColor         rb_tree.o
    0x0800170c   0x0800170c   0x0000004e   Code   RO         5002    i.OLED_BufferOutput  m_stm32f103c8t6.o
    0x0800175a   0x0800175a   0x00000040   Code   RO         5003    i.OLED_Clear        m_stm32f103c8t6.o
    0x0800179a   0x0800179a   0x00000002   PAD
    0x0800179c   0x0800179c   0x000000f4   Code   RO         5004    i.OLED_Init         m_stm32f103c8t6.o
    0x08001890   0x08001890   0x000000b4   Code   RO         5005    i.OLED_Port_Init    m_stm32f103c8t6.o
    0x08001944   0x08001944   0x00000058   Code   RO         5006    i.OLED_WR_Byte      m_stm32f103c8t6.o
    0x0800199c   0x0800199c   0x00000002   Code   RO         3432    i.PendSV_Handler    stm32f10x_it.o
    0x0800199e   0x0800199e   0x00000002   PAD
    0x080019a0   0x080019a0   0x00000020   Code   RO         1775    i.RCC_APB1PeriphClockCmd  stm32f10x_rcc.o
    0x080019c0   0x080019c0   0x00000020   Code   RO         1777    i.RCC_APB2PeriphClockCmd  stm32f10x_rcc.o
    0x080019e0   0x080019e0   0x00000050   Code   RO         3225    i.SBT_ExecuteHandle  main.o
    0x08001a30   0x08001a30   0x00000094   Code   RO         3226    i.SBT_ExecuteHandle2  main.o
    0x08001ac4   0x08001ac4   0x000001c0   Code   RO         3227    i.SBT_ExecuteHandle_4  main.o
    0x08001c84   0x08001c84   0x00000040   Code   RO         3228    i.SBT_ExecuteHandle_IT  main.o
    0x08001cc4   0x08001cc4   0x00000010   Code   RO         3229    i.SBT_ExecuteHandle_kun  main.o
    0x08001cd4   0x08001cd4   0x00000034   Code   RO         3230    i.SIT_MapIndexHandle  main.o
    0x08001d08   0x08001d08   0x00000018   Code   RO         2263    i.SPI_Cmd           stm32f10x_spi.o
    0x08001d20   0x08001d20   0x00000012   Code   RO         2271    i.SPI_I2S_GetFlagStatus  stm32f10x_spi.o
    0x08001d32   0x08001d32   0x00000004   Code   RO         2275    i.SPI_I2S_SendData  stm32f10x_spi.o
    0x08001d36   0x08001d36   0x0000003c   Code   RO         2276    i.SPI_Init          stm32f10x_spi.o
    0x08001d72   0x08001d72   0x0000001a   Code   RO         3564    i.SSRAnim_Exec      camera.o
    0x08001d8c   0x08001d8c   0x00000144   Code   RO         3565    i.SSRAnim_FrmAdd    camera.o
    0x08001ed0   0x08001ed0   0x00000096   Code   RO         3566    i.SSRAnim_FrmExtract  camera.o
    0x08001f66   0x08001f66   0x00000002   PAD
    0x08001f68   0x08001f68   0x000000b4   Code   RO         3567    i.SSRAnim_ManagerCreate  camera.o
    0x0800201c   0x0800201c   0x000000cc   Code   RO         3568    i.SSRAnim_Render    camera.o
    0x080020e8   0x080020e8   0x00000018   Code   RO         3570    i.SSRAnim_RenderEnable  camera.o
    0x08002100   0x08002100   0x0000002c   Code   RO         3571    i.SSRAnim_ResetSingle  camera.o
    0x0800212c   0x0800212c   0x00000016   Code   RO         3572    i.SSRAnim_SetPos    camera.o
    0x08002142   0x08002142   0x00000002   PAD
    0x08002144   0x08002144   0x000000b4   Code   RO         3573    i.SSRAnim_Update    camera.o
    0x080021f8   0x080021f8   0x00000054   Code   RO         3574    i.SSR_SetCameraExecAnim  camera.o
    0x0800224c   0x0800224c   0x00000002   Code   RO         3433    i.SVC_Handler       stm32f10x_it.o
    0x0800224e   0x0800224e   0x00000008   Code   RO           24    i.SetSysClock       system_stm32f10x.o
    0x08002256   0x08002256   0x00000002   PAD
    0x08002258   0x08002258   0x000000e0   Code   RO           25    i.SetSysClockTo72   system_stm32f10x.o
    0x08002338   0x08002338   0x0000004c   Code   RO         4397    i.SpritesAnim_CreateManager  sprites_animation.o
    0x08002384   0x08002384   0x0000013c   Code   RO         4398    i.SpritesAnim_CreateNewChain  sprites_animation.o
    0x080024c0   0x080024c0   0x000000b8   Code   RO         4400    i.SpritesAnim_ExtractFrmData  sprites_animation.o
    0x08002578   0x08002578   0x00000148   Code   RO         4405    i.SpritesAnim_InsertNewFrm  sprites_animation.o
    0x080026c0   0x080026c0   0x00000012   Code   RO         4407    i.SpritesAnim_SetAnimType  sprites_animation.o
    0x080026d2   0x080026d2   0x00000044   Code   RO         4409    i.SpritesAnim_SwitchChain  sprites_animation.o
    0x08002716   0x08002716   0x00000002   PAD
    0x08002718   0x08002718   0x0000008c   Code   RO         4412    i.SpritesAnim_Update  sprites_animation.o
    0x080027a4   0x080027a4   0x00000028   Code   RO         4723    i.SpritesBT_Action  sprites_behaviortree.o
    0x080027cc   0x080027cc   0x00000090   Code   RO         4728    i.SpritesBT_BusExecute  sprites_behaviortree.o
    0x0800285c   0x0800285c   0x00000058   Code   RO         4730    i.SpritesBT_Init    sprites_behaviortree.o
    0x080028b4   0x080028b4   0x00000038   Code   RO         4732    i.SpritesBT_MountToRoot  sprites_behaviortree.o
    0x080028ec   0x080028ec   0x00000026   Code   RO         4510    i.SpritesData_GetPos  sprites_logical.o
    0x08002912   0x08002912   0x00000002   PAD
    0x08002914   0x08002914   0x00000150   Code   RO         4735    i.SpritesIT_Add     sprites_behaviortree.o
    0x08002a64   0x08002a64   0x00000038   Code   RO         4737    i.SpritesIT_Enable  sprites_behaviortree.o
    0x08002a9c   0x08002a9c   0x000000d8   Code   RO         4738    i.SpritesIT_Exec    sprites_behaviortree.o
    0x08002b74   0x08002b74   0x00000036   Code   RO         4739    i.SpritesIT_GetITNode  sprites_behaviortree.o
    0x08002baa   0x08002baa   0x000000aa   Code   RO         4740    i.SpritesIT_RBStorageStrategyCreate  sprites_behaviortree.o
    0x08002c54   0x08002c54   0x00000088   Code   RO         4741    i.SpritesIT_Register  sprites_behaviortree.o
    0x08002cdc   0x08002cdc   0x000000f0   Code   RO         4516    i.SpritesMov_Forward  sprites_logical.o
    0x08002dcc   0x08002dcc   0x00000104   Code   RO         4518    i.SpritesMov_Left   sprites_logical.o
    0x08002ed0   0x08002ed0   0x00000104   Code   RO         4519    i.SpritesMov_Right  sprites_logical.o
    0x08002fd4   0x08002fd4   0x0000007c   Code   RO         4520    i.SpritesMov_SetDir  sprites_logical.o
    0x08003050   0x08003050   0x0000001e   Code   RO         4522    i.SpritesMov_SetDirWithCamera  sprites_logical.o
    0x0800306e   0x0800306e   0x00000020   Code   RO         4523    i.SpritesMov_SetPosToCamera  sprites_logical.o
    0x0800308e   0x0800308e   0x00000082   Code   RO         4744    i.SpritesPhased_Exec  sprites_behaviortree.o
    0x08003110   0x08003110   0x00000016   Code   RO         4524    i.SpritesPriv_Add   sprites_logical.o
    0x08003126   0x08003126   0x0000000c   Code   RO         4525    i.SpritesPriv_Get   sprites_logical.o
    0x08003132   0x08003132   0x0000000c   Code   RO         3231    i.SpritesPrivateFreeHandle  main.o
    0x0800313e   0x0800313e   0x00000002   PAD
    0x08003140   0x08003140   0x0000004c   Code   RO         4529    i.SpritesTree_Add   sprites_logical.o
    0x0800318c   0x0800318c   0x0000006c   Code   RO         4530    i.SpritesTree_Init  sprites_logical.o
    0x080031f8   0x080031f8   0x00000044   Code   RO         4531    i.SpritesTree_NodeExtract  sprites_logical.o
    0x0800323c   0x0800323c   0x00000174   Code   RO         4532    i.SpritesTree_Sort  sprites_logical.o
    0x080033b0   0x080033b0   0x00000048   Code   RO         4534    i.Sprites_Awaken    sprites_logical.o
    0x080033f8   0x080033f8   0x00000032   Code   RO         4746    i.Sprites_BT_GetChild  sprites_behaviortree.o
    0x0800342a   0x0800342a   0x0000001e   Code   RO         4747    i.Sprites_BT_LCNodeCreate  sprites_behaviortree.o
    0x08003448   0x08003448   0x0000003c   Code   RO         4535    i.Sprites_Exec      sprites_logical.o
    0x08003484   0x08003484   0x000000ec   Code   RO         4536    i.Sprites_ObjectCreate  sprites_logical.o
    0x08003570   0x08003570   0x00000530   Code   RO         4537    i.Sprites_SingleRender  sprites_logical.o
    0x08003aa0   0x08003aa0   0x0000002c   Code   RO         4538    i.Sprites_SingleUpdate  sprites_logical.o
    0x08003acc   0x08003acc   0x00000048   Code   RO         4539    i.Sprites_Sleep     sprites_logical.o
    0x08003b14   0x08003b14   0x00000014   Code   RO         4540    i.Sprites_collisionWallValue  sprites_logical.o
    0x08003b28   0x08003b28   0x00000002   Code   RO         3434    i.SysTick_Handler   stm32f10x_it.o
    0x08003b2a   0x08003b2a   0x00000002   PAD
    0x08003b2c   0x08003b2c   0x00000060   Code   RO           27    i.SystemInit        system_stm32f10x.o
    0x08003b8c   0x08003b8c   0x0000002c   Code   RO         3232    i.TIM2_IRQHandler   main.o
    0x08003bb8   0x08003bb8   0x00000006   Code   RO         2416    i.TIM_ClearITPendingBit  stm32f10x_tim.o
    0x08003bbe   0x08003bbe   0x00000018   Code   RO         2421    i.TIM_Cmd           stm32f10x_tim.o
    0x08003bd6   0x08003bd6   0x00000006   Code   RO         2440    i.TIM_GetCounter    stm32f10x_tim.o
    0x08003bdc   0x08003bdc   0x00000022   Code   RO         2442    i.TIM_GetITStatus   stm32f10x_tim.o
    0x08003bfe   0x08003bfe   0x00000012   Code   RO         2446    i.TIM_ITConfig      stm32f10x_tim.o
    0x08003c10   0x08003c10   0x00000004   Code   RO         2486    i.TIM_SetCounter    stm32f10x_tim.o
    0x08003c14   0x08003c14   0x000000a4   Code   RO         2492    i.TIM_TimeBaseInit  stm32f10x_tim.o
    0x08003cb8   0x08003cb8   0x0000006c   Code   RO         4034    i.Texture_Add       texturemapper.o
    0x08003d24   0x08003d24   0x0000007a   Code   RO         4038    i.Texture_Extract   texturemapper.o
    0x08003d9e   0x08003d9e   0x00000002   PAD
    0x08003da0   0x08003da0   0x00000018   Code   RO         4043    i.Texture_GetTexture  texturemapper.o
    0x08003db8   0x08003db8   0x0000010e   Code   RO         3911    i.TreeDelete        rb_tree.o
    0x08003ec6   0x08003ec6   0x00000004   Code   RO         3435    i.UsageFault_Handler  stm32f10x_it.o
    0x08003eca   0x08003eca   0x00000002   PAD
    0x08003ecc   0x08003ecc   0x0000005c   Code   RO         4193    i.WorldMap_Add      worldmap.o
    0x08003f28   0x08003f28   0x0000002a   Code   RO         4197    i.WorldMap_Extract  worldmap.o
    0x08003f52   0x08003f52   0x00000002   PAD
    0x08003f54   0x08003f54   0x0000000c   Code   RO         4201    i.WorldMap_GetCurrentMapPos  worldmap.o
    0x08003f60   0x08003f60   0x00000018   Code   RO         4203    i.WorldMap_GetWorldMap  worldmap.o
    0x08003f78   0x08003f78   0x00000028   Code   RO         5253    i.__ARM_fpclassify  m_ws.l(fpclassify.o)
    0x08003fa0   0x08003fa0   0x00000388   Code   RO         5212    i.__ieee754_rem_pio2  m_ws.l(rred.o)
    0x08004328   0x08004328   0x000000aa   Code   RO         5255    i.__kernel_poly     m_ws.l(poly.o)
    0x080043d2   0x080043d2   0x00000002   PAD
    0x080043d4   0x080043d4   0x0000027c   Code   RO         5223    i.__kernel_tan      m_ws.l(tan_i.o)
    0x08004650   0x08004650   0x00000006   Code   RO         5199    i.__mathlib_dbl_infnan  m_ws.l(dunder.o)
    0x08004656   0x08004656   0x0000000c   Code   RO         5201    i.__mathlib_dbl_invalid  m_ws.l(dunder.o)
    0x08004662   0x08004662   0x00000002   PAD
    0x08004664   0x08004664   0x00000010   Code   RO         5204    i.__mathlib_dbl_underflow  m_ws.l(dunder.o)
    0x08004674   0x08004674   0x00000022   Code   RO         3506    i.bitToByte         bit_operate.o
    0x08004696   0x08004696   0x0000001e   Code   RO         3912    i.brotherNode       rb_tree.o
    0x080046b4   0x080046b4   0x00000060   Code   RO         3856    i.c_free            heap_solution_1.o
    0x08004714   0x08004714   0x000000a8   Code   RO         3857    i.c_malloc          heap_solution_1.o
    0x080047bc   0x080047bc   0x00000150   Code   RO         3858    i.c_realloc         heap_solution_1.o
    0x0800490c   0x0800490c   0x00000038   Code   RO         3859    i.calculate_crc8    heap_solution_1.o
    0x08004944   0x08004944   0x00000026   Code   RO         3913    i.createNode        rb_tree.o
    0x0800496a   0x0800496a   0x00000002   PAD
    0x0800496c   0x0800496c   0x00000010   Code   RO         3233    i.frame_capture     main.o
    0x0800497c   0x0800497c   0x0000003c   Code   RO         3234    i.frm               main.o
    0x080049b8   0x080049b8   0x00000040   Code   RO         3235    i.func2             main.o
    0x080049f8   0x080049f8   0x00000094   Code   RO         3237    i.function          main.o
    0x08004a8c   0x08004a8c   0x00000090   Code   RO         3238    i.function2         main.o
    0x08004b1c   0x08004b1c   0x000000a0   Code   RO         3239    i.function3         main.o
    0x08004bbc   0x08004bbc   0x000000a8   Code   RO         3240    i.function4         main.o
    0x08004c64   0x08004c64   0x00000016   Code   RO         3914    i.getRoot           rb_tree.o
    0x08004c7a   0x08004c7a   0x00000060   Code   RO         3241    i.init_timer        main.o
    0x08004cda   0x08004cda   0x00000034   Code   RO         3915    i.leftRotate        rb_tree.o
    0x08004d0e   0x08004d0e   0x00000002   PAD
    0x08004d10   0x08004d10   0x000006f4   Code   RO         3242    i.main              main.o
    0x08005404   0x08005404   0x00000074   Code   RO         3860    i.memory_pool_init  heap_solution_1.o
    0x08005478   0x08005478   0x00000012   Code   RO         3916    i.rbDelete          rb_tree.o
    0x0800548a   0x0800548a   0x00000076   Code   RO         3917    i.rbInsert          rb_tree.o
    0x08005500   0x08005500   0x00000034   Code   RO         3918    i.rightRotate       rb_tree.o
    0x08005534   0x08005534   0x00000022   Code   RO         3919    i.rotateLeft        rb_tree.o
    0x08005556   0x08005556   0x00000022   Code   RO         3920    i.rotateRight       rb_tree.o
    0x08005578   0x08005578   0x00000022   Code   RO         3921    i.search            rb_tree.o
    0x0800559a   0x0800559a   0x0000004c   Code   RO         5155    i.sqrt              m_ws.l(sqrt.o)
    0x080055e6   0x080055e6   0x00000002   PAD
    0x080055e8   0x080055e8   0x00000064   Code   RO         5163    i.tan               m_ws.l(tan.o)
    0x0800564c   0x0800564c   0x0000001c   Code   RO         4128    i.vector_Create     vector.o
    0x08005668   0x08005668   0x00000012   Code   RO         4130    i.vector_Magnitude  vector.o
    0x0800567a   0x0800567a   0x0000003e   Code   RO         4131    i.vector_MagnitudeSquare  vector.o
    0x080056b8   0x080056b8   0x000000f0   Code   RO         4133    i.vector_Normalize  vector.o
    0x080057a8   0x080057a8   0x00000070   Code   RO         4134    i.vector_Scalar_Div  vector.o
    0x08005818   0x08005818   0x0000001c   Code   RO         3861    i.verifyBlock       heap_solution_1.o
    0x08005834   0x08005834   0x00000062   Code   RO         5088    x$fpl$d2f           fz_ws.l(d2f.o)
    0x08005896   0x08005896   0x00000002   PAD
    0x08005898   0x08005898   0x00000150   Code   RO         5090    x$fpl$dadd          fz_ws.l(daddsub_clz.o)
    0x080059e8   0x080059e8   0x00000010   Code   RO         5270    x$fpl$dcheck1       fz_ws.l(dcheck1.o)
    0x080059f8   0x080059f8   0x00000018   Code   RO         5180    x$fpl$dcmpinf       fz_ws.l(dcmpi.o)
    0x08005a10   0x08005a10   0x000002b0   Code   RO         5097    x$fpl$ddiv          fz_ws.l(ddiv.o)
    0x08005cc0   0x08005cc0   0x00000078   Code   RO         5100    x$fpl$deqf          fz_ws.l(deqf.o)
    0x08005d38   0x08005d38   0x0000005e   Code   RO         5102    x$fpl$dfix          fz_ws.l(dfix.o)
    0x08005d96   0x08005d96   0x0000002e   Code   RO         5107    x$fpl$dflt          fz_ws.l(dflt_clz.o)
    0x08005dc4   0x08005dc4   0x00000026   Code   RO         5106    x$fpl$dfltu         fz_ws.l(dflt_clz.o)
    0x08005dea   0x08005dea   0x00000002   PAD
    0x08005dec   0x08005dec   0x00000078   Code   RO         5112    x$fpl$dleqf         fz_ws.l(dleqf.o)
    0x08005e64   0x08005e64   0x00000154   Code   RO         5114    x$fpl$dmul          fz_ws.l(dmul.o)
    0x08005fb8   0x08005fb8   0x0000009c   Code   RO         5182    x$fpl$dnaninf       fz_ws.l(dnaninf.o)
    0x08006054   0x08006054   0x0000000c   Code   RO         5184    x$fpl$dretinf       fz_ws.l(dretinf.o)
    0x08006060   0x08006060   0x0000006c   Code   RO         5116    x$fpl$drleqf        fz_ws.l(drleqf.o)
    0x080060cc   0x080060cc   0x00000016   Code   RO         5091    x$fpl$drsb          fz_ws.l(daddsub_clz.o)
    0x080060e2   0x080060e2   0x00000002   PAD
    0x080060e4   0x080060e4   0x000001cc   Code   RO         5186    x$fpl$dsqrt         fz_ws.l(dsqrt_noumaal.o)
    0x080062b0   0x080062b0   0x000001d4   Code   RO         5092    x$fpl$dsub          fz_ws.l(daddsub_clz.o)
    0x08006484   0x08006484   0x000000c4   Code   RO         5118    x$fpl$fadd          fz_ws.l(faddsub_clz.o)
    0x08006548   0x08006548   0x00000018   Code   RO         5188    x$fpl$fcmpinf       fz_ws.l(fcmpi.o)
    0x08006560   0x08006560   0x00000184   Code   RO         5125    x$fpl$fdiv          fz_ws.l(fdiv.o)
    0x080066e4   0x080066e4   0x00000026   Code   RO         5128    x$fpl$ffltu         fz_ws.l(fflt_clz.o)
    0x0800670a   0x0800670a   0x00000002   PAD
    0x0800670c   0x0800670c   0x00000068   Code   RO         5134    x$fpl$fleqf         fz_ws.l(fleqf.o)
    0x08006774   0x08006774   0x0000008c   Code   RO         5190    x$fpl$fnaninf       fz_ws.l(fnaninf.o)
    0x08006800   0x08006800   0x0000000a   Code   RO         5192    x$fpl$fretinf       fz_ws.l(fretinf.o)
    0x0800680a   0x0800680a   0x00000062   Code   RO         5136    x$fpl$frleqf        fz_ws.l(frleqf.o)
    0x0800686c   0x0800686c   0x000000ea   Code   RO         5120    x$fpl$fsub          fz_ws.l(faddsub_clz.o)
    0x08006956   0x08006956   0x00000064   Code   RO         5319    x$fpl$retnan        fz_ws.l(retnan.o)
    0x080069ba   0x080069ba   0x0000005c   Code   RO         5251    x$fpl$scalbn        fz_ws.l(scalbn.o)
    0x08006a16   0x08006a16   0x00000030   Code   RO         5332    x$fpl$trapveneer    fz_ws.l(trapv.o)
    0x08006a46   0x08006a46   0x00000000   Code   RO         5194    x$fpl$usenofp       fz_ws.l(usenofp.o)
    0x08006a46   0x08006a46   0x0000031c   Data   RO         3244    .constdata          main.o
    0x08006d62   0x08006d62   0x00002a70   Data   RO         3490    .constdata          animation.o
    0x080097d2   0x080097d2   0x000005f0   Data   RO         5038    .constdata          mistink_font.o
    0x08009dc2   0x08009dc2   0x00000006   PAD
    0x08009dc8   0x08009dc8   0x000000c8   Data   RO         5214    .constdata          m_ws.l(rred.o)
    0x08009e90   0x08009e90   0x00000060   Data   RO         5224    .constdata          m_ws.l(tan_i.o)
    0x08009ef0   0x08009ef0   0x00000020   Data   RO         5400    Region$$Table       anon$$obj.o


    Execution Region RW_IRAM1 (Exec base: 0x20000000, Load base: 0x08009f10, Size: 0x00003100, Max: 0x00005000, ABSOLUTE, COMPRESSED[0x00000058])

    Exec Addr    Load Addr    Size         Type   Attr      Idx    E Section Name        Object

    0x20000000   COMPRESSED   0x00000260   Data   RW         3245    .data               main.o
    0x20000260   COMPRESSED   0x0000000c   Data   RW         3575    .data               camera.o
    0x2000026c   COMPRESSED   0x00000008   Data   RW         3794    .data               canvas.o
    0x20000274   COMPRESSED   0x00000008   Data   RW         3863    .data               heap_solution_1.o
    0x2000027c   COMPRESSED   0x00000004   Data   RW         4048    .data               texturemapper.o
    0x20000280   COMPRESSED   0x00000008   Data   RW         4207    .data               worldmap.o
    0x20000288   COMPRESSED   0x00000004   Data   RW         4357    .data               frameratestrategy.o
    0x2000028c   COMPRESSED   0x00000008   Data   RW         4413    .data               sprites_animation.o
    0x20000294   COMPRESSED   0x00000008   Data   RW         4541    .data               sprites_logical.o
    0x2000029c   COMPRESSED   0x00000004   Data   RW         4748    .data               sprites_behaviortree.o
    0x200002a0        -       0x00002800   Zero   RW         3862    .bss                heap_solution_1.o
    0x20002aa0        -       0x00000060   Zero   RW         5258    .bss                c_w.l(libspace.o)
    0x20002b00        -       0x00000200   Zero   RW            2    HEAP                startup_stm32f10x_md.o
    0x20002d00        -       0x00000400   Zero   RW            1    STACK               startup_stm32f10x_md.o


==============================================================================

Image component sizes


      Code (inc. data)   RO Data    RW Data    ZI Data      Debug   Object Name

         0          0      10864          0          0       3361   animation.o
        76          0          0          0          0       1333   bit_operate.o
      3078         74          0         12          0      17421   camera.o
       258         22          0          8          0       3486   canvas.o
        40          0          0          0          0       1564   ceruleanbird.o
         0          0          0          0          0       4548   core_cm3.o
        16          0          0          0          0       1970   enginefault.o
       376         34          0          4          0       3488   frameratestrategy.o
       800         20          0          8      10240       6818   heap_solution_1.o
       654         24          0          0          0       3353   m_stm32f103c8t6.o
      3668        534        796        608          0      24902   main.o
       112         12          0          0          0     204344   misc.o
       528         10          0          0          0       7318   mistink.o
       108          0          0          0          0       1934   mistink_displayer.o
         0          0       1520          0          0        613   mistink_font.o
      1352          0          0          0          0      14262   rb_tree.o
      1130         22          0          8          0       7645   sprites_animation.o
      1718         34          0          4          0      12813   sprites_behaviortree.o
      3474         96          0          8          0      22489   sprites_logical.o
        64         26        236          0       1536        836   startup_stm32f10x_md.o
         0          0          0          0          0       1668   stm32f10x_adc.o
       286          0          0          0          0      11260   stm32f10x_gpio.o
        26          0          0          0          0       3846   stm32f10x_it.o
        64         12          0          0          0       1098   stm32f10x_rcc.o
       106          0          0          0          0      10048   stm32f10x_spi.o
       256         42          0          0          0      24748   stm32f10x_tim.o
       328         28          0          0          0      37453   system_stm32f10x.o
       254         10          0          4          0       3332   texturemapper.o
       460         16          0          0          0       3683   vector.o
       170         20          0          8          0       3580   worldmap.o

    ----------------------------------------------------------------------
     19436       1036      13454        672      11776     445214   Object Totals
         0          0         32          0          0          0   (incl. Generated)
        34          0          6          0          0          0   (incl. Padding)

    ----------------------------------------------------------------------

      Code (inc. data)   RO Data    RW Data    ZI Data      Debug   Library Member Name

        90          0          0          0          0          0   __dczerorl2.o
         8          0          0          0          0         68   __main.o
       104          0          0          0          0         84   __printf.o
         0          0          0          0          0          0   __rtentry.o
        12          0          0          0          0          0   __rtentry2.o
         6          0          0          0          0          0   __rtentry4.o
        52          8          0          0          0          0   __scatter.o
        28          0          0          0          0          0   __scatter_zi.o
        48          6          0          0          0         96   _printf_char_common.o
         6          0          0          0          0          0   _printf_d.o
       120         16          0          0          0         92   _printf_dec.o
       178          0          0          0          0         88   _printf_intcommon.o
         0          0          0          0          0          0   _printf_percent.o
         4          0          0          0          0          0   _printf_percent_end.o
        22          0          0          0          0        100   _rserrno.o
        10          0          0          0          0         68   _sputc.o
        18          0          0          0          0         80   exit.o
         6          0          0          0          0        152   heapauxi.o
         0          0          0          0          0          0   indicate_semi.o
         2          0          0          0          0          0   libinit.o
         2          0          0          0          0          0   libinit2.o
         2          0          0          0          0          0   libshutdown.o
         2          0          0          0          0          0   libshutdown2.o
         8          4          0          0         96         68   libspace.o
        40          6          0          0          0         84   noretval__2sprintf.o
         8          4          0          0          0         68   rt_errno_addr_intlibspace.o
         2          0          0          0          0          0   rtexit.o
        10          0          0          0          0          0   rtexit2.o
        62          0          0          0          0         76   strlen.o
        12          4          0          0          0         68   sys_exit.o
        74          0          0          0          0         80   sys_stackheap_outer.o
         2          0          0          0          0         68   use_no_semi.o
        98          4          0          0          0         92   d2f.o
       826         16          0          0          0        348   daddsub_clz.o
        16          4          0          0          0         68   dcheck1.o
        24          0          0          0          0         68   dcmpi.o
       688        140          0          0          0        208   ddiv.o
       120          4          0          0          0         92   deqf.o
        94          4          0          0          0         92   dfix.o
        84          0          0          0          0        136   dflt_clz.o
       120          4          0          0          0         92   dleqf.o
       340         12          0          0          0        104   dmul.o
       156          4          0          0          0         92   dnaninf.o
        12          0          0          0          0         68   dretinf.o
       108          0          0          0          0         80   drleqf.o
       460         56          0          0          0        120   dsqrt_noumaal.o
       430          8          0          0          0        168   faddsub_clz.o
        24          0          0          0          0         68   fcmpi.o
       388         76          0          0          0         96   fdiv.o
        38          0          0          0          0         68   fflt_clz.o
       104          4          0          0          0         84   fleqf.o
       140          4          0          0          0         84   fnaninf.o
        10          0          0          0          0         68   fretinf.o
        98          0          0          0          0         68   frleqf.o
       100          0          0          0          0         68   retnan.o
        92          0          0          0          0         68   scalbn.o
        48          0          0          0          0         68   trapv.o
         0          0          0          0          0          0   usenofp.o
        34          6          0          0          0        204   dunder.o
        40          0          0          0          0         68   fpclassify.o
       170          0          0          0          0         96   poly.o
       904         76        200          0          0        140   rred.o
        76          0          0          0          0         84   sqrt.o
       100         10          0          0          0         96   tan.o
       636         50         96          0          0        168   tan_i.o

    ----------------------------------------------------------------------
      7534        530        296          0         96       4764   Library Totals
        18          0          0          0          0          0   (incl. Padding)

    ----------------------------------------------------------------------

      Code (inc. data)   RO Data    RW Data    ZI Data      Debug   Library Name

       938         48          0          0         96       1340   c_w.l
      4618        340          0          0          0       2568   fz_ws.l
      1960        142        296          0          0        856   m_ws.l

    ----------------------------------------------------------------------
      7534        530        296          0         96       4764   Library Totals

    ----------------------------------------------------------------------

==============================================================================


      Code (inc. data)   RO Data    RW Data    ZI Data      Debug   

     26970       1566      13750        672      11872     438794   Grand Totals
     26970       1566      13750         88      11872     438794   ELF Image Totals (compressed)
     26970       1566      13750         88          0          0   ROM Totals

==============================================================================

    Total RO  Size (Code + RO Data)                40720 (  39.77kB)
    Total RW  Size (RW Data + ZI Data)             12544 (  12.25kB)
    Total ROM Size (Code + RO Data + RW Data)      40808 (  39.85kB)

==============================================================================

